Theorem 6 (Brooks). Let G be a connected graph of maximum degree at
most ∆. If G is not ∆-colorable, then either G = K∆+1 , or ∆ = 2 and G is
an odd cycle.
A degree assignment to a graph G is a list assignment such that |L(v)| ≥
deg(v) for all v ∈ V (G).
Lemma 7. Let G be a connected graph and let L be a degree assignment for
G. If G is not L-colorable, then |L(v)| = deg(v) for all v ∈ V (G).
Proof. If |L(v)| > deg(v), then let v1 , . . . , vn be a listing of vertices of G in
non-increasing order according to their distance from v; hence, vn = v and
for 1 ≤ i ≤ n − 1, the vertex vi has a neighbor vj with j > i (the neighbor
of vi on a shortest path from vi to v). Let us greedily L-color v1 , . . . , vn in
order. For 1 ≤ i ≤ n − 1, at least one neighbor of vi has not been colored yet,
and thus at most deg(vi ) − 1 < |L(vi )| colors need to be avoided. At vn , at
most deg(vn ) < |L(vn )| colors need to be avoided. Hence, in both cases, we
can give vi a color from its list different from the colors of its neighbors.
Corollary 8. Let G be a connected graph and let L be a degree assignment
for G. If G is not L-colorable, uv ∈ E(G) and u is not a cutvertex in G,
then L(u) ⊆ L(v).
Proof. Otherwise, there exists a color c ∈ L(u) \ L(v). Let G0 = G − u;
since u is not a cutvertex, G0 is connected. Let L0 (x) = L(x) \ {c} for all
neighbors x of u and L0 (x) = L(x) for all non-neighbors x. Note that the list
size decreases only for neighbors x of u for which degG0 (x) = degG (x) − 1,
and thus L0 is a degree assignment for G0 . Furthermore, |L0 (v)| = |L(v)| ≥
degG (v) > degG0 (v), and thus G0 is L0 -colorable by Lemma 7. We can extend
this coloring to an L-coloring of G by giving v color c.
Note that if neither u nor v is a cutvertex, then Corollary 8 implies
L(u) ⊆ L(v) and L(v) ⊆ L(u), and thus L(u) = L(v).
Corollary 9. Let G be a 2-connected graph and let L be a degree assignment
for G. Then G is not L-colorable if and only if G is a clique or an odd cycle
and all vertices of G have the same list of length equal to the degree of vertices
of G.
Proof. The “if” part is trivial. For the “only if” part, suppose that G is
not L-colorable. Since G is 2-connected, Corollary 8 implies that any two
adjacent vertices of G have the same list, and consequently all the vertices
of G have the same list, say {1, . . . , d}, where d ≤ ∆(G). It follows that G
is not d-colorable, and thus either G = Kd+1 or d = 2 and G is an odd cycle
by Theorem 6.
5

A Gallai tree is a connected graph T such that every 2-connected block
of T is either a clique or an odd cycle. Suppose B1 , . . . , Bk are the blocks of
a Gallai tree T , and let S1 , . . . , Sk be sets of colors satisfying the following
conditions:
• For 1 ≤ i ≤ k, if Bi is a clique, then |Si | = |V (Bi )| − 1, and if Bi is an
odd cycle, then |Si | = 2.
• For 1 ≤ i < j ≤ k, if Bi ∩ Bj 6= ∅, then Si ∩ Sj = ∅.
S
For v ∈ V (T ), let L(v) = v∈Bi Si . If a list assignment L can be expressed
in this way, we say that L is a blockwise uniform assignment for T .
Theorem 10 (Gallai). Let G be a connected graph and let L be a degree
assignment for G. Then G is not L-colorable if and only if G is a Gallai tree
and L is blockwise uniform.
Proof. It is easy to see that a Gallai tree cannot be colored from a blockwise
uniform assignment, and thus it suffices to prove the “only if” part. We do
the proof by induction on the number of vertices of G.
By Corollary 9, the claim holds when G is 2-connected. Hence, suppose
that G is not 2-connected. First, we prove that G is a Gallai tree. Let B be
a block of G. Since G is not 2-connected, there exists a leaf block B 0 of G
distinct from B. Let v be a vertex of B 0 which is not a cutvertex, and let
G0 = G − v. Let c be any color in L(v) and let L0 (x) = L(x) \ {c} for all
neighbors x of v and L0 (x) = L(x) for all other vertices x of G0 . Note that
L0 is a degree assignment for G0 and that G0 is not L0 -colorable, as otherwise
we can extend the coloring to an L-coloring of G by giving v the color c. By
the induction hypothesis, G0 is a Gallai tree. Note that B is also a block of
G0 , and thus B is a clique or an odd cycle. As the choice of B was arbitrary,
all blocks of G are cliques or odd cycles, and thus G is a Gallai tree.
Let B1 , . . . , Bk be the blocks of G, where without loss of generality Bk
is a leaf block. Let z be the cutvertex of Bk and let v be any other vertex of
Bk , and let Sk = L(v); by Corollary 8, we conclude that all non-cut vertices
of Bk have list Sk , and Sk ⊆ L(z). By Lemma 7, if Bk is a clique then |Sk | =
|Bk | − 1, and if Bk is an odd cycle, then |Sk | = 2. Let G0 = B1 ∪ . . . ∪ Bk−1 ,
let L0 (x) = L(x) for x ∈ V (G0 ) \ {z} and L0 (z) = L(z) \ Sk . Note that L0
is a degree assignment for G0 and that G0 is not L0 -colorable, as otherwise
the coloring would extend to an L-coloring of G by using the colors in Sk to
color Bk − z. By the induction hypothesis, L0 is blockwise uniform as shown
by sets S1 , . . . , Sk−1 . But then the sets S1 , . . . , Sk−1 , Sk show that L is
blockwise uniform.
6

