{
  "BASE": "dc8e9aa7d6fccb51f63d30aa3f9c132296d44744",
  "base_inputs": [
    {
      "final_sha256": "ec136bf8c774c170af76054dda2e33ffdfd2c9c951d0e91a7ab2d30749146a4e",
      "initial_sha256": "ec136bf8c774c170af76054dda2e33ffdfd2c9c951d0e91a7ab2d30749146a4e",
      "path": "artifacts/c5_excess_one_e2/REPORT.md",
      "zero_byte_drift": true
    },
    {
      "final_sha256": "73ed652a55b159a44eb6da4608f11537efc0d43603128094101ef044a96b2cd3",
      "initial_sha256": "73ed652a55b159a44eb6da4608f11537efc0d43603128094101ef044a96b2cd3",
      "path": "artifacts/c5_excess_two_e3/REPORT.md",
      "zero_byte_drift": true
    },
    {
      "final_sha256": "5ef7008a28c58de5d0299eeecee64e139c3b99a3d82027c38d8f5a121510db4f",
      "initial_sha256": "5ef7008a28c58de5d0299eeecee64e139c3b99a3d82027c38d8f5a121510db4f",
      "path": "artifacts/c5_excess_two_e3/nonadjacent_notes.md",
      "zero_byte_drift": true
    },
    {
      "final_sha256": "a76d4ef7fa2451b34c68aea72ad18a400203ee50295a4eacaa6a2f645daa15eb",
      "initial_sha256": "a76d4ef7fa2451b34c68aea72ad18a400203ee50295a4eacaa6a2f645daa15eb",
      "path": "artifacts/c5_excess_two_e4/CORE_CONSTRAINTS.md",
      "zero_byte_drift": true
    },
    {
      "final_sha256": "bb0f4be0ef300e1ecb3ff0e417996f744bccbb65dc32b8f8aaaa843ff054a0fc",
      "initial_sha256": "bb0f4be0ef300e1ecb3ff0e417996f744bccbb65dc32b8f8aaaa843ff054a0fc",
      "path": "artifacts/c5_excess_two_e4/REPORT.md",
      "zero_byte_drift": true
    },
    {
      "final_sha256": "85a79d1a67ca5fbea4b2236053c7bb0176068deadd2bbc445f9b26f0d9f7b5f5",
      "initial_sha256": "85a79d1a67ca5fbea4b2236053c7bb0176068deadd2bbc445f9b26f0d9f7b5f5",
      "path": "artifacts/c5_excess_two_e4c/REPORT.md",
      "zero_byte_drift": true
    },
    {
      "final_sha256": "1ed7f06f36d1dcf8ee61c8121b3586aa79d8f0b61a619043dfaf73c445ac6cbc",
      "initial_sha256": "1ed7f06f36d1dcf8ee61c8121b3586aa79d8f0b61a619043dfaf73c445ac6cbc",
      "path": "artifacts/c5_excess_two_e4c/controls/NA6-0001.json",
      "zero_byte_drift": true
    },
    {
      "final_sha256": "d4971d6f4585f4699e6d324976cebccd2d76732213a2ea1bde324d6a361de9e1",
      "initial_sha256": "d4971d6f4585f4699e6d324976cebccd2d76732213a2ea1bde324d6a361de9e1",
      "path": "artifacts/c5_excess_two_e4c/controls/NA6-0002.json",
      "zero_byte_drift": true
    },
    {
      "final_sha256": "22a037db5d85e22ad3fe51b18744160bf895d9630afaee51a69edc739bd439ad",
      "initial_sha256": "22a037db5d85e22ad3fe51b18744160bf895d9630afaee51a69edc739bd439ad",
      "path": "artifacts/c5_excess_two_e4c/controls/NA6-0003.json",
      "zero_byte_drift": true
    },
    {
      "final_sha256": "fcc7c98390de120c01c08b0b19103e84f26f196a559d211ba6ccc6bdb5a8331a",
      "initial_sha256": "fcc7c98390de120c01c08b0b19103e84f26f196a559d211ba6ccc6bdb5a8331a",
      "path": "artifacts/c5_excess_two_e4c/controls/NA7-0001.json",
      "zero_byte_drift": true
    },
    {
      "final_sha256": "0a3d5e72a95dbbcc1b07a4c6d15e570c46988c8dd31bc4349ac3029c825a2682",
      "initial_sha256": "0a3d5e72a95dbbcc1b07a4c6d15e570c46988c8dd31bc4349ac3029c825a2682",
      "path": "artifacts/c5_excess_two_e4c/controls/NA7-0002.json",
      "zero_byte_drift": true
    },
    {
      "final_sha256": "0cb8365c59f3755d25e04d98938dd3f190dc245e34a6d1cb4aa8cc66f924792a",
      "initial_sha256": "0cb8365c59f3755d25e04d98938dd3f190dc245e34a6d1cb4aa8cc66f924792a",
      "path": "artifacts/c5_excess_two_e4c/controls/NA8-0001.json",
      "zero_byte_drift": true
    },
    {
      "final_sha256": "d7f6419be8c54ef047e2e5d4bdcd08d1107d21ae5ce4b069c6c6bf6a920beece",
      "initial_sha256": "d7f6419be8c54ef047e2e5d4bdcd08d1107d21ae5ce4b069c6c6bf6a920beece",
      "path": "artifacts/c5_excess_two_e4c/controls/NA8-0002.json",
      "zero_byte_drift": true
    },
    {
      "final_sha256": "eb714bf0e19b5a7ecee766637beb84144ec98c478097b7ebf6e1d8465f41ea16",
      "initial_sha256": "eb714bf0e19b5a7ecee766637beb84144ec98c478097b7ebf6e1d8465f41ea16",
      "path": "artifacts/c5_excess_two_e4c/controls/NA8-0003.json",
      "zero_byte_drift": true
    },
    {
      "final_sha256": "3e4a58333df173d93571819f9c467cced0a3e24c0cfdb5ab0c2394824ab39fc8",
      "initial_sha256": "3e4a58333df173d93571819f9c467cced0a3e24c0cfdb5ab0c2394824ab39fc8",
      "path": "artifacts/c5_excess_two_e4c/controls/NA8-0004.json",
      "zero_byte_drift": true
    },
    {
      "final_sha256": "68a4a4a561236cd5a826d0707a951fc39ca72e216fb9d01f31d2d120088b68aa",
      "initial_sha256": "68a4a4a561236cd5a826d0707a951fc39ca72e216fb9d01f31d2d120088b68aa",
      "path": "artifacts/c5_excess_two_e4c/controls/NA8-0005.json",
      "zero_byte_drift": true
    },
    {
      "final_sha256": "276bc64d31f29b52eb34e7c97fd16d85b45a12daaad82837dfe9cb9f7665b07b",
      "initial_sha256": "276bc64d31f29b52eb34e7c97fd16d85b45a12daaad82837dfe9cb9f7665b07b",
      "path": "artifacts/c5_excess_two_e4c/controls/NA8-0006.json",
      "zero_byte_drift": true
    },
    {
      "final_sha256": "e00842edc855a5d9f47a3d0f6129cefb3be7602c77f2435e7028a6529a200d27",
      "initial_sha256": "e00842edc855a5d9f47a3d0f6129cefb3be7602c77f2435e7028a6529a200d27",
      "path": "artifacts/c5_excess_two_e4c/controls/NA8-0007.json",
      "zero_byte_drift": true
    },
    {
      "final_sha256": "43fc26ff8776a5e4bb05994aea30b6c4b24df65ef89c1bea78a9481d565933db",
      "initial_sha256": "43fc26ff8776a5e4bb05994aea30b6c4b24df65ef89c1bea78a9481d565933db",
      "path": "artifacts/c5_excess_two_e4c/controls/NA8-0008.json",
      "zero_byte_drift": true
    },
    {
      "final_sha256": "76bafbc1f805a4a63b07b56766333270275a33fc2422869c98c626a518e0e116",
      "initial_sha256": "76bafbc1f805a4a63b07b56766333270275a33fc2422869c98c626a518e0e116",
      "path": "artifacts/c5_excess_two_e4c/controls/NA8-0009.json",
      "zero_byte_drift": true
    },
    {
      "final_sha256": "9536381c313247a02b05809190cf2fab8ea3de538a82ecda743d86643f95c6cb",
      "initial_sha256": "9536381c313247a02b05809190cf2fab8ea3de538a82ecda743d86643f95c6cb",
      "path": "artifacts/c5_excess_two_e4c/controls/NA8-0010.json",
      "zero_byte_drift": true
    },
    {
      "final_sha256": "051797fe6789be656e9e145b3226f119f8225fcd4c16cb2fbb1d2da2f3dda14c",
      "initial_sha256": "051797fe6789be656e9e145b3226f119f8225fcd4c16cb2fbb1d2da2f3dda14c",
      "path": "artifacts/c5_excess_two_e4c/controls/NA8-0011.json",
      "zero_byte_drift": true
    },
    {
      "final_sha256": "1a914802bee8948cad70f9ed1adc73a65b7de9002d3df4143266d465c7febb68",
      "initial_sha256": "1a914802bee8948cad70f9ed1adc73a65b7de9002d3df4143266d465c7febb68",
      "path": "artifacts/c5_excess_two_e4c/controls/NA8-0012.json",
      "zero_byte_drift": true
    },
    {
      "final_sha256": "f99aad78a68d2bdce40f45f9807a2d5510153a2969e0ae496c65d80c26950382",
      "initial_sha256": "f99aad78a68d2bdce40f45f9807a2d5510153a2969e0ae496c65d80c26950382",
      "path": "artifacts/c5_excess_two_e4c/controls/NA8-0013.json",
      "zero_byte_drift": true
    },
    {
      "final_sha256": "69e9adec9d41f460ada8851bffd82075fefadcd87d1e78138b2d31ed0ee9fed9",
      "initial_sha256": "69e9adec9d41f460ada8851bffd82075fefadcd87d1e78138b2d31ed0ee9fed9",
      "path": "artifacts/c5_excess_two_e4c/controls/NA8-0014.json",
      "zero_byte_drift": true
    },
    {
      "final_sha256": "91bffe5287c69e779eca0aa6b6e5780bd01a27d79802aa3ac2c3082adbe389c6",
      "initial_sha256": "91bffe5287c69e779eca0aa6b6e5780bd01a27d79802aa3ac2c3082adbe389c6",
      "path": "artifacts/c5_excess_two_e4c/controls/NA8-0015.json",
      "zero_byte_drift": true
    },
    {
      "final_sha256": "157622ffca051967dafe92c23821028c65e2bd3e6289281050a5f5aeff285fde",
      "initial_sha256": "157622ffca051967dafe92c23821028c65e2bd3e6289281050a5f5aeff285fde",
      "path": "artifacts/c5_excess_two_e4c/controls/NA8-0016.json",
      "zero_byte_drift": true
    },
    {
      "final_sha256": "0bb09b92e4570931e3306ae0e044a726bd57681ec8d907b681367c1c24ea8eeb",
      "initial_sha256": "0bb09b92e4570931e3306ae0e044a726bd57681ec8d907b681367c1c24ea8eeb",
      "path": "artifacts/c5_excess_two_e4c/controls/NA8-0017.json",
      "zero_byte_drift": true
    },
    {
      "final_sha256": "ff98dfc4a201bdad95147e7208c690e9fb8a16ce4d21e7b524eae72ca94f18a7",
      "initial_sha256": "ff98dfc4a201bdad95147e7208c690e9fb8a16ce4d21e7b524eae72ca94f18a7",
      "path": "artifacts/c5_excess_two_e4c/controls/NA8-0018.json",
      "zero_byte_drift": true
    },
    {
      "final_sha256": "04db119207b1309c101c2415ed75caf04eafc55902994d2227347652fdc1d9e3",
      "initial_sha256": "04db119207b1309c101c2415ed75caf04eafc55902994d2227347652fdc1d9e3",
      "path": "artifacts/c5_excess_two_e4c/controls/NA8-0019.json",
      "zero_byte_drift": true
    },
    {
      "final_sha256": "a345e40562d0f93da53250b84251ae689217e97f8ec6d064807b29bef89dfa68",
      "initial_sha256": "a345e40562d0f93da53250b84251ae689217e97f8ec6d064807b29bef89dfa68",
      "path": "artifacts/c5_excess_two_e4c/controls/NA8-0020.json",
      "zero_byte_drift": true
    },
    {
      "final_sha256": "a9cdc709f1f1c961286297863696aca52b7110e5ba980f83bfb2bb94c595014f",
      "initial_sha256": "a9cdc709f1f1c961286297863696aca52b7110e5ba980f83bfb2bb94c595014f",
      "path": "artifacts/c5_excess_two_e4c/controls/NA8-0021.json",
      "zero_byte_drift": true
    },
    {
      "final_sha256": "dd8fe080f64231140715953bb3a7b88a94fe676636c5b7974262177ce096bac2",
      "initial_sha256": "dd8fe080f64231140715953bb3a7b88a94fe676636c5b7974262177ce096bac2",
      "path": "artifacts/c5_excess_two_e4c/controls/NA8-0022.json",
      "zero_byte_drift": true
    },
    {
      "final_sha256": "3128233a63becf745f1cbaea8fe14e7c45af6c9bc975471824e440823b596f3d",
      "initial_sha256": "3128233a63becf745f1cbaea8fe14e7c45af6c9bc975471824e440823b596f3d",
      "path": "artifacts/c5_excess_two_e4c/controls/NA9-0001.json",
      "zero_byte_drift": true
    },
    {
      "final_sha256": "c770364ed40fc2d162704bd658814d46f89e46b7a2dd49d14e27619daf748cb2",
      "initial_sha256": "c770364ed40fc2d162704bd658814d46f89e46b7a2dd49d14e27619daf748cb2",
      "path": "artifacts/c5_excess_two_e4c/controls/NA9-0002.json",
      "zero_byte_drift": true
    },
    {
      "final_sha256": "e9081a9aa146c43f540395dde0d77353cf45d138c088dbe7becadef492a25db8",
      "initial_sha256": "e9081a9aa146c43f540395dde0d77353cf45d138c088dbe7becadef492a25db8",
      "path": "artifacts/c5_excess_two_e4c/controls/NA9-0003.json",
      "zero_byte_drift": true
    },
    {
      "final_sha256": "1740ee6f4708bc665cbc25008dacc64afbf050c4b27523120d116bb0bbd5842a",
      "initial_sha256": "1740ee6f4708bc665cbc25008dacc64afbf050c4b27523120d116bb0bbd5842a",
      "path": "artifacts/c5_excess_two_e4c/controls/NA9-0004.json",
      "zero_byte_drift": true
    },
    {
      "final_sha256": "da2ea5bc40cca6ee2d900916a2d9dd5871b856c0960ce6e80dbe168a09c2d3de",
      "initial_sha256": "da2ea5bc40cca6ee2d900916a2d9dd5871b856c0960ce6e80dbe168a09c2d3de",
      "path": "artifacts/c5_excess_two_e4c/controls/NA9-0005.json",
      "zero_byte_drift": true
    },
    {
      "final_sha256": "85fa36b9d1baa4ae5888a0a14792c98486a263b775cb9ff4a812ef0fa21bf124",
      "initial_sha256": "85fa36b9d1baa4ae5888a0a14792c98486a263b775cb9ff4a812ef0fa21bf124",
      "path": "artifacts/c5_excess_two_e4c/controls/NA9-0006.json",
      "zero_byte_drift": true
    },
    {
      "final_sha256": "ef81749926852e58921951a7fb572d0bd4975d297f67ff82085ca83e2fda29ce",
      "initial_sha256": "ef81749926852e58921951a7fb572d0bd4975d297f67ff82085ca83e2fda29ce",
      "path": "artifacts/c5_excess_two_e4c/controls/NA9-0007.json",
      "zero_byte_drift": true
    },
    {
      "final_sha256": "2352bec8d10309226ef091dab10862d60bc8ace9e51fe97342e634b15502f182",
      "initial_sha256": "2352bec8d10309226ef091dab10862d60bc8ace9e51fe97342e634b15502f182",
      "path": "artifacts/c5_excess_two_e4c/controls/NA9-0008.json",
      "zero_byte_drift": true
    },
    {
      "final_sha256": "398c0ef8ef0e6efc7824b8afd2c31a86aeaef72bccbaf88dc9106c13b689de8d",
      "initial_sha256": "398c0ef8ef0e6efc7824b8afd2c31a86aeaef72bccbaf88dc9106c13b689de8d",
      "path": "artifacts/c5_excess_two_e4c/controls/NA9-0009.json",
      "zero_byte_drift": true
    },
    {
      "final_sha256": "223c66016be7542e70909c01429b05953f3d69b5fc659015b23e8f16af2c3502",
      "initial_sha256": "223c66016be7542e70909c01429b05953f3d69b5fc659015b23e8f16af2c3502",
      "path": "artifacts/c5_excess_two_e4c/controls/NA9-0010.json",
      "zero_byte_drift": true
    },
    {
      "final_sha256": "bb450e51a77b7c1e37396fb190f587fe66f0e257421f2d9755b970c7997074af",
      "initial_sha256": "bb450e51a77b7c1e37396fb190f587fe66f0e257421f2d9755b970c7997074af",
      "path": "artifacts/c5_excess_two_e4c/controls/NA9-0011.json",
      "zero_byte_drift": true
    },
    {
      "final_sha256": "6ad5eac5b5f7929017f65194349db382d2f935ec771c277a536e1c4626283fc3",
      "initial_sha256": "6ad5eac5b5f7929017f65194349db382d2f935ec771c277a536e1c4626283fc3",
      "path": "artifacts/c5_excess_two_e4c/controls/NA9-0012.json",
      "zero_byte_drift": true
    },
    {
      "final_sha256": "0ae42bb9c98843793606f06e500b1dc7daec2a456fed5d1149bd34fcd5e7317e",
      "initial_sha256": "0ae42bb9c98843793606f06e500b1dc7daec2a456fed5d1149bd34fcd5e7317e",
      "path": "artifacts/c5_excess_two_e4c/controls/NA9-0013.json",
      "zero_byte_drift": true
    },
    {
      "final_sha256": "aee1adda0cc85023a5e033ad6a4df0e3ffa8a2c44f938ed3d5b5bcb7b0b1e669",
      "initial_sha256": "aee1adda0cc85023a5e033ad6a4df0e3ffa8a2c44f938ed3d5b5bcb7b0b1e669",
      "path": "artifacts/c5_excess_two_e4c/controls/NA9-0014.json",
      "zero_byte_drift": true
    },
    {
      "final_sha256": "58e8d770d1b94617f1c9491e632ac50ba476d59ffbd10f1df685deb7ce39f846",
      "initial_sha256": "58e8d770d1b94617f1c9491e632ac50ba476d59ffbd10f1df685deb7ce39f846",
      "path": "artifacts/c5_excess_two_e4c/controls/NA9-0015.json",
      "zero_byte_drift": true
    },
    {
      "final_sha256": "55448f51840f0b2b62eab3bdfb1996868694609a720035d27141cddcd8153468",
      "initial_sha256": "55448f51840f0b2b62eab3bdfb1996868694609a720035d27141cddcd8153468",
      "path": "artifacts/c5_excess_two_e4c/controls/NA9-0016.json",
      "zero_byte_drift": true
    },
    {
      "final_sha256": "0aa74bd8bc1c61757d2e70a959663cf46dc9dc23a73023f25d457fb75dd0869f",
      "initial_sha256": "0aa74bd8bc1c61757d2e70a959663cf46dc9dc23a73023f25d457fb75dd0869f",
      "path": "artifacts/c5_excess_two_e4c/controls/NA9-0017.json",
      "zero_byte_drift": true
    },
    {
      "final_sha256": "7c6353cca096f135b7af337de5ebfccb443f68e3e04580b1befc3b8c46b672df",
      "initial_sha256": "7c6353cca096f135b7af337de5ebfccb443f68e3e04580b1befc3b8c46b672df",
      "path": "artifacts/c5_excess_two_e4c/controls/NA9-0018.json",
      "zero_byte_drift": true
    },
    {
      "final_sha256": "4c53488911efbdbc57d48c1d22050e08bf1bcf0589721c9c3ed99266493dc4af",
      "initial_sha256": "4c53488911efbdbc57d48c1d22050e08bf1bcf0589721c9c3ed99266493dc4af",
      "path": "artifacts/c5_excess_two_e4c/controls/NA9-0019.json",
      "zero_byte_drift": true
    },
    {
      "final_sha256": "a59ba82c1387c65ac9a625fb07bbcedcbc75ea06fdcaa382ccb59c49e3575473",
      "initial_sha256": "a59ba82c1387c65ac9a625fb07bbcedcbc75ea06fdcaa382ccb59c49e3575473",
      "path": "artifacts/c5_excess_two_e4c/controls/NA9-0020.json",
      "zero_byte_drift": true
    },
    {
      "final_sha256": "ff7816340808b263bbc4945d98da889b5496a5d10051dbf85a94342a7bf1c231",
      "initial_sha256": "ff7816340808b263bbc4945d98da889b5496a5d10051dbf85a94342a7bf1c231",
      "path": "artifacts/c5_excess_two_e4c/controls/NA9-0021.json",
      "zero_byte_drift": true
    },
    {
      "final_sha256": "808ed886aabe4fed366c986b1ec8bf9b597a78b88ee9caf0213b13406e3b2ecb",
      "initial_sha256": "808ed886aabe4fed366c986b1ec8bf9b597a78b88ee9caf0213b13406e3b2ecb",
      "path": "artifacts/c5_excess_two_e4c/controls/NA9-0022.json",
      "zero_byte_drift": true
    },
    {
      "final_sha256": "d2e31a967d203ed9f4dab07c92de9700499312848dea73bb5013e46ce10b1c80",
      "initial_sha256": "d2e31a967d203ed9f4dab07c92de9700499312848dea73bb5013e46ce10b1c80",
      "path": "artifacts/c5_excess_two_e4c/controls/NA9-0023.json",
      "zero_byte_drift": true
    },
    {
      "final_sha256": "fc223b9770f1920c9f3ca3b507587e695daece5407c4078289b2edbf65880a4f",
      "initial_sha256": "fc223b9770f1920c9f3ca3b507587e695daece5407c4078289b2edbf65880a4f",
      "path": "artifacts/c5_excess_two_e4c/controls/NA9-0024.json",
      "zero_byte_drift": true
    },
    {
      "final_sha256": "02b2f09e699f1c90fbc4029d8c4d77c6d424859bbc37af0665ecd76002633b8b",
      "initial_sha256": "02b2f09e699f1c90fbc4029d8c4d77c6d424859bbc37af0665ecd76002633b8b",
      "path": "artifacts/c5_excess_two_e4c/controls/NA9-0025.json",
      "zero_byte_drift": true
    },
    {
      "final_sha256": "420584623ff501ac098feec827130fa68607e84b706271afc7405a12b206710b",
      "initial_sha256": "420584623ff501ac098feec827130fa68607e84b706271afc7405a12b206710b",
      "path": "artifacts/c5_excess_two_e4c/controls/NA9-0026.json",
      "zero_byte_drift": true
    },
    {
      "final_sha256": "b77bbd52aefe1db63c8b6016171d5270a8756172c8fbf1898c357f052f2d2e97",
      "initial_sha256": "b77bbd52aefe1db63c8b6016171d5270a8756172c8fbf1898c357f052f2d2e97",
      "path": "artifacts/c5_excess_two_e4c/controls/NA9-0027.json",
      "zero_byte_drift": true
    },
    {
      "final_sha256": "56127650d8722114a61a57122412f5345f00c9feb69d34ebb532ca46c185778e",
      "initial_sha256": "56127650d8722114a61a57122412f5345f00c9feb69d34ebb532ca46c185778e",
      "path": "artifacts/c5_excess_two_e4c/summary.json",
      "zero_byte_drift": true
    },
    {
      "final_sha256": "40214801431719f88f6a808bc9c2f74ed0ec3044a5c555cac0a99678af105ac3",
      "initial_sha256": "40214801431719f88f6a808bc9c2f74ed0ec3044a5c555cac0a99678af105ac3",
      "path": "docs/DOCUMENTATION.md",
      "zero_byte_drift": true
    },
    {
      "final_sha256": "3a5f57439de95350fc322ab6a9a7062782a7fcb7b293e4563e1cae2f65d9299f",
      "initial_sha256": "3a5f57439de95350fc322ab6a9a7062782a7fcb7b293e4563e1cae2f65d9299f",
      "path": "docs/HANDOFF.md",
      "zero_byte_drift": true
    },
    {
      "final_sha256": "e984b3f7b29d006d73a65ee7456337f4eb0d6f58ccae71e247182eb2acf6a0c1",
      "initial_sha256": "e984b3f7b29d006d73a65ee7456337f4eb0d6f58ccae71e247182eb2acf6a0c1",
      "path": "docs/STATUS.md",
      "zero_byte_drift": true
    },
    {
      "final_sha256": "fa326592f94cca6e941346b0b1c90086e1d75042168102990f4ed7c64b190dc5",
      "initial_sha256": "fa326592f94cca6e941346b0b1c90086e1d75042168102990f4ed7c64b190dc5",
      "path": "docs/c5_degree5_tree_components.md",
      "zero_byte_drift": true
    },
    {
      "final_sha256": "f3d9ff53bddcb391ef9a85eb2108fbe152e0a249e1ef1dde2b3882634916fca0",
      "initial_sha256": "f3d9ff53bddcb391ef9a85eb2108fbe152e0a249e1ef1dde2b3882634916fca0",
      "path": "docs/c5_excess_two_nonadjacent_two_mixed_core44.md",
      "zero_byte_drift": true
    },
    {
      "final_sha256": "d9f3584be4e97ba6d5ce3f4c0efabbf483ec351b5ebe9403cfb44a94e6d90092",
      "initial_sha256": "d9f3584be4e97ba6d5ce3f4c0efabbf483ec351b5ebe9403cfb44a94e6d90092",
      "path": "docs/c5_kempe_guide.md",
      "zero_byte_drift": true
    },
    {
      "final_sha256": "6798d5b2a9cb137bfb82a9873d1786ed782a8eea3c1163b443bc52d722c1bc8a",
      "initial_sha256": "6798d5b2a9cb137bfb82a9873d1786ed782a8eea3c1163b443bc52d722c1bc8a",
      "path": "docs/c5_phase_b_common_lemmas.md",
      "zero_byte_drift": true
    },
    {
      "final_sha256": "c4039e805abcc94a6a8c824ba38e5858420535c5c5528e3bf43aec5721c8e082",
      "initial_sha256": "c4039e805abcc94a6a8c824ba38e5858420535c5c5528e3bf43aec5721c8e082",
      "path": "docs/c5_unary_shield_budget.md",
      "zero_byte_drift": true
    },
    {
      "final_sha256": "405f905f874b11be08f8d552b2dd404dc8a5d4b5d693e684993ad41754c3a8f7",
      "initial_sha256": "405f905f874b11be08f8d552b2dd404dc8a5d4b5d693e684993ad41754c3a8f7",
      "path": "scripts/c5_phase_b_controls.py",
      "zero_byte_drift": true
    }
  ],
  "controller_input": [
    {
      "final_sha256": "61e86ffcd92261dade380f089149b2066679a5d7ca7f20a635f82f36d813b54d",
      "initial_sha256": "941c3a46a62c9023a47d09369865a05b8218a5f0445431e19e4c602caf3cfe46",
      "path": "docs/STATUS.md",
      "role": "concurrent routing only, excluded from BASE mathematics",
      "zero_byte_drift": false
    },
    {
      "final_sha256": "56270572ac569fdbc672c277bd0a42b206a284523789011421a4fb12883e4cb6",
      "initial_sha256": "bb55300bc1e7de25075b5d44767f6d0ab83f0e692bbfc28bd389016d9dae1fd0",
      "path": "docs/c5_kempe_guide.md",
      "role": "concurrent routing only, excluded from BASE mathematics",
      "zero_byte_drift": false
    },
    {
      "final_sha256": "12336eb80de6565ab5872652be5902b5efccd42dc8c37dbe78cbaf3e05d0d7ea",
      "initial_sha256": "f8a3273a8342e54fce8499f8f745fe72f64fb1c60c2d6861219087f1f0b1a135",
      "path": "docs/history/2026-10-09-n2-45-54-parallel-tasks.md",
      "role": "concurrent routing only, excluded from BASE mathematics",
      "zero_byte_drift": false
    }
  ],
  "external_input": [
    {
      "final_sha256": "50e998fcb016418698ef31b932c6c2e728007f5e3b3348b93744781196ac1aea",
      "initial_sha256": "50e998fcb016418698ef31b932c6c2e728007f5e3b3348b93744781196ac1aea",
      "path": "gallai.pdf",
      "zero_byte_drift": true
    }
  ],
  "main_HEAD": "dc8e9aa7d6fccb51f63d30aa3f9c132296d44744",
  "main_status": "## main...origin/main\n M docs/STATUS.md\n M docs/c5_kempe_guide.md\n?? audits/2026-10-09-n45-a/\n?? audits/2026-10-09-n45-j-supervision/\n?? audits/2026-10-09-n45-j/\n?? audits/2026-10-09-n45-s/\n?? audits/2026-10-09-n45-u/\n?? docs/history/2026-10-09-n2-45-54-parallel-tasks.md\n",
  "routing_drift_preserved": 3,
  "scope": "all authored outputs confined to this task directory; source worktree files unchanged",
  "source_HEAD": "dc8e9aa7d6fccb51f63d30aa3f9c132296d44744",
  "source_status": ""
}
