{
  "checked_targets": [
    "checker.py",
    "certificate-final.json",
    "inputs.json",
    "checks.json",
    "residual.json",
    "source/artifacts/c5_excess_two_e3/nonadjacent_notes.md#5-每列-q-core-的完整原省略分類",
    "source/artifacts/c5_excess_two_e4/REPORT.md#6-完整原-relation-的參數化交付與-core-身份",
    "source/artifacts/c5_excess_two_e4/CORE_CONSTRAINTS.md#2-n1unit-side-derivative-不必預填-criticality",
    "source/artifacts/c5_excess_one_e2/REPORT.md",
    "source/artifacts/c5_excess_two_e4/REPORT.md#41-新引理-n-diagonal只指定-nc-的局部-list-版本",
    "source/docs/c5_unary_shield_budget.md",
    "source/docs/c5_phase_b_common_lemmas.md#21-b-s0有原見證的共同盾弧排除準則",
    "source/docs/c5_phase_b_common_lemmas.md#32-b-c2任意两自由roots的條件逐欄容量定理",
    "source/docs/c5_excess_two_nonadjacent_two_mixed_core44.md#2-原支援下界盾弧與新的三-spoke收窄",
    "gallai.pdf",
    "residual.json",
    "certificate.json"
  ],
  "errors": [],
  "deferred_until_exclusive_checks_creation": [
    "checks.json"
  ]
}
