[
  {
    "command": [
      "git",
      "diff",
      "--no-index",
      "--check",
      "--",
      "/dev/null",
      "audits/2026-10-09-n45-u/REPORT.md"
    ],
    "exit": 1,
    "output": ""
  },
  {
    "command": [
      "git",
      "diff",
      "--no-index",
      "--check",
      "--",
      "/dev/null",
      "audits/2026-10-09-n45-u/certificate-final.json"
    ],
    "exit": 1,
    "output": ""
  },
  {
    "command": [
      "git",
      "diff",
      "--no-index",
      "--check",
      "--",
      "/dev/null",
      "audits/2026-10-09-n45-u/certificate.json"
    ],
    "exit": 1,
    "output": ""
  },
  {
    "command": [
      "git",
      "diff",
      "--no-index",
      "--check",
      "--",
      "/dev/null",
      "audits/2026-10-09-n45-u/checker.py"
    ],
    "exit": 1,
    "output": ""
  },
  {
    "command": [
      "git",
      "diff",
      "--no-index",
      "--check",
      "--",
      "/dev/null",
      "audits/2026-10-09-n45-u/inputs.json"
    ],
    "exit": 1,
    "output": ""
  },
  {
    "command": [
      "git",
      "diff",
      "--no-index",
      "--check",
      "--",
      "/dev/null",
      "audits/2026-10-09-n45-u/residual.json"
    ],
    "exit": 1,
    "output": ""
  },
  {
    "command": [
      "git",
      "diff",
      "--check"
    ],
    "exit": 0,
    "output": ""
  }
]
