/home/ray/developer/ai/math-task-er-enumerator/scratch/er/plantri -pc1m1 -e3:5 -a 3 
1 polytopes written to stdout; cpu=0.00 sec
NA k=3 q=0 crit=0 crit_orbits=0 consistent=True brute=True
AD k=3 q=10 crit=10 crit_orbits=1 consistent=True brute=True
D6 k=3 q=0 crit=0 crit_orbits=0 consistent=True brute=True
/home/ray/developer/ai/math-task-er-enumerator/scratch/er/plantri -pc1m1 -e4:7 -a 4 
4 polytopes written to stdout; cpu=0.00 sec
NA k=4 q=0 crit=0 crit_orbits=0 consistent=True brute=True
AD k=4 q=80 crit=0 crit_orbits=0 consistent=True brute=True
D6 k=4 q=120 crit=120 crit_orbits=2 consistent=True brute=True
/home/ray/developer/ai/math-task-er-enumerator/scratch/er/plantri -pc1m1 -e5:9 -a 5 
22 polytopes written to stdout; cpu=0.00 sec
NA k=5 q=240 crit=0 crit_orbits=0 consistent=True brute=True
AD k=5 q=1140 crit=0 crit_orbits=0 consistent=True brute=True
D6 k=5 q=3120 crit=2040 crit_orbits=9 consistent=True brute=True
/home/ray/developer/ai/math-task-er-enumerator/scratch/er/plantri -pc1m1 -e6:11 -a 6 
171 polytopes written to stdout; cpu=0.00 sec
NA k=6 q=4320 crit=1440 crit_orbits=3 consistent=True brute=None
AD k=6 q=15600 crit=960 crit_orbits=2 consistent=True brute=None
D6 k=6 q=43200 crit=4800 crit_orbits=4 consistent=True brute=None
/home/ray/developer/ai/math-task-er-enumerator/scratch/er/plantri -pc1m1 -e7:13 -a 7 
1979 polytopes written to stdout; cpu=0.00 sec
NA k=7 q=112800 crit=3600 crit_orbits=2 consistent=True brute=None
AD k=7 q=325200 crit=2400 crit_orbits=1 consistent=True brute=None
D6 k=7 q=986400 crit=176400 crit_orbits=25 consistent=True brute=None
k=8 maps=10000 q_orbits={'NA': 22, 'AD': 79, 'D6': 75} elapsed=4.2s
k=8 maps=20000 q_orbits={'NA': 112, 'AD': 305, 'D6': 213} elapsed=6.9s
k=8 maps=30000 q_orbits={'NA': 268, 'AD': 444, 'D6': 385} elapsed=18.8s
/home/ray/developer/ai/math-task-er-enumerator/scratch/er/plantri -pc1m1 -e8:15 -a 8 
30564 polytopes written to stdout; cpu=0.02 sec
NA k=8 q=7027200 crit=316800 crit_orbits=22 consistent=True brute=None
AD k=8 q=8040600 crit=0 crit_orbits=0 consistent=True brute=None
D6 k=8 q=25426800 crit=2016000 crit_orbits=41 consistent=True brute=None
k=9 maps=10000 q_orbits={'NA': 6, 'AD': 3, 'D6': 0} elapsed=1.6s
k=9 maps=20000 q_orbits={'NA': 31, 'AD': 30, 'D6': 32} elapsed=2.6s
k=9 maps=30000 q_orbits={'NA': 31, 'AD': 31, 'D6': 72} elapsed=4.0s
k=9 maps=40000 q_orbits={'NA': 47, 'AD': 45, 'D6': 114} elapsed=5.4s
k=9 maps=50000 q_orbits={'NA': 57, 'AD': 49, 'D6': 118} elapsed=6.0s
k=9 maps=60000 q_orbits={'NA': 57, 'AD': 49, 'D6': 118} elapsed=6.6s
k=9 maps=70000 q_orbits={'NA': 57, 'AD': 58, 'D6': 130} elapsed=8.2s
k=9 maps=80000 q_orbits={'NA': 57, 'AD': 58, 'D6': 130} elapsed=8.7s
k=9 maps=90000 q_orbits={'NA': 351, 'AD': 208, 'D6': 194} elapsed=13.7s
k=9 maps=100000 q_orbits={'NA': 597, 'AD': 389, 'D6': 252} elapsed=19.9s
k=9 maps=110000 q_orbits={'NA': 931, 'AD': 534, 'D6': 345} elapsed=20.9s
k=9 maps=120000 q_orbits={'NA': 1080, 'AD': 716, 'D6': 549} elapsed=23.9s
k=9 maps=130000 q_orbits={'NA': 1080, 'AD': 716, 'D6': 555} elapsed=24.3s
k=9 maps=140000 q_orbits={'NA': 1333, 'AD': 845, 'D6': 629} elapsed=26.1s
k=9 maps=150000 q_orbits={'NA': 1357, 'AD': 866, 'D6': 679} elapsed=26.7s
k=9 maps=160000 q_orbits={'NA': 1375, 'AD': 869, 'D6': 687} elapsed=27.8s
k=9 maps=170000 q_orbits={'NA': 1375, 'AD': 877, 'D6': 692} elapsed=28.8s
k=9 maps=180000 q_orbits={'NA': 1409, 'AD': 879, 'D6': 729} elapsed=30.9s
k=9 maps=190000 q_orbits={'NA': 1409, 'AD': 887, 'D6': 729} elapsed=31.4s
k=9 maps=200000 q_orbits={'NA': 1409, 'AD': 887, 'D6': 729} elapsed=31.8s
k=9 maps=210000 q_orbits={'NA': 1409, 'AD': 887, 'D6': 735} elapsed=32.3s
k=9 maps=220000 q_orbits={'NA': 1409, 'AD': 887, 'D6': 735} elapsed=32.9s
k=9 maps=230000 q_orbits={'NA': 1419, 'AD': 902, 'D6': 743} elapsed=33.7s
k=9 maps=240000 q_orbits={'NA': 1532, 'AD': 1241, 'D6': 823} elapsed=38.8s
k=9 maps=250000 q_orbits={'NA': 1532, 'AD': 1292, 'D6': 823} elapsed=40.9s
k=9 maps=260000 q_orbits={'NA': 1540, 'AD': 1347, 'D6': 889} elapsed=44.5s
k=9 maps=270000 q_orbits={'NA': 1586, 'AD': 1384, 'D6': 981} elapsed=45.8s
k=9 maps=280000 q_orbits={'NA': 1678, 'AD': 1398, 'D6': 992} elapsed=46.8s
k=9 maps=290000 q_orbits={'NA': 1678, 'AD': 1398, 'D6': 992} elapsed=47.1s
k=9 maps=300000 q_orbits={'NA': 1678, 'AD': 1400, 'D6': 992} elapsed=47.6s
k=9 maps=310000 q_orbits={'NA': 1678, 'AD': 1401, 'D6': 1003} elapsed=48.1s
k=9 maps=320000 q_orbits={'NA': 1678, 'AD': 1401, 'D6': 1003} elapsed=48.5s
k=9 maps=330000 q_orbits={'NA': 1678, 'AD': 1401, 'D6': 1003} elapsed=48.8s
k=9 maps=340000 q_orbits={'NA': 1678, 'AD': 1401, 'D6': 1003} elapsed=49.2s
k=9 maps=350000 q_orbits={'NA': 1678, 'AD': 1401, 'D6': 1003} elapsed=49.5s
k=9 maps=360000 q_orbits={'NA': 1678, 'AD': 1401, 'D6': 1003} elapsed=49.9s
k=9 maps=370000 q_orbits={'NA': 1678, 'AD': 1401, 'D6': 1003} elapsed=50.2s
k=9 maps=380000 q_orbits={'NA': 1678, 'AD': 1401, 'D6': 1003} elapsed=50.6s
k=9 maps=390000 q_orbits={'NA': 1678, 'AD': 1401, 'D6': 1003} elapsed=51.0s
k=9 maps=400000 q_orbits={'NA': 1693, 'AD': 1406, 'D6': 1005} elapsed=51.6s
k=9 maps=410000 q_orbits={'NA': 1753, 'AD': 1466, 'D6': 1075} elapsed=53.3s
k=9 maps=420000 q_orbits={'NA': 1753, 'AD': 1466, 'D6': 1075} elapsed=53.8s
k=9 maps=430000 q_orbits={'NA': 1765, 'AD': 1471, 'D6': 1075} elapsed=54.2s
k=9 maps=440000 q_orbits={'NA': 1765, 'AD': 1471, 'D6': 1075} elapsed=54.5s
k=9 maps=450000 q_orbits={'NA': 1765, 'AD': 1471, 'D6': 1079} elapsed=54.9s
k=9 maps=460000 q_orbits={'NA': 1765, 'AD': 1471, 'D6': 1079} elapsed=55.3s
k=9 maps=470000 q_orbits={'NA': 1765, 'AD': 1471, 'D6': 1085} elapsed=55.6s
k=9 maps=480000 q_orbits={'NA': 1765, 'AD': 1471, 'D6': 1085} elapsed=56.0s
k=9 maps=490000 q_orbits={'NA': 1765, 'AD': 1472, 'D6': 1088} elapsed=56.4s
k=9 maps=500000 q_orbits={'NA': 1799, 'AD': 1497, 'D6': 1110} elapsed=62.9s
k=9 maps=510000 q_orbits={'NA': 1972, 'AD': 1619, 'D6': 1164} elapsed=91.3s
k=9 maps=520000 q_orbits={'NA': 1972, 'AD': 1619, 'D6': 1164} elapsed=92.6s
k=9 maps=530000 q_orbits={'NA': 1972, 'AD': 1619, 'D6': 1164} elapsed=94.4s
k=9 maps=540000 q_orbits={'NA': 2115, 'AD': 1767, 'D6': 1279} elapsed=104.7s
k=9 maps=550000 q_orbits={'NA': 2673, 'AD': 1950, 'D6': 1419} elapsed=116.1s
k=9 maps=560000 q_orbits={'NA': 2907, 'AD': 2162, 'D6': 1684} elapsed=129.6s
/home/ray/developer/ai/math-task-er-enumerator/scratch/er/plantri -pc1m1 -e9:17 -a 9 
563612 polytopes written to stdout; cpu=0.38 sec
NA k=9 q=304403400 crit=2721600 crit_orbits=27 consistent=True brute=None
AD k=9 q=224569800 crit=403200 crit_orbits=5 consistent=True brute=None
D6 k=9 q=732009600 crit=14112000 crit_orbits=35 consistent=True brute=None
