{
  "negative_controls": [
    {
      "case": "aggregate",
      "expected_checker_exit": 1,
      "evidence_graphs": 1,
      "passed": true,
      "output_directory": "/home/ray/developer/ai/math-task-er-enumerator/scratch/er/er-stop-aggregate-4w8mh2u3"
    },
    {
      "case": "invalid_domain",
      "expected_checker_exit": 1,
      "evidence_graphs": 2,
      "passed": true,
      "output_directory": "/home/ray/developer/ai/math-task-er-enumerator/scratch/er/er-stop-invalid_domain-gsupuck9"
    },
    {
      "case": "brute_payload",
      "expected_checker_exit": 1,
      "evidence_graphs": 1,
      "passed": true,
      "output_directory": "/home/ray/developer/ai/math-task-er-enumerator/scratch/er/er-stop-brute_payload-kabwtabs"
    }
  ]
}
