?? audits/2026-10-11-n45-s-long-s-direct/REPORT.md
?? audits/2026-10-11-n45-s-long-s-direct/SOURCE-MISMATCH-additional.json
?? audits/2026-10-11-n45-s-long-s-direct/checks.json
?? audits/2026-10-11-n45-s-long-s-direct/claims.json
?? audits/2026-10-11-n45-s-long-s-direct/delivery.json
?? audits/2026-10-11-n45-s-long-s-direct/execution-notes.json
?? audits/2026-10-11-n45-s-long-s-direct/external-read/README.md
?? audits/2026-10-11-n45-s-long-s-direct/external-read/gallai.txt
?? audits/2026-10-11-n45-s-long-s-direct/findings.json
?? audits/2026-10-11-n45-s-long-s-direct/finite-source-status.json
?? audits/2026-10-11-n45-s-long-s-direct/frozen/audits/2026-10-10-n45-s-long-contract/REPORT.md
?? audits/2026-10-11-n45-s-long-s-direct/frozen/audits/2026-10-10-n45-s-long-r-map/REPORT.md
?? audits/2026-10-11-n45-s-long-s-direct/frozen/docs/HANDOFF.md
?? audits/2026-10-11-n45-s-long-s-direct/frozen/docs/STATUS.md
?? audits/2026-10-11-n45-s-long-s-direct/frozen/docs/c5_degree5_interfaces.md
?? audits/2026-10-11-n45-s-long-s-direct/frozen/docs/c5_degree5_tree_components.md
?? audits/2026-10-11-n45-s-long-s-direct/frozen/docs/c5_excess_two_nonadjacent_unit_core45.md
?? audits/2026-10-11-n45-s-long-s-direct/frozen/docs/c5_no_spoke_exterior.md
?? audits/2026-10-11-n45-s-long-s-direct/frozen/docs/c5_single_spoke_cores.md
?? audits/2026-10-11-n45-s-long-s-direct/frozen/docs/c5_single_spoke_four.md
?? audits/2026-10-11-n45-s-long-s-direct/frozen/docs/c5_single_spoke_three_one.md
?? audits/2026-10-11-n45-s-long-s-direct/frozen/docs/c5_two_spoke_three_contacts.md
?? audits/2026-10-11-n45-s-long-s-direct/frozen/external/gallai.pdf
?? audits/2026-10-11-n45-s-long-s-direct/frozen/scripts/c5_degree5_interfaces.py
?? audits/2026-10-11-n45-s-long-s-direct/frozen/scripts/c5_no_spoke_exterior.py
?? audits/2026-10-11-n45-s-long-s-direct/frozen/scripts/c5_single_spoke_cores.py
?? audits/2026-10-11-n45-s-long-s-direct/frozen/scripts/c5_single_spoke_four.py
?? audits/2026-10-11-n45-s-long-s-direct/frozen/scripts/c5_single_spoke_three_one.py
?? audits/2026-10-11-n45-s-long-s-direct/frozen/scripts/c5_two_spoke_three_contacts.py
?? audits/2026-10-11-n45-s-long-s-direct/input-records-v1.json
?? audits/2026-10-11-n45-s-long-s-direct/inputs.json
?? audits/2026-10-11-n45-s-long-s-direct/logs/bootstrap.json
?? audits/2026-10-11-n45-s-long-s-direct/logs/check-summary.json
?? audits/2026-10-11-n45-s-long-s-direct/logs/contents-normal.json
?? audits/2026-10-11-n45-s-long-s-direct/logs/contents-seed17.json
?? audits/2026-10-11-n45-s-long-s-direct/logs/external-text.json
?? audits/2026-10-11-n45-s-long-s-direct/logs/freeze-additional.json
?? audits/2026-10-11-n45-s-long-s-direct/logs/freeze-recovery.json
?? audits/2026-10-11-n45-s-long-s-direct/logs/git-head.json
?? audits/2026-10-11-n45-s-long-s-direct/logs/negative-inputs.json
?? audits/2026-10-11-n45-s-long-s-direct/logs/negative-manifest.json
?? audits/2026-10-11-n45-s-long-s-direct/logs/negative-setup.json
?? audits/2026-10-11-n45-s-long-s-direct/logs/own-git-status.json
?? audits/2026-10-11-n45-s-long-s-direct/logs/tracked-diff.json
?? audits/2026-10-11-n45-s-long-s-direct/negative-controls/bad-delivery.json
?? audits/2026-10-11-n45-s-long-s-direct/negative-controls/bad-inputs.json
?? audits/2026-10-11-n45-s-long-s-direct/profiles.json
?? audits/2026-10-11-n45-s-long-s-direct/quarantine/artifacts/c5_no_spoke_exterior/observations.json
?? audits/2026-10-11-n45-s-long-s-direct/reviews.json
?? audits/2026-10-11-n45-s-long-s-direct/run_logged.py
?? audits/2026-10-11-n45-s-long-s-direct/seal-receipt.json
?? audits/2026-10-11-n45-s-long-s-direct/seal.py
?? audits/2026-10-11-n45-s-long-s-direct/validate.py
?? audits/2026-10-11-n45-s-long-s-fibre/REPORT.md
?? audits/2026-10-11-n45-s-long-s-fibre/build_metadata.py
?? audits/2026-10-11-n45-s-long-s-fibre/certificate.json
?? audits/2026-10-11-n45-s-long-s-fibre/checker.py
?? audits/2026-10-11-n45-s-long-s-fibre/checks.json
?? audits/2026-10-11-n45-s-long-s-fibre/claims.json
?? audits/2026-10-11-n45-s-long-s-fibre/external/gallai.pdf
?? audits/2026-10-11-n45-s-long-s-fibre/finalize.py
?? audits/2026-10-11-n45-s-long-s-fibre/frozen/artifacts/c5_excess_one_e2/REPORT.md
?? audits/2026-10-11-n45-s-long-s-fibre/frozen/artifacts/c5_single_spoke_residual_locality/support_table.md
?? audits/2026-10-11-n45-s-long-s-fibre/frozen/artifacts/c5_single_spoke_two_two/observations.json
?? audits/2026-10-11-n45-s-long-s-fibre/frozen/audits/2026-10-09-n45-s/REPORT.md
?? audits/2026-10-11-n45-s-long-s-fibre/frozen/audits/2026-10-10-n45-s-long-contract/REPORT.md
?? audits/2026-10-11-n45-s-long-s-fibre/frozen/audits/2026-10-10-n45-s-long-contract/frozen/artifacts/c5_excess_two_e4c/controls/NA7-0002.json
?? audits/2026-10-11-n45-s-long-s-fibre/frozen/audits/2026-10-10-n45-s-long-contract/frozen/artifacts/c5_excess_two_e4c/controls/NA8-0014.json
?? audits/2026-10-11-n45-s-long-s-fibre/frozen/audits/2026-10-10-n45-s-long-contract/frozen/artifacts/c5_excess_two_e4c/controls/NA8-0015.json
?? audits/2026-10-11-n45-s-long-s-fibre/frozen/audits/2026-10-10-n45-s-long-contract/frozen/artifacts/c5_excess_two_e4c/controls/NA8-0016.json
?? audits/2026-10-11-n45-s-long-s-fibre/frozen/audits/2026-10-10-n45-s-long-contract/frozen/artifacts/c5_excess_two_e4c/controls/NA8-0017.json
?? audits/2026-10-11-n45-s-long-s-fibre/frozen/audits/2026-10-10-n45-s-long-contract/frozen/artifacts/c5_excess_two_e4c/controls/NA8-0018.json
?? audits/2026-10-11-n45-s-long-s-fibre/frozen/audits/2026-10-10-n45-s-long-contract/frozen/artifacts/c5_excess_two_e4c/controls/NA8-0020.json
?? audits/2026-10-11-n45-s-long-s-fibre/frozen/audits/2026-10-10-n45-s-long-contract/frozen/artifacts/c5_excess_two_e4c/controls/NA8-0021.json
?? audits/2026-10-11-n45-s-long-s-fibre/frozen/audits/2026-10-10-n45-s-long-contract/frozen/artifacts/c5_excess_two_e4c/controls/NA8-0022.json
?? audits/2026-10-11-n45-s-long-s-fibre/frozen/audits/2026-10-10-n45-s-long-contract/frozen/artifacts/c5_excess_two_e4c/controls/NA9-0010.json
?? audits/2026-10-11-n45-s-long-s-fibre/frozen/audits/2026-10-10-n45-s-long-contract/frozen/artifacts/c5_excess_two_e4c/controls/NA9-0011.json
?? audits/2026-10-11-n45-s-long-s-fibre/frozen/audits/2026-10-10-n45-s-long-contract/frozen/artifacts/c5_excess_two_e4c/controls/NA9-0020.json
?? audits/2026-10-11-n45-s-long-s-fibre/frozen/audits/2026-10-10-n45-s-long-contract/frozen/artifacts/c5_excess_two_e4c/controls/NA9-0021.json
?? audits/2026-10-11-n45-s-long-s-fibre/frozen/audits/2026-10-10-n45-s-long-contract/frozen/artifacts/c5_excess_two_e4c/controls/NA9-0022.json
?? audits/2026-10-11-n45-s-long-s-fibre/frozen/audits/2026-10-10-n45-s-long-contract/frozen/artifacts/c5_excess_two_e4c/controls/NA9-0023.json
?? audits/2026-10-11-n45-s-long-s-fibre/frozen/audits/2026-10-10-n45-s-long-contract/frozen/artifacts/c5_excess_two_e4c/controls/NA9-0024.json
?? audits/2026-10-11-n45-s-long-s-fibre/frozen/audits/2026-10-10-n45-s-long-contract/frozen/artifacts/c5_excess_two_e4c/controls/NA9-0025.json
?? audits/2026-10-11-n45-s-long-s-fibre/frozen/audits/2026-10-10-n45-s-long-contract/frozen/artifacts/c5_excess_two_e4c/controls/NA9-0026.json
?? audits/2026-10-11-n45-s-long-s-fibre/frozen/audits/2026-10-10-n45-s-long-contract/frozen/artifacts/c5_excess_two_e4c/controls/NA9-0027.json
?? audits/2026-10-11-n45-s-long-s-fibre/frozen/audits/2026-10-10-n45-s-long-r-map/REPORT.md
?? audits/2026-10-11-n45-s-long-s-fibre/frozen/docs/HANDOFF.md
?? audits/2026-10-11-n45-s-long-s-fibre/frozen/docs/STATUS.md
?? audits/2026-10-11-n45-s-long-s-fibre/frozen/docs/c5_degree4_guide.md
?? audits/2026-10-11-n45-s-long-s-fibre/frozen/docs/c5_degree5_interfaces.md
?? audits/2026-10-11-n45-s-long-s-fibre/frozen/docs/c5_degree5_tree_components.md
?? audits/2026-10-11-n45-s-long-s-fibre/frozen/docs/c5_degree5_two_spoke_sectors.md
?? audits/2026-10-11-n45-s-long-s-fibre/frozen/docs/c5_excess_rejection_law.md
?? audits/2026-10-11-n45-s-long-s-fibre/frozen/docs/c5_excess_two_nonadjacent_unit_core45.md
?? audits/2026-10-11-n45-s-long-s-fibre/frozen/docs/c5_k4_blocks.md
?? audits/2026-10-11-n45-s-long-s-fibre/frozen/docs/c5_multi_odd_cycles.md
?? audits/2026-10-11-n45-s-long-s-fibre/frozen/docs/c5_phase_b_common_lemmas.md
?? audits/2026-10-11-n45-s-long-s-fibre/frozen/docs/c5_root_degree_excess.md
?? audits/2026-10-11-n45-s-long-s-fibre/frozen/docs/c5_single_spoke_branch_palettes.md
?? audits/2026-10-11-n45-s-long-s-fibre/frozen/docs/c5_single_spoke_bridge_path.md
?? audits/2026-10-11-n45-s-long-s-fibre/frozen/docs/c5_single_spoke_cores.md
?? audits/2026-10-11-n45-s-long-s-fibre/frozen/docs/c5_single_spoke_cross_row.md
?? audits/2026-10-11-n45-s-long-s-fibre/frozen/docs/c5_single_spoke_first_bridge.md
?? audits/2026-10-11-n45-s-long-s-fibre/frozen/docs/c5_single_spoke_four.md
?? audits/2026-10-11-n45-s-long-s-fibre/frozen/docs/c5_single_spoke_frame_arc.md
?? audits/2026-10-11-n45-s-long-s-fibre/frozen/docs/c5_single_spoke_residual_locality.md
?? audits/2026-10-11-n45-s-long-s-fibre/frozen/docs/c5_single_spoke_three_one.md
?? audits/2026-10-11-n45-s-long-s-fibre/frozen/docs/c5_single_spoke_two_arc.md
?? audits/2026-10-11-n45-s-long-s-fibre/frozen/docs/c5_single_spoke_two_contact_bounds.md
?? audits/2026-10-11-n45-s-long-s-fibre/frozen/docs/c5_single_spoke_two_two.md
?? audits/2026-10-11-n45-s-long-s-fibre/frozen/docs/c5_single_spoke_two_two_external.md
?? audits/2026-10-11-n45-s-long-s-fibre/frozen/docs/c5_single_spoke_two_two_minor.md
?? audits/2026-10-11-n45-s-long-s-fibre/frozen/docs/c5_two_spoke_adjacent_21.md
?? audits/2026-10-11-n45-s-long-s-fibre/frozen/docs/c5_two_spoke_middle_21.md
?? audits/2026-10-11-n45-s-long-s-fibre/frozen/docs/c5_two_spoke_nonadjacent.md
?? audits/2026-10-11-n45-s-long-s-fibre/frozen/docs/c5_two_spoke_reflection.md
?? audits/2026-10-11-n45-s-long-s-fibre/frozen/docs/c5_two_spoke_split_support.md
?? audits/2026-10-11-n45-s-long-s-fibre/frozen/docs/c5_unary_shield_budget.md
?? audits/2026-10-11-n45-s-long-s-fibre/frozen/scripts/c5_single_spoke_residual_locality.py
?? audits/2026-10-11-n45-s-long-s-fibre/inputs-initial.json
?? audits/2026-10-11-n45-s-long-s-fibre/inputs.json
?? audits/2026-10-11-n45-s-long-s-fibre/logs/blob-000.json
?? audits/2026-10-11-n45-s-long-s-fibre/logs/blob-000.stderr
?? audits/2026-10-11-n45-s-long-s-fibre/logs/blob-000.stdout
?? audits/2026-10-11-n45-s-long-s-fibre/logs/blob-001.json
?? audits/2026-10-11-n45-s-long-s-fibre/logs/blob-001.stderr
?? audits/2026-10-11-n45-s-long-s-fibre/logs/blob-001.stdout
?? audits/2026-10-11-n45-s-long-s-fibre/logs/blob-002.json
?? audits/2026-10-11-n45-s-long-s-fibre/logs/blob-002.stderr
?? audits/2026-10-11-n45-s-long-s-fibre/logs/blob-002.stdout
?? audits/2026-10-11-n45-s-long-s-fibre/logs/blob-003.json
?? audits/2026-10-11-n45-s-long-s-fibre/logs/blob-003.stderr
?? audits/2026-10-11-n45-s-long-s-fibre/logs/blob-003.stdout
?? audits/2026-10-11-n45-s-long-s-fibre/logs/blob-004.json
?? audits/2026-10-11-n45-s-long-s-fibre/logs/blob-004.stderr
?? audits/2026-10-11-n45-s-long-s-fibre/logs/blob-004.stdout
?? audits/2026-10-11-n45-s-long-s-fibre/logs/blob-005.json
?? audits/2026-10-11-n45-s-long-s-fibre/logs/blob-005.stderr
?? audits/2026-10-11-n45-s-long-s-fibre/logs/blob-005.stdout
?? audits/2026-10-11-n45-s-long-s-fibre/logs/blob-006.json
?? audits/2026-10-11-n45-s-long-s-fibre/logs/blob-006.stderr
?? audits/2026-10-11-n45-s-long-s-fibre/logs/blob-006.stdout
?? audits/2026-10-11-n45-s-long-s-fibre/logs/blob-007.json
?? audits/2026-10-11-n45-s-long-s-fibre/logs/blob-007.stderr
?? audits/2026-10-11-n45-s-long-s-fibre/logs/blob-007.stdout
?? audits/2026-10-11-n45-s-long-s-fibre/logs/blob-008.json
?? audits/2026-10-11-n45-s-long-s-fibre/logs/blob-008.stderr
?? audits/2026-10-11-n45-s-long-s-fibre/logs/blob-008.stdout
?? audits/2026-10-11-n45-s-long-s-fibre/logs/blob-009.json
?? audits/2026-10-11-n45-s-long-s-fibre/logs/blob-009.stderr
?? audits/2026-10-11-n45-s-long-s-fibre/logs/blob-009.stdout
?? audits/2026-10-11-n45-s-long-s-fibre/logs/blob-010.json
?? audits/2026-10-11-n45-s-long-s-fibre/logs/blob-010.stderr
?? audits/2026-10-11-n45-s-long-s-fibre/logs/blob-010.stdout
?? audits/2026-10-11-n45-s-long-s-fibre/logs/blob-011.json
?? audits/2026-10-11-n45-s-long-s-fibre/logs/blob-011.stderr
?? audits/2026-10-11-n45-s-long-s-fibre/logs/blob-011.stdout
?? audits/2026-10-11-n45-s-long-s-fibre/logs/blob-012.json
?? audits/2026-10-11-n45-s-long-s-fibre/logs/blob-012.stderr
?? audits/2026-10-11-n45-s-long-s-fibre/logs/blob-012.stdout
?? audits/2026-10-11-n45-s-long-s-fibre/logs/blob-013.json
?? audits/2026-10-11-n45-s-long-s-fibre/logs/blob-013.stderr
?? audits/2026-10-11-n45-s-long-s-fibre/logs/blob-013.stdout
?? audits/2026-10-11-n45-s-long-s-fibre/logs/blob-014.json
?? audits/2026-10-11-n45-s-long-s-fibre/logs/blob-014.stderr
?? audits/2026-10-11-n45-s-long-s-fibre/logs/blob-014.stdout
?? audits/2026-10-11-n45-s-long-s-fibre/logs/blob-015.json
?? audits/2026-10-11-n45-s-long-s-fibre/logs/blob-015.stderr
?? audits/2026-10-11-n45-s-long-s-fibre/logs/blob-015.stdout
?? audits/2026-10-11-n45-s-long-s-fibre/logs/blob-016.json
?? audits/2026-10-11-n45-s-long-s-fibre/logs/blob-016.stderr
?? audits/2026-10-11-n45-s-long-s-fibre/logs/blob-016.stdout
?? audits/2026-10-11-n45-s-long-s-fibre/logs/blob-017.json
?? audits/2026-10-11-n45-s-long-s-fibre/logs/blob-017.stderr
?? audits/2026-10-11-n45-s-long-s-fibre/logs/blob-017.stdout
?? audits/2026-10-11-n45-s-long-s-fibre/logs/blob-018.json
?? audits/2026-10-11-n45-s-long-s-fibre/logs/blob-018.stderr
?? audits/2026-10-11-n45-s-long-s-fibre/logs/blob-018.stdout
?? audits/2026-10-11-n45-s-long-s-fibre/logs/blob-019.json
?? audits/2026-10-11-n45-s-long-s-fibre/logs/blob-019.stderr
?? audits/2026-10-11-n45-s-long-s-fibre/logs/blob-019.stdout
?? audits/2026-10-11-n45-s-long-s-fibre/logs/blob-020.json
?? audits/2026-10-11-n45-s-long-s-fibre/logs/blob-020.stderr
?? audits/2026-10-11-n45-s-long-s-fibre/logs/blob-020.stdout
?? audits/2026-10-11-n45-s-long-s-fibre/logs/blob-021.json
?? audits/2026-10-11-n45-s-long-s-fibre/logs/blob-021.stderr
?? audits/2026-10-11-n45-s-long-s-fibre/logs/blob-021.stdout
?? audits/2026-10-11-n45-s-long-s-fibre/logs/blob-022.json
?? audits/2026-10-11-n45-s-long-s-fibre/logs/blob-022.stderr
?? audits/2026-10-11-n45-s-long-s-fibre/logs/blob-022.stdout
?? audits/2026-10-11-n45-s-long-s-fibre/logs/blob-023.json
?? audits/2026-10-11-n45-s-long-s-fibre/logs/blob-023.stderr
?? audits/2026-10-11-n45-s-long-s-fibre/logs/blob-023.stdout
?? audits/2026-10-11-n45-s-long-s-fibre/logs/blob-024.json
?? audits/2026-10-11-n45-s-long-s-fibre/logs/blob-024.stderr
?? audits/2026-10-11-n45-s-long-s-fibre/logs/blob-024.stdout
?? audits/2026-10-11-n45-s-long-s-fibre/logs/blob-025.json
?? audits/2026-10-11-n45-s-long-s-fibre/logs/blob-025.stderr
?? audits/2026-10-11-n45-s-long-s-fibre/logs/blob-025.stdout
?? audits/2026-10-11-n45-s-long-s-fibre/logs/blob-026.json
?? audits/2026-10-11-n45-s-long-s-fibre/logs/blob-026.stderr
?? audits/2026-10-11-n45-s-long-s-fibre/logs/blob-026.stdout
?? audits/2026-10-11-n45-s-long-s-fibre/logs/blob-027.json
?? audits/2026-10-11-n45-s-long-s-fibre/logs/blob-027.stderr
?? audits/2026-10-11-n45-s-long-s-fibre/logs/blob-027.stdout
?? audits/2026-10-11-n45-s-long-s-fibre/logs/blob-028.json
?? audits/2026-10-11-n45-s-long-s-fibre/logs/blob-028.stderr
?? audits/2026-10-11-n45-s-long-s-fibre/logs/blob-028.stdout
?? audits/2026-10-11-n45-s-long-s-fibre/logs/blob-029.json
?? audits/2026-10-11-n45-s-long-s-fibre/logs/blob-029.stderr
?? audits/2026-10-11-n45-s-long-s-fibre/logs/blob-029.stdout
?? audits/2026-10-11-n45-s-long-s-fibre/logs/blob-030.json
?? audits/2026-10-11-n45-s-long-s-fibre/logs/blob-030.stderr
?? audits/2026-10-11-n45-s-long-s-fibre/logs/blob-030.stdout
?? audits/2026-10-11-n45-s-long-s-fibre/logs/blob-031.json
?? audits/2026-10-11-n45-s-long-s-fibre/logs/blob-031.stderr
?? audits/2026-10-11-n45-s-long-s-fibre/logs/blob-031.stdout
?? audits/2026-10-11-n45-s-long-s-fibre/logs/blob-032.json
?? audits/2026-10-11-n45-s-long-s-fibre/logs/blob-032.stderr
?? audits/2026-10-11-n45-s-long-s-fibre/logs/blob-032.stdout
?? audits/2026-10-11-n45-s-long-s-fibre/logs/blob-033.json
?? audits/2026-10-11-n45-s-long-s-fibre/logs/blob-033.stderr
?? audits/2026-10-11-n45-s-long-s-fibre/logs/blob-033.stdout
?? audits/2026-10-11-n45-s-long-s-fibre/logs/blob-034.json
?? audits/2026-10-11-n45-s-long-s-fibre/logs/blob-034.stderr
?? audits/2026-10-11-n45-s-long-s-fibre/logs/blob-034.stdout
?? audits/2026-10-11-n45-s-long-s-fibre/logs/blob-035.json
?? audits/2026-10-11-n45-s-long-s-fibre/logs/blob-035.stderr
?? audits/2026-10-11-n45-s-long-s-fibre/logs/blob-035.stdout
?? audits/2026-10-11-n45-s-long-s-fibre/logs/blob-036.json
?? audits/2026-10-11-n45-s-long-s-fibre/logs/blob-036.stderr
?? audits/2026-10-11-n45-s-long-s-fibre/logs/blob-036.stdout
?? audits/2026-10-11-n45-s-long-s-fibre/logs/blob-037.json
?? audits/2026-10-11-n45-s-long-s-fibre/logs/blob-037.stderr
?? audits/2026-10-11-n45-s-long-s-fibre/logs/blob-037.stdout
?? audits/2026-10-11-n45-s-long-s-fibre/logs/blob-038.json
?? audits/2026-10-11-n45-s-long-s-fibre/logs/blob-038.stderr
?? audits/2026-10-11-n45-s-long-s-fibre/logs/blob-038.stdout
?? audits/2026-10-11-n45-s-long-s-fibre/logs/blob-039.json
?? audits/2026-10-11-n45-s-long-s-fibre/logs/blob-039.stderr
?? audits/2026-10-11-n45-s-long-s-fibre/logs/blob-039.stdout
?? audits/2026-10-11-n45-s-long-s-fibre/logs/blob-040.json
?? audits/2026-10-11-n45-s-long-s-fibre/logs/blob-040.stderr
?? audits/2026-10-11-n45-s-long-s-fibre/logs/blob-040.stdout
?? audits/2026-10-11-n45-s-long-s-fibre/logs/blob-041.json
?? audits/2026-10-11-n45-s-long-s-fibre/logs/blob-041.stderr
?? audits/2026-10-11-n45-s-long-s-fibre/logs/blob-041.stdout
?? audits/2026-10-11-n45-s-long-s-fibre/logs/blob-042.json
?? audits/2026-10-11-n45-s-long-s-fibre/logs/blob-042.stderr
?? audits/2026-10-11-n45-s-long-s-fibre/logs/blob-042.stdout
?? audits/2026-10-11-n45-s-long-s-fibre/logs/blob-043.json
?? audits/2026-10-11-n45-s-long-s-fibre/logs/blob-043.stderr
?? audits/2026-10-11-n45-s-long-s-fibre/logs/blob-043.stdout
?? audits/2026-10-11-n45-s-long-s-fibre/logs/blob-044.json
?? audits/2026-10-11-n45-s-long-s-fibre/logs/blob-044.stderr
?? audits/2026-10-11-n45-s-long-s-fibre/logs/blob-044.stdout
?? audits/2026-10-11-n45-s-long-s-fibre/logs/blob-045.json
?? audits/2026-10-11-n45-s-long-s-fibre/logs/blob-045.stderr
?? audits/2026-10-11-n45-s-long-s-fibre/logs/blob-045.stdout
?? audits/2026-10-11-n45-s-long-s-fibre/logs/blob-046.json
?? audits/2026-10-11-n45-s-long-s-fibre/logs/blob-046.stderr
?? audits/2026-10-11-n45-s-long-s-fibre/logs/blob-046.stdout
?? audits/2026-10-11-n45-s-long-s-fibre/logs/blob-047.json
?? audits/2026-10-11-n45-s-long-s-fibre/logs/blob-047.stderr
?? audits/2026-10-11-n45-s-long-s-fibre/logs/blob-047.stdout
?? audits/2026-10-11-n45-s-long-s-fibre/logs/blob-048.json
?? audits/2026-10-11-n45-s-long-s-fibre/logs/blob-048.stderr
?? audits/2026-10-11-n45-s-long-s-fibre/logs/blob-048.stdout
?? audits/2026-10-11-n45-s-long-s-fibre/logs/blob-049.json
?? audits/2026-10-11-n45-s-long-s-fibre/logs/blob-049.stderr
?? audits/2026-10-11-n45-s-long-s-fibre/logs/blob-049.stdout
?? audits/2026-10-11-n45-s-long-s-fibre/logs/blob-050.json
?? audits/2026-10-11-n45-s-long-s-fibre/logs/blob-050.stderr
?? audits/2026-10-11-n45-s-long-s-fibre/logs/blob-050.stdout
?? audits/2026-10-11-n45-s-long-s-fibre/logs/blob-051.json
?? audits/2026-10-11-n45-s-long-s-fibre/logs/blob-051.stderr
?? audits/2026-10-11-n45-s-long-s-fibre/logs/blob-051.stdout
?? audits/2026-10-11-n45-s-long-s-fibre/logs/blob-052.json
?? audits/2026-10-11-n45-s-long-s-fibre/logs/blob-052.stderr
?? audits/2026-10-11-n45-s-long-s-fibre/logs/blob-052.stdout
?? audits/2026-10-11-n45-s-long-s-fibre/logs/blob-053.json
?? audits/2026-10-11-n45-s-long-s-fibre/logs/blob-053.stderr
?? audits/2026-10-11-n45-s-long-s-fibre/logs/blob-053.stdout
?? audits/2026-10-11-n45-s-long-s-fibre/logs/blob-054.json
?? audits/2026-10-11-n45-s-long-s-fibre/logs/blob-054.stderr
?? audits/2026-10-11-n45-s-long-s-fibre/logs/blob-054.stdout
?? audits/2026-10-11-n45-s-long-s-fibre/logs/blob-055.json
?? audits/2026-10-11-n45-s-long-s-fibre/logs/blob-055.stderr
?? audits/2026-10-11-n45-s-long-s-fibre/logs/blob-055.stdout
?? audits/2026-10-11-n45-s-long-s-fibre/logs/blob-056.json
?? audits/2026-10-11-n45-s-long-s-fibre/logs/blob-056.stderr
?? audits/2026-10-11-n45-s-long-s-fibre/logs/blob-056.stdout
?? audits/2026-10-11-n45-s-long-s-fibre/logs/control-inventory.json
?? audits/2026-10-11-n45-s-long-s-fibre/logs/control-inventory.stderr
?? audits/2026-10-11-n45-s-long-s-fibre/logs/control-inventory.stdout
?? audits/2026-10-11-n45-s-long-s-fibre/logs/diff-check.json
?? audits/2026-10-11-n45-s-long-s-fibre/logs/diff-check.stderr
?? audits/2026-10-11-n45-s-long-s-fibre/logs/diff-check.stdout
?? audits/2026-10-11-n45-s-long-s-fibre/logs/exploratory-keyerror.json
?? audits/2026-10-11-n45-s-long-s-fibre/logs/exploratory-missing-0.json
?? audits/2026-10-11-n45-s-long-s-fibre/logs/exploratory-missing-0.stderr
?? audits/2026-10-11-n45-s-long-s-fibre/logs/exploratory-missing-0.stdout
?? audits/2026-10-11-n45-s-long-s-fibre/logs/exploratory-missing-1.json
?? audits/2026-10-11-n45-s-long-s-fibre/logs/exploratory-missing-1.stderr
?? audits/2026-10-11-n45-s-long-s-fibre/logs/exploratory-missing-1.stdout
?? audits/2026-10-11-n45-s-long-s-fibre/logs/external-fetch.json
?? audits/2026-10-11-n45-s-long-s-fibre/logs/final-blob-0.json
?? audits/2026-10-11-n45-s-long-s-fibre/logs/final-blob-0.stderr
?? audits/2026-10-11-n45-s-long-s-fibre/logs/final-blob-0.stdout
?? audits/2026-10-11-n45-s-long-s-fibre/logs/final-blob-1.json
?? audits/2026-10-11-n45-s-long-s-fibre/logs/final-blob-1.stderr
?? audits/2026-10-11-n45-s-long-s-fibre/logs/final-blob-1.stdout
?? audits/2026-10-11-n45-s-long-s-fibre/logs/final-blob-10.json
?? audits/2026-10-11-n45-s-long-s-fibre/logs/final-blob-10.stderr
?? audits/2026-10-11-n45-s-long-s-fibre/logs/final-blob-10.stdout
?? audits/2026-10-11-n45-s-long-s-fibre/logs/final-blob-11.json
?? audits/2026-10-11-n45-s-long-s-fibre/logs/final-blob-11.stderr
?? audits/2026-10-11-n45-s-long-s-fibre/logs/final-blob-11.stdout
?? audits/2026-10-11-n45-s-long-s-fibre/logs/final-blob-12.json
?? audits/2026-10-11-n45-s-long-s-fibre/logs/final-blob-12.stderr
?? audits/2026-10-11-n45-s-long-s-fibre/logs/final-blob-12.stdout
?? audits/2026-10-11-n45-s-long-s-fibre/logs/final-blob-13.json
?? audits/2026-10-11-n45-s-long-s-fibre/logs/final-blob-13.stderr
?? audits/2026-10-11-n45-s-long-s-fibre/logs/final-blob-13.stdout
?? audits/2026-10-11-n45-s-long-s-fibre/logs/final-blob-14.json
?? audits/2026-10-11-n45-s-long-s-fibre/logs/final-blob-14.stderr
?? audits/2026-10-11-n45-s-long-s-fibre/logs/final-blob-14.stdout
?? audits/2026-10-11-n45-s-long-s-fibre/logs/final-blob-15.json
?? audits/2026-10-11-n45-s-long-s-fibre/logs/final-blob-15.stderr
?? audits/2026-10-11-n45-s-long-s-fibre/logs/final-blob-15.stdout
?? audits/2026-10-11-n45-s-long-s-fibre/logs/final-blob-16.json
?? audits/2026-10-11-n45-s-long-s-fibre/logs/final-blob-16.stderr
?? audits/2026-10-11-n45-s-long-s-fibre/logs/final-blob-16.stdout
?? audits/2026-10-11-n45-s-long-s-fibre/logs/final-blob-17.json
?? audits/2026-10-11-n45-s-long-s-fibre/logs/final-blob-17.stderr
?? audits/2026-10-11-n45-s-long-s-fibre/logs/final-blob-17.stdout
?? audits/2026-10-11-n45-s-long-s-fibre/logs/final-blob-18.json
?? audits/2026-10-11-n45-s-long-s-fibre/logs/final-blob-18.stderr
?? audits/2026-10-11-n45-s-long-s-fibre/logs/final-blob-18.stdout
?? audits/2026-10-11-n45-s-long-s-fibre/logs/final-blob-19.json
?? audits/2026-10-11-n45-s-long-s-fibre/logs/final-blob-19.stderr
?? audits/2026-10-11-n45-s-long-s-fibre/logs/final-blob-19.stdout
?? audits/2026-10-11-n45-s-long-s-fibre/logs/final-blob-2.json
?? audits/2026-10-11-n45-s-long-s-fibre/logs/final-blob-2.stderr
?? audits/2026-10-11-n45-s-long-s-fibre/logs/final-blob-2.stdout
?? audits/2026-10-11-n45-s-long-s-fibre/logs/final-blob-20.json
?? audits/2026-10-11-n45-s-long-s-fibre/logs/final-blob-20.stderr
?? audits/2026-10-11-n45-s-long-s-fibre/logs/final-blob-20.stdout
?? audits/2026-10-11-n45-s-long-s-fibre/logs/final-blob-21.json
?? audits/2026-10-11-n45-s-long-s-fibre/logs/final-blob-21.stderr
?? audits/2026-10-11-n45-s-long-s-fibre/logs/final-blob-21.stdout
?? audits/2026-10-11-n45-s-long-s-fibre/logs/final-blob-22.json
?? audits/2026-10-11-n45-s-long-s-fibre/logs/final-blob-22.stderr
?? audits/2026-10-11-n45-s-long-s-fibre/logs/final-blob-22.stdout
?? audits/2026-10-11-n45-s-long-s-fibre/logs/final-blob-23.json
?? audits/2026-10-11-n45-s-long-s-fibre/logs/final-blob-23.stderr
?? audits/2026-10-11-n45-s-long-s-fibre/logs/final-blob-23.stdout
?? audits/2026-10-11-n45-s-long-s-fibre/logs/final-blob-24.json
?? audits/2026-10-11-n45-s-long-s-fibre/logs/final-blob-24.stderr
?? audits/2026-10-11-n45-s-long-s-fibre/logs/final-blob-24.stdout
?? audits/2026-10-11-n45-s-long-s-fibre/logs/final-blob-25.json
?? audits/2026-10-11-n45-s-long-s-fibre/logs/final-blob-25.stderr
?? audits/2026-10-11-n45-s-long-s-fibre/logs/final-blob-25.stdout
?? audits/2026-10-11-n45-s-long-s-fibre/logs/final-blob-26.json
?? audits/2026-10-11-n45-s-long-s-fibre/logs/final-blob-26.stderr
?? audits/2026-10-11-n45-s-long-s-fibre/logs/final-blob-26.stdout
?? audits/2026-10-11-n45-s-long-s-fibre/logs/final-blob-27.json
?? audits/2026-10-11-n45-s-long-s-fibre/logs/final-blob-27.stderr
?? audits/2026-10-11-n45-s-long-s-fibre/logs/final-blob-27.stdout
?? audits/2026-10-11-n45-s-long-s-fibre/logs/final-blob-28.json
?? audits/2026-10-11-n45-s-long-s-fibre/logs/final-blob-28.stderr
?? audits/2026-10-11-n45-s-long-s-fibre/logs/final-blob-28.stdout
?? audits/2026-10-11-n45-s-long-s-fibre/logs/final-blob-29.json
?? audits/2026-10-11-n45-s-long-s-fibre/logs/final-blob-29.stderr
?? audits/2026-10-11-n45-s-long-s-fibre/logs/final-blob-29.stdout
?? audits/2026-10-11-n45-s-long-s-fibre/logs/final-blob-3.json
?? audits/2026-10-11-n45-s-long-s-fibre/logs/final-blob-3.stderr
?? audits/2026-10-11-n45-s-long-s-fibre/logs/final-blob-3.stdout
?? audits/2026-10-11-n45-s-long-s-fibre/logs/final-blob-30.json
?? audits/2026-10-11-n45-s-long-s-fibre/logs/final-blob-30.stderr
?? audits/2026-10-11-n45-s-long-s-fibre/logs/final-blob-30.stdout
?? audits/2026-10-11-n45-s-long-s-fibre/logs/final-blob-31.json
?? audits/2026-10-11-n45-s-long-s-fibre/logs/final-blob-31.stderr
?? audits/2026-10-11-n45-s-long-s-fibre/logs/final-blob-31.stdout
?? audits/2026-10-11-n45-s-long-s-fibre/logs/final-blob-32.json
?? audits/2026-10-11-n45-s-long-s-fibre/logs/final-blob-32.stderr
?? audits/2026-10-11-n45-s-long-s-fibre/logs/final-blob-32.stdout
?? audits/2026-10-11-n45-s-long-s-fibre/logs/final-blob-33.json
?? audits/2026-10-11-n45-s-long-s-fibre/logs/final-blob-33.stderr
?? audits/2026-10-11-n45-s-long-s-fibre/logs/final-blob-33.stdout
?? audits/2026-10-11-n45-s-long-s-fibre/logs/final-blob-34.json
?? audits/2026-10-11-n45-s-long-s-fibre/logs/final-blob-34.stderr
?? audits/2026-10-11-n45-s-long-s-fibre/logs/final-blob-34.stdout
?? audits/2026-10-11-n45-s-long-s-fibre/logs/final-blob-35.json
?? audits/2026-10-11-n45-s-long-s-fibre/logs/final-blob-35.stderr
?? audits/2026-10-11-n45-s-long-s-fibre/logs/final-blob-35.stdout
?? audits/2026-10-11-n45-s-long-s-fibre/logs/final-blob-36.json
?? audits/2026-10-11-n45-s-long-s-fibre/logs/final-blob-36.stderr
?? audits/2026-10-11-n45-s-long-s-fibre/logs/final-blob-36.stdout
?? audits/2026-10-11-n45-s-long-s-fibre/logs/final-blob-37.json
?? audits/2026-10-11-n45-s-long-s-fibre/logs/final-blob-37.stderr
?? audits/2026-10-11-n45-s-long-s-fibre/logs/final-blob-37.stdout
?? audits/2026-10-11-n45-s-long-s-fibre/logs/final-blob-38.json
?? audits/2026-10-11-n45-s-long-s-fibre/logs/final-blob-38.stderr
?? audits/2026-10-11-n45-s-long-s-fibre/logs/final-blob-38.stdout
?? audits/2026-10-11-n45-s-long-s-fibre/logs/final-blob-39.json
?? audits/2026-10-11-n45-s-long-s-fibre/logs/final-blob-39.stderr
?? audits/2026-10-11-n45-s-long-s-fibre/logs/final-blob-39.stdout
?? audits/2026-10-11-n45-s-long-s-fibre/logs/final-blob-4.json
?? audits/2026-10-11-n45-s-long-s-fibre/logs/final-blob-4.stderr
?? audits/2026-10-11-n45-s-long-s-fibre/logs/final-blob-4.stdout
?? audits/2026-10-11-n45-s-long-s-fibre/logs/final-blob-40.json
?? audits/2026-10-11-n45-s-long-s-fibre/logs/final-blob-40.stderr
?? audits/2026-10-11-n45-s-long-s-fibre/logs/final-blob-40.stdout
?? audits/2026-10-11-n45-s-long-s-fibre/logs/final-blob-41.json
?? audits/2026-10-11-n45-s-long-s-fibre/logs/final-blob-41.stderr
?? audits/2026-10-11-n45-s-long-s-fibre/logs/final-blob-41.stdout
?? audits/2026-10-11-n45-s-long-s-fibre/logs/final-blob-42.json
?? audits/2026-10-11-n45-s-long-s-fibre/logs/final-blob-42.stderr
?? audits/2026-10-11-n45-s-long-s-fibre/logs/final-blob-42.stdout
?? audits/2026-10-11-n45-s-long-s-fibre/logs/final-blob-43.json
?? audits/2026-10-11-n45-s-long-s-fibre/logs/final-blob-43.stderr
?? audits/2026-10-11-n45-s-long-s-fibre/logs/final-blob-43.stdout
?? audits/2026-10-11-n45-s-long-s-fibre/logs/final-blob-44.json
?? audits/2026-10-11-n45-s-long-s-fibre/logs/final-blob-44.stderr
?? audits/2026-10-11-n45-s-long-s-fibre/logs/final-blob-44.stdout
?? audits/2026-10-11-n45-s-long-s-fibre/logs/final-blob-45.json
?? audits/2026-10-11-n45-s-long-s-fibre/logs/final-blob-45.stderr
?? audits/2026-10-11-n45-s-long-s-fibre/logs/final-blob-45.stdout
?? audits/2026-10-11-n45-s-long-s-fibre/logs/final-blob-46.json
?? audits/2026-10-11-n45-s-long-s-fibre/logs/final-blob-46.stderr
?? audits/2026-10-11-n45-s-long-s-fibre/logs/final-blob-46.stdout
?? audits/2026-10-11-n45-s-long-s-fibre/logs/final-blob-47.json
?? audits/2026-10-11-n45-s-long-s-fibre/logs/final-blob-47.stderr
?? audits/2026-10-11-n45-s-long-s-fibre/logs/final-blob-47.stdout
?? audits/2026-10-11-n45-s-long-s-fibre/logs/final-blob-48.json
?? audits/2026-10-11-n45-s-long-s-fibre/logs/final-blob-48.stderr
?? audits/2026-10-11-n45-s-long-s-fibre/logs/final-blob-48.stdout
?? audits/2026-10-11-n45-s-long-s-fibre/logs/final-blob-49.json
?? audits/2026-10-11-n45-s-long-s-fibre/logs/final-blob-49.stderr
?? audits/2026-10-11-n45-s-long-s-fibre/logs/final-blob-49.stdout
?? audits/2026-10-11-n45-s-long-s-fibre/logs/final-blob-5.json
?? audits/2026-10-11-n45-s-long-s-fibre/logs/final-blob-5.stderr
?? audits/2026-10-11-n45-s-long-s-fibre/logs/final-blob-5.stdout
?? audits/2026-10-11-n45-s-long-s-fibre/logs/final-blob-50.json
?? audits/2026-10-11-n45-s-long-s-fibre/logs/final-blob-50.stderr
?? audits/2026-10-11-n45-s-long-s-fibre/logs/final-blob-50.stdout
?? audits/2026-10-11-n45-s-long-s-fibre/logs/final-blob-51.json
?? audits/2026-10-11-n45-s-long-s-fibre/logs/final-blob-51.stderr
?? audits/2026-10-11-n45-s-long-s-fibre/logs/final-blob-51.stdout
?? audits/2026-10-11-n45-s-long-s-fibre/logs/final-blob-52.json
?? audits/2026-10-11-n45-s-long-s-fibre/logs/final-blob-52.stderr
?? audits/2026-10-11-n45-s-long-s-fibre/logs/final-blob-52.stdout
?? audits/2026-10-11-n45-s-long-s-fibre/logs/final-blob-53.json
?? audits/2026-10-11-n45-s-long-s-fibre/logs/final-blob-53.stderr
?? audits/2026-10-11-n45-s-long-s-fibre/logs/final-blob-53.stdout
?? audits/2026-10-11-n45-s-long-s-fibre/logs/final-blob-54.json
?? audits/2026-10-11-n45-s-long-s-fibre/logs/final-blob-54.stderr
?? audits/2026-10-11-n45-s-long-s-fibre/logs/final-blob-54.stdout
?? audits/2026-10-11-n45-s-long-s-fibre/logs/final-blob-55.json
?? audits/2026-10-11-n45-s-long-s-fibre/logs/final-blob-55.stderr
?? audits/2026-10-11-n45-s-long-s-fibre/logs/final-blob-55.stdout
?? audits/2026-10-11-n45-s-long-s-fibre/logs/final-blob-56.json
?? audits/2026-10-11-n45-s-long-s-fibre/logs/final-blob-56.stderr
?? audits/2026-10-11-n45-s-long-s-fibre/logs/final-blob-56.stdout
?? audits/2026-10-11-n45-s-long-s-fibre/logs/final-blob-57.json
?? audits/2026-10-11-n45-s-long-s-fibre/logs/final-blob-57.stderr
?? audits/2026-10-11-n45-s-long-s-fibre/logs/final-blob-57.stdout
?? audits/2026-10-11-n45-s-long-s-fibre/logs/final-blob-6.json
?? audits/2026-10-11-n45-s-long-s-fibre/logs/final-blob-6.stderr
?? audits/2026-10-11-n45-s-long-s-fibre/logs/final-blob-6.stdout
?? audits/2026-10-11-n45-s-long-s-fibre/logs/final-blob-7.json
?? audits/2026-10-11-n45-s-long-s-fibre/logs/final-blob-7.stderr
?? audits/2026-10-11-n45-s-long-s-fibre/logs/final-blob-7.stdout
?? audits/2026-10-11-n45-s-long-s-fibre/logs/final-blob-8.json
?? audits/2026-10-11-n45-s-long-s-fibre/logs/final-blob-8.stderr
?? audits/2026-10-11-n45-s-long-s-fibre/logs/final-blob-8.stdout
?? audits/2026-10-11-n45-s-long-s-fibre/logs/final-blob-9.json
?? audits/2026-10-11-n45-s-long-s-fibre/logs/final-blob-9.stderr
?? audits/2026-10-11-n45-s-long-s-fibre/logs/final-blob-9.stdout
?? audits/2026-10-11-n45-s-long-s-fibre/logs/final-git-diff-check.json
?? audits/2026-10-11-n45-s-long-s-fibre/logs/final-git-diff-check.stderr
?? audits/2026-10-11-n45-s-long-s-fibre/logs/final-git-diff-check.stdout
?? audits/2026-10-11-n45-s-long-s-fibre/logs/final-head.json
?? audits/2026-10-11-n45-s-long-s-fibre/logs/final-head.stderr
?? audits/2026-10-11-n45-s-long-s-fibre/logs/final-head.stdout
?? audits/2026-10-11-n45-s-long-s-fibre/logs/final-tracked-diff.json
?? audits/2026-10-11-n45-s-long-s-fibre/logs/final-tracked-diff.stderr
?? audits/2026-10-11-n45-s-long-s-fibre/logs/final-tracked-diff.stdout
?? audits/2026-10-11-n45-s-long-s-fibre/logs/final-worktree-status.json
?? audits/2026-10-11-n45-s-long-s-fibre/logs/final-worktree-status.stderr
?? audits/2026-10-11-n45-s-long-s-fibre/logs/final-worktree-status.stdout
?? audits/2026-10-11-n45-s-long-s-fibre/logs/generate.json
?? audits/2026-10-11-n45-s-long-s-fibre/logs/generate.stderr
?? audits/2026-10-11-n45-s-long-s-fibre/logs/generate.stdout
?? audits/2026-10-11-n45-s-long-s-fibre/logs/head.json
?? audits/2026-10-11-n45-s-long-s-fibre/logs/head.stderr
?? audits/2026-10-11-n45-s-long-s-fibre/logs/head.stdout
?? audits/2026-10-11-n45-s-long-s-fibre/logs/input-000.json
?? audits/2026-10-11-n45-s-long-s-fibre/logs/input-000.stderr
?? audits/2026-10-11-n45-s-long-s-fibre/logs/input-000.stdout
?? audits/2026-10-11-n45-s-long-s-fibre/logs/input-001.json
?? audits/2026-10-11-n45-s-long-s-fibre/logs/input-001.stderr
?? audits/2026-10-11-n45-s-long-s-fibre/logs/input-001.stdout
?? audits/2026-10-11-n45-s-long-s-fibre/logs/input-002.json
?? audits/2026-10-11-n45-s-long-s-fibre/logs/input-002.stderr
?? audits/2026-10-11-n45-s-long-s-fibre/logs/input-002.stdout
?? audits/2026-10-11-n45-s-long-s-fibre/logs/input-003.json
?? audits/2026-10-11-n45-s-long-s-fibre/logs/input-003.stderr
?? audits/2026-10-11-n45-s-long-s-fibre/logs/input-003.stdout
?? audits/2026-10-11-n45-s-long-s-fibre/logs/input-004.json
?? audits/2026-10-11-n45-s-long-s-fibre/logs/input-004.stderr
?? audits/2026-10-11-n45-s-long-s-fibre/logs/input-004.stdout
?? audits/2026-10-11-n45-s-long-s-fibre/logs/input-005.json
?? audits/2026-10-11-n45-s-long-s-fibre/logs/input-005.stderr
?? audits/2026-10-11-n45-s-long-s-fibre/logs/input-005.stdout
?? audits/2026-10-11-n45-s-long-s-fibre/logs/input-006.json
?? audits/2026-10-11-n45-s-long-s-fibre/logs/input-006.stderr
?? audits/2026-10-11-n45-s-long-s-fibre/logs/input-006.stdout
?? audits/2026-10-11-n45-s-long-s-fibre/logs/input-007.json
?? audits/2026-10-11-n45-s-long-s-fibre/logs/input-007.stderr
?? audits/2026-10-11-n45-s-long-s-fibre/logs/input-007.stdout
?? audits/2026-10-11-n45-s-long-s-fibre/logs/input-008.json
?? audits/2026-10-11-n45-s-long-s-fibre/logs/input-008.stderr
?? audits/2026-10-11-n45-s-long-s-fibre/logs/input-008.stdout
?? audits/2026-10-11-n45-s-long-s-fibre/logs/input-009.json
?? audits/2026-10-11-n45-s-long-s-fibre/logs/input-009.stderr
?? audits/2026-10-11-n45-s-long-s-fibre/logs/input-009.stdout
?? audits/2026-10-11-n45-s-long-s-fibre/logs/input-010.json
?? audits/2026-10-11-n45-s-long-s-fibre/logs/input-010.stderr
?? audits/2026-10-11-n45-s-long-s-fibre/logs/input-010.stdout
?? audits/2026-10-11-n45-s-long-s-fibre/logs/input-011.json
?? audits/2026-10-11-n45-s-long-s-fibre/logs/input-011.stderr
?? audits/2026-10-11-n45-s-long-s-fibre/logs/input-011.stdout
?? audits/2026-10-11-n45-s-long-s-fibre/logs/input-012.json
?? audits/2026-10-11-n45-s-long-s-fibre/logs/input-012.stderr
?? audits/2026-10-11-n45-s-long-s-fibre/logs/input-012.stdout
?? audits/2026-10-11-n45-s-long-s-fibre/logs/input-013.json
?? audits/2026-10-11-n45-s-long-s-fibre/logs/input-013.stderr
?? audits/2026-10-11-n45-s-long-s-fibre/logs/input-013.stdout
?? audits/2026-10-11-n45-s-long-s-fibre/logs/input-014.json
?? audits/2026-10-11-n45-s-long-s-fibre/logs/input-014.stderr
?? audits/2026-10-11-n45-s-long-s-fibre/logs/input-014.stdout
?? audits/2026-10-11-n45-s-long-s-fibre/logs/input-015.json
?? audits/2026-10-11-n45-s-long-s-fibre/logs/input-015.stderr
?? audits/2026-10-11-n45-s-long-s-fibre/logs/input-015.stdout
?? audits/2026-10-11-n45-s-long-s-fibre/logs/input-016.json
?? audits/2026-10-11-n45-s-long-s-fibre/logs/input-016.stderr
?? audits/2026-10-11-n45-s-long-s-fibre/logs/input-016.stdout
?? audits/2026-10-11-n45-s-long-s-fibre/logs/input-017.json
?? audits/2026-10-11-n45-s-long-s-fibre/logs/input-017.stderr
?? audits/2026-10-11-n45-s-long-s-fibre/logs/input-017.stdout
?? audits/2026-10-11-n45-s-long-s-fibre/logs/input-018.json
?? audits/2026-10-11-n45-s-long-s-fibre/logs/input-018.stderr
?? audits/2026-10-11-n45-s-long-s-fibre/logs/input-018.stdout
?? audits/2026-10-11-n45-s-long-s-fibre/logs/input-019.json
?? audits/2026-10-11-n45-s-long-s-fibre/logs/input-019.stderr
?? audits/2026-10-11-n45-s-long-s-fibre/logs/input-019.stdout
?? audits/2026-10-11-n45-s-long-s-fibre/logs/input-020.json
?? audits/2026-10-11-n45-s-long-s-fibre/logs/input-020.stderr
?? audits/2026-10-11-n45-s-long-s-fibre/logs/input-020.stdout
?? audits/2026-10-11-n45-s-long-s-fibre/logs/input-021.json
?? audits/2026-10-11-n45-s-long-s-fibre/logs/input-021.stderr
?? audits/2026-10-11-n45-s-long-s-fibre/logs/input-021.stdout
?? audits/2026-10-11-n45-s-long-s-fibre/logs/input-022.json
?? audits/2026-10-11-n45-s-long-s-fibre/logs/input-022.stderr
?? audits/2026-10-11-n45-s-long-s-fibre/logs/input-022.stdout
?? audits/2026-10-11-n45-s-long-s-fibre/logs/input-023.json
?? audits/2026-10-11-n45-s-long-s-fibre/logs/input-023.stderr
?? audits/2026-10-11-n45-s-long-s-fibre/logs/input-023.stdout
?? audits/2026-10-11-n45-s-long-s-fibre/logs/input-024.json
?? audits/2026-10-11-n45-s-long-s-fibre/logs/input-024.stderr
?? audits/2026-10-11-n45-s-long-s-fibre/logs/input-024.stdout
?? audits/2026-10-11-n45-s-long-s-fibre/logs/input-025.json
?? audits/2026-10-11-n45-s-long-s-fibre/logs/input-025.stderr
?? audits/2026-10-11-n45-s-long-s-fibre/logs/input-025.stdout
?? audits/2026-10-11-n45-s-long-s-fibre/logs/input-026.json
?? audits/2026-10-11-n45-s-long-s-fibre/logs/input-026.stderr
?? audits/2026-10-11-n45-s-long-s-fibre/logs/input-026.stdout
?? audits/2026-10-11-n45-s-long-s-fibre/logs/input-027.json
?? audits/2026-10-11-n45-s-long-s-fibre/logs/input-027.stderr
?? audits/2026-10-11-n45-s-long-s-fibre/logs/input-027.stdout
?? audits/2026-10-11-n45-s-long-s-fibre/logs/input-028.json
?? audits/2026-10-11-n45-s-long-s-fibre/logs/input-028.stderr
?? audits/2026-10-11-n45-s-long-s-fibre/logs/input-028.stdout
?? audits/2026-10-11-n45-s-long-s-fibre/logs/input-029.json
?? audits/2026-10-11-n45-s-long-s-fibre/logs/input-029.stderr
?? audits/2026-10-11-n45-s-long-s-fibre/logs/input-029.stdout
?? audits/2026-10-11-n45-s-long-s-fibre/logs/input-030.json
?? audits/2026-10-11-n45-s-long-s-fibre/logs/input-030.stderr
?? audits/2026-10-11-n45-s-long-s-fibre/logs/input-030.stdout
?? audits/2026-10-11-n45-s-long-s-fibre/logs/input-031.json
?? audits/2026-10-11-n45-s-long-s-fibre/logs/input-031.stderr
?? audits/2026-10-11-n45-s-long-s-fibre/logs/input-031.stdout
?? audits/2026-10-11-n45-s-long-s-fibre/logs/input-032.json
?? audits/2026-10-11-n45-s-long-s-fibre/logs/input-032.stderr
?? audits/2026-10-11-n45-s-long-s-fibre/logs/input-032.stdout
?? audits/2026-10-11-n45-s-long-s-fibre/logs/input-033.json
?? audits/2026-10-11-n45-s-long-s-fibre/logs/input-033.stderr
?? audits/2026-10-11-n45-s-long-s-fibre/logs/input-033.stdout
?? audits/2026-10-11-n45-s-long-s-fibre/logs/input-034.json
?? audits/2026-10-11-n45-s-long-s-fibre/logs/input-034.stderr
?? audits/2026-10-11-n45-s-long-s-fibre/logs/input-034.stdout
?? audits/2026-10-11-n45-s-long-s-fibre/logs/input-035.json
?? audits/2026-10-11-n45-s-long-s-fibre/logs/input-035.stderr
?? audits/2026-10-11-n45-s-long-s-fibre/logs/input-035.stdout
?? audits/2026-10-11-n45-s-long-s-fibre/logs/input-036.json
?? audits/2026-10-11-n45-s-long-s-fibre/logs/input-036.stderr
?? audits/2026-10-11-n45-s-long-s-fibre/logs/input-036.stdout
?? audits/2026-10-11-n45-s-long-s-fibre/logs/input-037.json
?? audits/2026-10-11-n45-s-long-s-fibre/logs/input-037.stderr
?? audits/2026-10-11-n45-s-long-s-fibre/logs/input-037.stdout
?? audits/2026-10-11-n45-s-long-s-fibre/logs/input-038.json
?? audits/2026-10-11-n45-s-long-s-fibre/logs/input-038.stderr
?? audits/2026-10-11-n45-s-long-s-fibre/logs/input-038.stdout
?? audits/2026-10-11-n45-s-long-s-fibre/logs/input-039.json
?? audits/2026-10-11-n45-s-long-s-fibre/logs/input-039.stderr
?? audits/2026-10-11-n45-s-long-s-fibre/logs/input-039.stdout
?? audits/2026-10-11-n45-s-long-s-fibre/logs/input-040.json
?? audits/2026-10-11-n45-s-long-s-fibre/logs/input-040.stderr
?? audits/2026-10-11-n45-s-long-s-fibre/logs/input-040.stdout
?? audits/2026-10-11-n45-s-long-s-fibre/logs/input-041.json
?? audits/2026-10-11-n45-s-long-s-fibre/logs/input-041.stderr
?? audits/2026-10-11-n45-s-long-s-fibre/logs/input-041.stdout
?? audits/2026-10-11-n45-s-long-s-fibre/logs/input-042.json
?? audits/2026-10-11-n45-s-long-s-fibre/logs/input-042.stderr
?? audits/2026-10-11-n45-s-long-s-fibre/logs/input-042.stdout
?? audits/2026-10-11-n45-s-long-s-fibre/logs/input-043.json
?? audits/2026-10-11-n45-s-long-s-fibre/logs/input-043.stderr
?? audits/2026-10-11-n45-s-long-s-fibre/logs/input-043.stdout
?? audits/2026-10-11-n45-s-long-s-fibre/logs/input-044.json
?? audits/2026-10-11-n45-s-long-s-fibre/logs/input-044.stderr
?? audits/2026-10-11-n45-s-long-s-fibre/logs/input-044.stdout
?? audits/2026-10-11-n45-s-long-s-fibre/logs/input-045.json
?? audits/2026-10-11-n45-s-long-s-fibre/logs/input-045.stderr
?? audits/2026-10-11-n45-s-long-s-fibre/logs/input-045.stdout
?? audits/2026-10-11-n45-s-long-s-fibre/logs/input-046.json
?? audits/2026-10-11-n45-s-long-s-fibre/logs/input-046.stderr
?? audits/2026-10-11-n45-s-long-s-fibre/logs/input-046.stdout
?? audits/2026-10-11-n45-s-long-s-fibre/logs/input-047.json
?? audits/2026-10-11-n45-s-long-s-fibre/logs/input-047.stderr
?? audits/2026-10-11-n45-s-long-s-fibre/logs/input-047.stdout
?? audits/2026-10-11-n45-s-long-s-fibre/logs/input-048.json
?? audits/2026-10-11-n45-s-long-s-fibre/logs/input-048.stderr
?? audits/2026-10-11-n45-s-long-s-fibre/logs/input-048.stdout
?? audits/2026-10-11-n45-s-long-s-fibre/logs/input-049.json
?? audits/2026-10-11-n45-s-long-s-fibre/logs/input-049.stderr
?? audits/2026-10-11-n45-s-long-s-fibre/logs/input-049.stdout
?? audits/2026-10-11-n45-s-long-s-fibre/logs/input-050.json
?? audits/2026-10-11-n45-s-long-s-fibre/logs/input-050.stderr
?? audits/2026-10-11-n45-s-long-s-fibre/logs/input-050.stdout
?? audits/2026-10-11-n45-s-long-s-fibre/logs/input-051.json
?? audits/2026-10-11-n45-s-long-s-fibre/logs/input-051.stderr
?? audits/2026-10-11-n45-s-long-s-fibre/logs/input-051.stdout
?? audits/2026-10-11-n45-s-long-s-fibre/logs/input-052.json
?? audits/2026-10-11-n45-s-long-s-fibre/logs/input-052.stderr
?? audits/2026-10-11-n45-s-long-s-fibre/logs/input-052.stdout
?? audits/2026-10-11-n45-s-long-s-fibre/logs/input-053.json
?? audits/2026-10-11-n45-s-long-s-fibre/logs/input-053.stderr
?? audits/2026-10-11-n45-s-long-s-fibre/logs/input-053.stdout
?? audits/2026-10-11-n45-s-long-s-fibre/logs/input-054.json
?? audits/2026-10-11-n45-s-long-s-fibre/logs/input-054.stderr
?? audits/2026-10-11-n45-s-long-s-fibre/logs/input-054.stdout
?? audits/2026-10-11-n45-s-long-s-fibre/logs/input-055.json
?? audits/2026-10-11-n45-s-long-s-fibre/logs/input-055.stderr
?? audits/2026-10-11-n45-s-long-s-fibre/logs/input-055.stdout
?? audits/2026-10-11-n45-s-long-s-fibre/logs/input-056.json
?? audits/2026-10-11-n45-s-long-s-fibre/logs/input-056.stderr
?? audits/2026-10-11-n45-s-long-s-fibre/logs/input-056.stdout
?? audits/2026-10-11-n45-s-long-s-fibre/logs/metadata-final.json
?? audits/2026-10-11-n45-s-long-s-fibre/logs/metadata-final.stderr
?? audits/2026-10-11-n45-s-long-s-fibre/logs/metadata-final.stdout
?? audits/2026-10-11-n45-s-long-s-fibre/logs/missing-final-json.json
?? audits/2026-10-11-n45-s-long-s-fibre/logs/missing-final-json.stderr
?? audits/2026-10-11-n45-s-long-s-fibre/logs/missing-final-json.stdout
?? audits/2026-10-11-n45-s-long-s-fibre/logs/negative-corrupt-certificate.json
?? audits/2026-10-11-n45-s-long-s-fibre/logs/negative-corrupt-certificate.stderr
?? audits/2026-10-11-n45-s-long-s-fibre/logs/negative-corrupt-certificate.stdout
?? audits/2026-10-11-n45-s-long-s-fibre/logs/negative-exclusive-create.json
?? audits/2026-10-11-n45-s-long-s-fibre/logs/negative-exclusive-create.stderr
?? audits/2026-10-11-n45-s-long-s-fibre/logs/negative-exclusive-create.stdout
?? audits/2026-10-11-n45-s-long-s-fibre/logs/replay-seed17.json
?? audits/2026-10-11-n45-s-long-s-fibre/logs/replay-seed17.stderr
?? audits/2026-10-11-n45-s-long-s-fibre/logs/replay-seed17.stdout
?? audits/2026-10-11-n45-s-long-s-fibre/logs/replay.json
?? audits/2026-10-11-n45-s-long-s-fibre/logs/replay.stderr
?? audits/2026-10-11-n45-s-long-s-fibre/logs/replay.stdout
?? audits/2026-10-11-n45-s-long-s-fibre/logs/seal-2-final-blob-0.json
?? audits/2026-10-11-n45-s-long-s-fibre/logs/seal-2-final-blob-0.stderr
?? audits/2026-10-11-n45-s-long-s-fibre/logs/seal-2-final-blob-0.stdout
?? audits/2026-10-11-n45-s-long-s-fibre/logs/seal-2-final-blob-1.json
?? audits/2026-10-11-n45-s-long-s-fibre/logs/seal-2-final-blob-1.stderr
?? audits/2026-10-11-n45-s-long-s-fibre/logs/seal-2-final-blob-1.stdout
?? audits/2026-10-11-n45-s-long-s-fibre/logs/seal-2-final-blob-10.json
?? audits/2026-10-11-n45-s-long-s-fibre/logs/seal-2-final-blob-10.stderr
?? audits/2026-10-11-n45-s-long-s-fibre/logs/seal-2-final-blob-10.stdout
?? audits/2026-10-11-n45-s-long-s-fibre/logs/seal-2-final-blob-11.json
?? audits/2026-10-11-n45-s-long-s-fibre/logs/seal-2-final-blob-11.stderr
?? audits/2026-10-11-n45-s-long-s-fibre/logs/seal-2-final-blob-11.stdout
?? audits/2026-10-11-n45-s-long-s-fibre/logs/seal-2-final-blob-12.json
?? audits/2026-10-11-n45-s-long-s-fibre/logs/seal-2-final-blob-12.stderr
?? audits/2026-10-11-n45-s-long-s-fibre/logs/seal-2-final-blob-12.stdout
?? audits/2026-10-11-n45-s-long-s-fibre/logs/seal-2-final-blob-13.json
?? audits/2026-10-11-n45-s-long-s-fibre/logs/seal-2-final-blob-13.stderr
?? audits/2026-10-11-n45-s-long-s-fibre/logs/seal-2-final-blob-13.stdout
?? audits/2026-10-11-n45-s-long-s-fibre/logs/seal-2-final-blob-14.json
?? audits/2026-10-11-n45-s-long-s-fibre/logs/seal-2-final-blob-14.stderr
?? audits/2026-10-11-n45-s-long-s-fibre/logs/seal-2-final-blob-14.stdout
?? audits/2026-10-11-n45-s-long-s-fibre/logs/seal-2-final-blob-15.json
?? audits/2026-10-11-n45-s-long-s-fibre/logs/seal-2-final-blob-15.stderr
?? audits/2026-10-11-n45-s-long-s-fibre/logs/seal-2-final-blob-15.stdout
?? audits/2026-10-11-n45-s-long-s-fibre/logs/seal-2-final-blob-16.json
?? audits/2026-10-11-n45-s-long-s-fibre/logs/seal-2-final-blob-16.stderr
?? audits/2026-10-11-n45-s-long-s-fibre/logs/seal-2-final-blob-16.stdout
?? audits/2026-10-11-n45-s-long-s-fibre/logs/seal-2-final-blob-17.json
?? audits/2026-10-11-n45-s-long-s-fibre/logs/seal-2-final-blob-17.stderr
?? audits/2026-10-11-n45-s-long-s-fibre/logs/seal-2-final-blob-17.stdout
?? audits/2026-10-11-n45-s-long-s-fibre/logs/seal-2-final-blob-18.json
?? audits/2026-10-11-n45-s-long-s-fibre/logs/seal-2-final-blob-18.stderr
?? audits/2026-10-11-n45-s-long-s-fibre/logs/seal-2-final-blob-18.stdout
?? audits/2026-10-11-n45-s-long-s-fibre/logs/seal-2-final-blob-19.json
?? audits/2026-10-11-n45-s-long-s-fibre/logs/seal-2-final-blob-19.stderr
?? audits/2026-10-11-n45-s-long-s-fibre/logs/seal-2-final-blob-19.stdout
?? audits/2026-10-11-n45-s-long-s-fibre/logs/seal-2-final-blob-2.json
?? audits/2026-10-11-n45-s-long-s-fibre/logs/seal-2-final-blob-2.stderr
?? audits/2026-10-11-n45-s-long-s-fibre/logs/seal-2-final-blob-2.stdout
?? audits/2026-10-11-n45-s-long-s-fibre/logs/seal-2-final-blob-20.json
?? audits/2026-10-11-n45-s-long-s-fibre/logs/seal-2-final-blob-20.stderr
?? audits/2026-10-11-n45-s-long-s-fibre/logs/seal-2-final-blob-20.stdout
?? audits/2026-10-11-n45-s-long-s-fibre/logs/seal-2-final-blob-21.json
?? audits/2026-10-11-n45-s-long-s-fibre/logs/seal-2-final-blob-21.stderr
?? audits/2026-10-11-n45-s-long-s-fibre/logs/seal-2-final-blob-21.stdout
?? audits/2026-10-11-n45-s-long-s-fibre/logs/seal-2-final-blob-22.json
?? audits/2026-10-11-n45-s-long-s-fibre/logs/seal-2-final-blob-22.stderr
?? audits/2026-10-11-n45-s-long-s-fibre/logs/seal-2-final-blob-22.stdout
?? audits/2026-10-11-n45-s-long-s-fibre/logs/seal-2-final-blob-23.json
?? audits/2026-10-11-n45-s-long-s-fibre/logs/seal-2-final-blob-23.stderr
?? audits/2026-10-11-n45-s-long-s-fibre/logs/seal-2-final-blob-23.stdout
?? audits/2026-10-11-n45-s-long-s-fibre/logs/seal-2-final-blob-24.json
?? audits/2026-10-11-n45-s-long-s-fibre/logs/seal-2-final-blob-24.stderr
?? audits/2026-10-11-n45-s-long-s-fibre/logs/seal-2-final-blob-24.stdout
?? audits/2026-10-11-n45-s-long-s-fibre/logs/seal-2-final-blob-25.json
?? audits/2026-10-11-n45-s-long-s-fibre/logs/seal-2-final-blob-25.stderr
?? audits/2026-10-11-n45-s-long-s-fibre/logs/seal-2-final-blob-25.stdout
?? audits/2026-10-11-n45-s-long-s-fibre/logs/seal-2-final-blob-26.json
?? audits/2026-10-11-n45-s-long-s-fibre/logs/seal-2-final-blob-26.stderr
?? audits/2026-10-11-n45-s-long-s-fibre/logs/seal-2-final-blob-26.stdout
?? audits/2026-10-11-n45-s-long-s-fibre/logs/seal-2-final-blob-27.json
?? audits/2026-10-11-n45-s-long-s-fibre/logs/seal-2-final-blob-27.stderr
?? audits/2026-10-11-n45-s-long-s-fibre/logs/seal-2-final-blob-27.stdout
?? audits/2026-10-11-n45-s-long-s-fibre/logs/seal-2-final-blob-28.json
?? audits/2026-10-11-n45-s-long-s-fibre/logs/seal-2-final-blob-28.stderr
?? audits/2026-10-11-n45-s-long-s-fibre/logs/seal-2-final-blob-28.stdout
?? audits/2026-10-11-n45-s-long-s-fibre/logs/seal-2-final-blob-29.json
?? audits/2026-10-11-n45-s-long-s-fibre/logs/seal-2-final-blob-29.stderr
?? audits/2026-10-11-n45-s-long-s-fibre/logs/seal-2-final-blob-29.stdout
?? audits/2026-10-11-n45-s-long-s-fibre/logs/seal-2-final-blob-3.json
?? audits/2026-10-11-n45-s-long-s-fibre/logs/seal-2-final-blob-3.stderr
?? audits/2026-10-11-n45-s-long-s-fibre/logs/seal-2-final-blob-3.stdout
?? audits/2026-10-11-n45-s-long-s-fibre/logs/seal-2-final-blob-30.json
?? audits/2026-10-11-n45-s-long-s-fibre/logs/seal-2-final-blob-30.stderr
?? audits/2026-10-11-n45-s-long-s-fibre/logs/seal-2-final-blob-30.stdout
?? audits/2026-10-11-n45-s-long-s-fibre/logs/seal-2-final-blob-31.json
?? audits/2026-10-11-n45-s-long-s-fibre/logs/seal-2-final-blob-31.stderr
?? audits/2026-10-11-n45-s-long-s-fibre/logs/seal-2-final-blob-31.stdout
?? audits/2026-10-11-n45-s-long-s-fibre/logs/seal-2-final-blob-32.json
?? audits/2026-10-11-n45-s-long-s-fibre/logs/seal-2-final-blob-32.stderr
?? audits/2026-10-11-n45-s-long-s-fibre/logs/seal-2-final-blob-32.stdout
?? audits/2026-10-11-n45-s-long-s-fibre/logs/seal-2-final-blob-33.json
?? audits/2026-10-11-n45-s-long-s-fibre/logs/seal-2-final-blob-33.stderr
?? audits/2026-10-11-n45-s-long-s-fibre/logs/seal-2-final-blob-33.stdout
?? audits/2026-10-11-n45-s-long-s-fibre/logs/seal-2-final-blob-34.json
?? audits/2026-10-11-n45-s-long-s-fibre/logs/seal-2-final-blob-34.stderr
?? audits/2026-10-11-n45-s-long-s-fibre/logs/seal-2-final-blob-34.stdout
?? audits/2026-10-11-n45-s-long-s-fibre/logs/seal-2-final-blob-35.json
?? audits/2026-10-11-n45-s-long-s-fibre/logs/seal-2-final-blob-35.stderr
?? audits/2026-10-11-n45-s-long-s-fibre/logs/seal-2-final-blob-35.stdout
?? audits/2026-10-11-n45-s-long-s-fibre/logs/seal-2-final-blob-36.json
?? audits/2026-10-11-n45-s-long-s-fibre/logs/seal-2-final-blob-36.stderr
?? audits/2026-10-11-n45-s-long-s-fibre/logs/seal-2-final-blob-36.stdout
?? audits/2026-10-11-n45-s-long-s-fibre/logs/seal-2-final-blob-37.json
?? audits/2026-10-11-n45-s-long-s-fibre/logs/seal-2-final-blob-37.stderr
?? audits/2026-10-11-n45-s-long-s-fibre/logs/seal-2-final-blob-37.stdout
?? audits/2026-10-11-n45-s-long-s-fibre/logs/seal-2-final-blob-38.json
?? audits/2026-10-11-n45-s-long-s-fibre/logs/seal-2-final-blob-38.stderr
?? audits/2026-10-11-n45-s-long-s-fibre/logs/seal-2-final-blob-38.stdout
?? audits/2026-10-11-n45-s-long-s-fibre/logs/seal-2-final-blob-39.json
?? audits/2026-10-11-n45-s-long-s-fibre/logs/seal-2-final-blob-39.stderr
?? audits/2026-10-11-n45-s-long-s-fibre/logs/seal-2-final-blob-39.stdout
?? audits/2026-10-11-n45-s-long-s-fibre/logs/seal-2-final-blob-4.json
?? audits/2026-10-11-n45-s-long-s-fibre/logs/seal-2-final-blob-4.stderr
?? audits/2026-10-11-n45-s-long-s-fibre/logs/seal-2-final-blob-4.stdout
?? audits/2026-10-11-n45-s-long-s-fibre/logs/seal-2-final-blob-40.json
?? audits/2026-10-11-n45-s-long-s-fibre/logs/seal-2-final-blob-40.stderr
?? audits/2026-10-11-n45-s-long-s-fibre/logs/seal-2-final-blob-40.stdout
?? audits/2026-10-11-n45-s-long-s-fibre/logs/seal-2-final-blob-41.json
?? audits/2026-10-11-n45-s-long-s-fibre/logs/seal-2-final-blob-41.stderr
?? audits/2026-10-11-n45-s-long-s-fibre/logs/seal-2-final-blob-41.stdout
?? audits/2026-10-11-n45-s-long-s-fibre/logs/seal-2-final-blob-42.json
?? audits/2026-10-11-n45-s-long-s-fibre/logs/seal-2-final-blob-42.stderr
?? audits/2026-10-11-n45-s-long-s-fibre/logs/seal-2-final-blob-42.stdout
?? audits/2026-10-11-n45-s-long-s-fibre/logs/seal-2-final-blob-43.json
?? audits/2026-10-11-n45-s-long-s-fibre/logs/seal-2-final-blob-43.stderr
?? audits/2026-10-11-n45-s-long-s-fibre/logs/seal-2-final-blob-43.stdout
?? audits/2026-10-11-n45-s-long-s-fibre/logs/seal-2-final-blob-44.json
?? audits/2026-10-11-n45-s-long-s-fibre/logs/seal-2-final-blob-44.stderr
?? audits/2026-10-11-n45-s-long-s-fibre/logs/seal-2-final-blob-44.stdout
?? audits/2026-10-11-n45-s-long-s-fibre/logs/seal-2-final-blob-45.json
?? audits/2026-10-11-n45-s-long-s-fibre/logs/seal-2-final-blob-45.stderr
?? audits/2026-10-11-n45-s-long-s-fibre/logs/seal-2-final-blob-45.stdout
?? audits/2026-10-11-n45-s-long-s-fibre/logs/seal-2-final-blob-46.json
?? audits/2026-10-11-n45-s-long-s-fibre/logs/seal-2-final-blob-46.stderr
?? audits/2026-10-11-n45-s-long-s-fibre/logs/seal-2-final-blob-46.stdout
?? audits/2026-10-11-n45-s-long-s-fibre/logs/seal-2-final-blob-47.json
?? audits/2026-10-11-n45-s-long-s-fibre/logs/seal-2-final-blob-47.stderr
?? audits/2026-10-11-n45-s-long-s-fibre/logs/seal-2-final-blob-47.stdout
?? audits/2026-10-11-n45-s-long-s-fibre/logs/seal-2-final-blob-48.json
?? audits/2026-10-11-n45-s-long-s-fibre/logs/seal-2-final-blob-48.stderr
?? audits/2026-10-11-n45-s-long-s-fibre/logs/seal-2-final-blob-48.stdout
?? audits/2026-10-11-n45-s-long-s-fibre/logs/seal-2-final-blob-49.json
?? audits/2026-10-11-n45-s-long-s-fibre/logs/seal-2-final-blob-49.stderr
?? audits/2026-10-11-n45-s-long-s-fibre/logs/seal-2-final-blob-49.stdout
?? audits/2026-10-11-n45-s-long-s-fibre/logs/seal-2-final-blob-5.json
?? audits/2026-10-11-n45-s-long-s-fibre/logs/seal-2-final-blob-5.stderr
?? audits/2026-10-11-n45-s-long-s-fibre/logs/seal-2-final-blob-5.stdout
?? audits/2026-10-11-n45-s-long-s-fibre/logs/seal-2-final-blob-50.json
?? audits/2026-10-11-n45-s-long-s-fibre/logs/seal-2-final-blob-50.stderr
?? audits/2026-10-11-n45-s-long-s-fibre/logs/seal-2-final-blob-50.stdout
?? audits/2026-10-11-n45-s-long-s-fibre/logs/seal-2-final-blob-51.json
?? audits/2026-10-11-n45-s-long-s-fibre/logs/seal-2-final-blob-51.stderr
?? audits/2026-10-11-n45-s-long-s-fibre/logs/seal-2-final-blob-51.stdout
?? audits/2026-10-11-n45-s-long-s-fibre/logs/seal-2-final-blob-52.json
?? audits/2026-10-11-n45-s-long-s-fibre/logs/seal-2-final-blob-52.stderr
?? audits/2026-10-11-n45-s-long-s-fibre/logs/seal-2-final-blob-52.stdout
?? audits/2026-10-11-n45-s-long-s-fibre/logs/seal-2-final-blob-53.json
?? audits/2026-10-11-n45-s-long-s-fibre/logs/seal-2-final-blob-53.stderr
?? audits/2026-10-11-n45-s-long-s-fibre/logs/seal-2-final-blob-53.stdout
?? audits/2026-10-11-n45-s-long-s-fibre/logs/seal-2-final-blob-54.json
?? audits/2026-10-11-n45-s-long-s-fibre/logs/seal-2-final-blob-54.stderr
?? audits/2026-10-11-n45-s-long-s-fibre/logs/seal-2-final-blob-54.stdout
?? audits/2026-10-11-n45-s-long-s-fibre/logs/seal-2-final-blob-55.json
?? audits/2026-10-11-n45-s-long-s-fibre/logs/seal-2-final-blob-55.stderr
?? audits/2026-10-11-n45-s-long-s-fibre/logs/seal-2-final-blob-55.stdout
?? audits/2026-10-11-n45-s-long-s-fibre/logs/seal-2-final-blob-56.json
?? audits/2026-10-11-n45-s-long-s-fibre/logs/seal-2-final-blob-56.stderr
?? audits/2026-10-11-n45-s-long-s-fibre/logs/seal-2-final-blob-56.stdout
?? audits/2026-10-11-n45-s-long-s-fibre/logs/seal-2-final-blob-57.json
?? audits/2026-10-11-n45-s-long-s-fibre/logs/seal-2-final-blob-57.stderr
?? audits/2026-10-11-n45-s-long-s-fibre/logs/seal-2-final-blob-57.stdout
?? audits/2026-10-11-n45-s-long-s-fibre/logs/seal-2-final-blob-6.json
?? audits/2026-10-11-n45-s-long-s-fibre/logs/seal-2-final-blob-6.stderr
?? audits/2026-10-11-n45-s-long-s-fibre/logs/seal-2-final-blob-6.stdout
?? audits/2026-10-11-n45-s-long-s-fibre/logs/seal-2-final-blob-7.json
?? audits/2026-10-11-n45-s-long-s-fibre/logs/seal-2-final-blob-7.stderr
?? audits/2026-10-11-n45-s-long-s-fibre/logs/seal-2-final-blob-7.stdout
?? audits/2026-10-11-n45-s-long-s-fibre/logs/seal-2-final-blob-8.json
?? audits/2026-10-11-n45-s-long-s-fibre/logs/seal-2-final-blob-8.stderr
?? audits/2026-10-11-n45-s-long-s-fibre/logs/seal-2-final-blob-8.stdout
?? audits/2026-10-11-n45-s-long-s-fibre/logs/seal-2-final-blob-9.json
?? audits/2026-10-11-n45-s-long-s-fibre/logs/seal-2-final-blob-9.stderr
?? audits/2026-10-11-n45-s-long-s-fibre/logs/seal-2-final-blob-9.stdout
?? audits/2026-10-11-n45-s-long-s-fibre/logs/seal-2-final-git-diff-check.json
?? audits/2026-10-11-n45-s-long-s-fibre/logs/seal-2-final-git-diff-check.stderr
?? audits/2026-10-11-n45-s-long-s-fibre/logs/seal-2-final-git-diff-check.stdout
?? audits/2026-10-11-n45-s-long-s-fibre/logs/seal-2-final-head.json
?? audits/2026-10-11-n45-s-long-s-fibre/logs/seal-2-final-head.stderr
?? audits/2026-10-11-n45-s-long-s-fibre/logs/seal-2-final-head.stdout
?? audits/2026-10-11-n45-s-long-s-fibre/logs/seal-2-final-tracked-diff.json
?? audits/2026-10-11-n45-s-long-s-fibre/logs/seal-2-final-tracked-diff.stderr
?? audits/2026-10-11-n45-s-long-s-fibre/logs/seal-2-final-tracked-diff.stdout
?? audits/2026-10-11-n45-s-long-s-fibre/logs/seal-attempt1.json
?? audits/2026-10-11-n45-s-long-s-fibre/logs/seal-attempt1.stderr
?? audits/2026-10-11-n45-s-long-s-fibre/logs/seal-attempt1.stdout
?? audits/2026-10-11-n45-s-long-s-fibre/logs/status-before-capture.json
?? audits/2026-10-11-n45-s-long-s-fibre/logs/status-before-capture.stderr
?? audits/2026-10-11-n45-s-long-s-fibre/logs/status-before-capture.stdout
?? audits/2026-10-11-n45-s-long-s-fibre/logs/supplement-degree4-blob.json
?? audits/2026-10-11-n45-s-long-s-fibre/logs/supplement-degree4-blob.stderr
?? audits/2026-10-11-n45-s-long-s-fibre/logs/supplement-degree4-blob.stdout
?? audits/2026-10-11-n45-s-long-s-fibre/logs/supplement-degree4-guide.json
?? audits/2026-10-11-n45-s-long-s-fibre/logs/supplement-degree4-guide.stderr
?? audits/2026-10-11-n45-s-long-s-fibre/logs/supplement-degree4-guide.stdout
?? audits/2026-10-11-n45-s-long-s-fibre/metadata-initial/claims.json
?? audits/2026-10-11-n45-s-long-s-fibre/metadata-initial/obligations.json
?? audits/2026-10-11-n45-s-long-s-fibre/metadata-initial/reviews.json
?? audits/2026-10-11-n45-s-long-s-fibre/negative-corrupt-certificate.json
?? audits/2026-10-11-n45-s-long-s-fibre/obligations.json
?? audits/2026-10-11-n45-s-long-s-fibre/reviews.json
?? audits/2026-10-11-n45-s-long-s-fibre/run_checks.py
?? audits/2026-10-11-n45-s-long-s-fibre/seal.py
?? audits/2026-10-11-n45-s-long-s-fibre/setup.py
?? audits/2026-10-11-n45-s-long-s-fibre/source-findings.json
?? audits/2026-10-11-n45-s-long-s-joint-review/checks.json
?? audits/2026-10-11-n45-s-long-s-joint-review/custody-after.json
?? audits/2026-10-11-n45-s-long-s-joint-review/custody-before.json
?? audits/2026-10-11-n45-s-long-s-joint-review/logs/bad-C-r-colour.command.json
?? audits/2026-10-11-n45-s-long-s-joint-review/logs/bad-C-r-colour.stderr.log
?? audits/2026-10-11-n45-s-long-s-joint-review/logs/bad-C-r-colour.stdout.log
?? audits/2026-10-11-n45-s-long-s-joint-review/logs/delivery.command.json
?? audits/2026-10-11-n45-s-long-s-joint-review/logs/delivery.stderr.log
?? audits/2026-10-11-n45-s-long-s-joint-review/logs/delivery.stdout.log
?? audits/2026-10-11-n45-s-long-s-joint-review/logs/missing-empty-ambient.command.json
?? audits/2026-10-11-n45-s-long-s-joint-review/logs/missing-empty-ambient.stderr.log
?? audits/2026-10-11-n45-s-long-s-joint-review/logs/missing-empty-ambient.stdout.log
?? audits/2026-10-11-n45-s-long-s-joint-review/logs/normal.command.json
?? audits/2026-10-11-n45-s-long-s-joint-review/logs/normal.stderr.log
?? audits/2026-10-11-n45-s-long-s-joint-review/logs/normal.stdout.log
?? audits/2026-10-11-n45-s-long-s-joint-review/logs/seed17.command.json
?? audits/2026-10-11-n45-s-long-s-joint-review/logs/seed17.stderr.log
?? audits/2026-10-11-n45-s-long-s-joint-review/logs/seed17.stdout.log
?? audits/2026-10-11-n45-s-long-s-joint-review/replay.py
?? audits/2026-10-11-n45-s-long-s-joint/REPORT.md
?? audits/2026-10-11-n45-s-long-s-joint/bad-C-r-colour.json
?? audits/2026-10-11-n45-s-long-s-joint/boundary-attempt1.json
?? audits/2026-10-11-n45-s-long-s-joint/certificate.json
?? audits/2026-10-11-n45-s-long-s-joint/checker.py
?? audits/2026-10-11-n45-s-long-s-joint/checks.json
?? audits/2026-10-11-n45-s-long-s-joint/claims.json
?? audits/2026-10-11-n45-s-long-s-joint/custody-after.json
?? audits/2026-10-11-n45-s-long-s-joint/custody-before.json
?? audits/2026-10-11-n45-s-long-s-joint/delivery-verification.json
?? audits/2026-10-11-n45-s-long-s-joint/delivery.json
?? audits/2026-10-11-n45-s-long-s-joint/final-boundary.json
?? audits/2026-10-11-n45-s-long-s-joint/frozen/artifacts/c5_excess_two_e4c/controls/NA7-0002.json
?? audits/2026-10-11-n45-s-long-s-joint/frozen/artifacts/c5_excess_two_e4c/controls/NA8-0014.json
?? audits/2026-10-11-n45-s-long-s-joint/frozen/artifacts/c5_excess_two_e4c/controls/NA8-0015.json
?? audits/2026-10-11-n45-s-long-s-joint/frozen/artifacts/c5_excess_two_e4c/controls/NA8-0016.json
?? audits/2026-10-11-n45-s-long-s-joint/frozen/artifacts/c5_excess_two_e4c/controls/NA8-0017.json
?? audits/2026-10-11-n45-s-long-s-joint/frozen/artifacts/c5_excess_two_e4c/controls/NA8-0018.json
?? audits/2026-10-11-n45-s-long-s-joint/frozen/artifacts/c5_excess_two_e4c/controls/NA8-0020.json
?? audits/2026-10-11-n45-s-long-s-joint/frozen/artifacts/c5_excess_two_e4c/controls/NA8-0021.json
?? audits/2026-10-11-n45-s-long-s-joint/frozen/artifacts/c5_excess_two_e4c/controls/NA8-0022.json
?? audits/2026-10-11-n45-s-long-s-joint/frozen/artifacts/c5_excess_two_e4c/controls/NA9-0010.json
?? audits/2026-10-11-n45-s-long-s-joint/frozen/artifacts/c5_excess_two_e4c/controls/NA9-0011.json
?? audits/2026-10-11-n45-s-long-s-joint/frozen/artifacts/c5_excess_two_e4c/controls/NA9-0020.json
?? audits/2026-10-11-n45-s-long-s-joint/frozen/artifacts/c5_excess_two_e4c/controls/NA9-0021.json
?? audits/2026-10-11-n45-s-long-s-joint/frozen/artifacts/c5_excess_two_e4c/controls/NA9-0022.json
?? audits/2026-10-11-n45-s-long-s-joint/frozen/artifacts/c5_excess_two_e4c/controls/NA9-0023.json
?? audits/2026-10-11-n45-s-long-s-joint/frozen/artifacts/c5_excess_two_e4c/controls/NA9-0024.json
?? audits/2026-10-11-n45-s-long-s-joint/frozen/artifacts/c5_excess_two_e4c/controls/NA9-0025.json
?? audits/2026-10-11-n45-s-long-s-joint/frozen/artifacts/c5_excess_two_e4c/controls/NA9-0026.json
?? audits/2026-10-11-n45-s-long-s-joint/frozen/artifacts/c5_excess_two_e4c/controls/NA9-0027.json
?? audits/2026-10-11-n45-s-long-s-joint/frozen/artifacts/c5_excess_two_finite_search/NA_k7_validate/crit_orbits/orbit_0002.json
?? audits/2026-10-11-n45-s-long-s-joint/frozen/artifacts/c5_excess_two_finite_search/NA_k8_validate/crit_orbits/orbit_0014.json
?? audits/2026-10-11-n45-s-long-s-joint/frozen/artifacts/c5_excess_two_finite_search/NA_k8_validate/crit_orbits/orbit_0015.json
?? audits/2026-10-11-n45-s-long-s-joint/frozen/artifacts/c5_excess_two_finite_search/NA_k8_validate/crit_orbits/orbit_0016.json
?? audits/2026-10-11-n45-s-long-s-joint/frozen/artifacts/c5_excess_two_finite_search/NA_k8_validate/crit_orbits/orbit_0017.json
?? audits/2026-10-11-n45-s-long-s-joint/frozen/artifacts/c5_excess_two_finite_search/NA_k8_validate/crit_orbits/orbit_0018.json
?? audits/2026-10-11-n45-s-long-s-joint/frozen/artifacts/c5_excess_two_finite_search/NA_k8_validate/crit_orbits/orbit_0020.json
?? audits/2026-10-11-n45-s-long-s-joint/frozen/artifacts/c5_excess_two_finite_search/NA_k8_validate/crit_orbits/orbit_0021.json
?? audits/2026-10-11-n45-s-long-s-joint/frozen/artifacts/c5_excess_two_finite_search/NA_k8_validate/crit_orbits/orbit_0022.json
?? audits/2026-10-11-n45-s-long-s-joint/frozen/artifacts/c5_excess_two_finite_search/NA_k9_validate/crit_orbits/orbit_0010.json
?? audits/2026-10-11-n45-s-long-s-joint/frozen/artifacts/c5_excess_two_finite_search/NA_k9_validate/crit_orbits/orbit_0011.json
?? audits/2026-10-11-n45-s-long-s-joint/frozen/artifacts/c5_excess_two_finite_search/NA_k9_validate/crit_orbits/orbit_0020.json
?? audits/2026-10-11-n45-s-long-s-joint/frozen/artifacts/c5_excess_two_finite_search/NA_k9_validate/crit_orbits/orbit_0021.json
?? audits/2026-10-11-n45-s-long-s-joint/frozen/artifacts/c5_excess_two_finite_search/NA_k9_validate/crit_orbits/orbit_0022.json
?? audits/2026-10-11-n45-s-long-s-joint/frozen/artifacts/c5_excess_two_finite_search/NA_k9_validate/crit_orbits/orbit_0023.json
?? audits/2026-10-11-n45-s-long-s-joint/frozen/artifacts/c5_excess_two_finite_search/NA_k9_validate/crit_orbits/orbit_0024.json
?? audits/2026-10-11-n45-s-long-s-joint/frozen/artifacts/c5_excess_two_finite_search/NA_k9_validate/crit_orbits/orbit_0025.json
?? audits/2026-10-11-n45-s-long-s-joint/frozen/artifacts/c5_excess_two_finite_search/NA_k9_validate/crit_orbits/orbit_0026.json
?? audits/2026-10-11-n45-s-long-s-joint/frozen/artifacts/c5_excess_two_finite_search/NA_k9_validate/crit_orbits/orbit_0027.json
?? audits/2026-10-11-n45-s-long-s-joint/frozen/audits/.archive/blobs/41c3b82ab4afdade42f70b722a2624a9d1a726a4af22f783a09ab32a099b4ed6.gz
?? audits/2026-10-11-n45-s-long-s-joint/frozen/audits/2026-10-10-n45-s-long-contract/REPORT.md
?? audits/2026-10-11-n45-s-long-s-joint/frozen/audits/2026-10-10-n45-s-long-contract/certificate-v2.json
?? audits/2026-10-11-n45-s-long-s-joint/frozen/audits/2026-10-10-n45-s-long-contract/checker.py
?? audits/2026-10-11-n45-s-long-s-joint/frozen/audits/2026-10-10-n45-s-long-contract/delivery.json
?? audits/2026-10-11-n45-s-long-s-joint/frozen/audits/2026-10-10-n45-s-long-contract/inputs.json
?? audits/2026-10-11-n45-s-long-s-joint/frozen/audits/2026-10-10-n45-s-long-r-map/REPORT.md
?? audits/2026-10-11-n45-s-long-s-joint/frozen/audits/2026-10-10-n45-s-long-r-map/checker.py
?? audits/2026-10-11-n45-s-long-s-joint/frozen/audits/2026-10-10-n45-s-long-r-map/inputs.json
?? audits/2026-10-11-n45-s-long-s-joint/frozen/audits/ARCHIVE.json
?? audits/2026-10-11-n45-s-long-s-joint/frozen/docs/HANDOFF.md
?? audits/2026-10-11-n45-s-long-s-joint/frozen/docs/STATUS.md
?? audits/2026-10-11-n45-s-long-s-joint/frozen/docs/c5_excess_two_nonadjacent_unit_core45.md
?? audits/2026-10-11-n45-s-long-s-joint/inputs.json
?? audits/2026-10-11-n45-s-long-s-joint/logs/bad-C-r-colour.command.json
?? audits/2026-10-11-n45-s-long-s-joint/logs/bad-C-r-colour.stderr.log
?? audits/2026-10-11-n45-s-long-s-joint/logs/bad-C-r-colour.stdout.log
?? audits/2026-10-11-n45-s-long-s-joint/logs/delivery-create.command.json
?? audits/2026-10-11-n45-s-long-s-joint/logs/delivery-create.stderr.log
?? audits/2026-10-11-n45-s-long-s-joint/logs/delivery-create.stdout.log
?? audits/2026-10-11-n45-s-long-s-joint/logs/delivery-verify.command.json
?? audits/2026-10-11-n45-s-long-s-joint/logs/delivery-verify.stderr.log
?? audits/2026-10-11-n45-s-long-s-joint/logs/delivery-verify.stdout.log
?? audits/2026-10-11-n45-s-long-s-joint/logs/exclusive-create-existing.command.json
?? audits/2026-10-11-n45-s-long-s-joint/logs/exclusive-create-existing.stderr.log
?? audits/2026-10-11-n45-s-long-s-joint/logs/exclusive-create-existing.stdout.log
?? audits/2026-10-11-n45-s-long-s-joint/logs/final-git-status.command.json
?? audits/2026-10-11-n45-s-long-s-joint/logs/final-git-status.stderr.log
?? audits/2026-10-11-n45-s-long-s-joint/logs/final-git-status.stdout.log
?? audits/2026-10-11-n45-s-long-s-joint/logs/final-head.command.json
?? audits/2026-10-11-n45-s-long-s-joint/logs/final-head.stderr.log
?? audits/2026-10-11-n45-s-long-s-joint/logs/final-head.stdout.log
?? audits/2026-10-11-n45-s-long-s-joint/logs/generation-attempt1.command.json
?? audits/2026-10-11-n45-s-long-s-joint/logs/generation-attempt1.stderr.log
?? audits/2026-10-11-n45-s-long-s-joint/logs/generation-attempt1.stdout.log
?? audits/2026-10-11-n45-s-long-s-joint/logs/missing-empty-ambient.command.json
?? audits/2026-10-11-n45-s-long-s-joint/logs/missing-empty-ambient.stderr.log
?? audits/2026-10-11-n45-s-long-s-joint/logs/missing-empty-ambient.stdout.log
?? audits/2026-10-11-n45-s-long-s-joint/logs/normal.command.json
?? audits/2026-10-11-n45-s-long-s-joint/logs/normal.stderr.log
?? audits/2026-10-11-n45-s-long-s-joint/logs/normal.stdout.log
?? audits/2026-10-11-n45-s-long-s-joint/logs/own-final-git-status.command.json
?? audits/2026-10-11-n45-s-long-s-joint/logs/own-final-git-status.stderr.log
?? audits/2026-10-11-n45-s-long-s-joint/logs/own-final-git-status.stdout.log
?? audits/2026-10-11-n45-s-long-s-joint/logs/seed17.command.json
?? audits/2026-10-11-n45-s-long-s-joint/logs/seed17.stderr.log
?? audits/2026-10-11-n45-s-long-s-joint/logs/seed17.stdout.log
?? audits/2026-10-11-n45-s-long-s-joint/logs/setup-missing-blob.stderr.log
?? audits/2026-10-11-n45-s-long-s-joint/logs/setup-missing-blob.stdout.log
?? audits/2026-10-11-n45-s-long-s-joint/logs/tracked-diff-final.command.json
?? audits/2026-10-11-n45-s-long-s-joint/logs/tracked-diff-final.stderr.log
?? audits/2026-10-11-n45-s-long-s-joint/logs/tracked-diff-final.stdout.log
?? audits/2026-10-11-n45-s-long-s-joint/logs/tracked-diff.command.json
?? audits/2026-10-11-n45-s-long-s-joint/logs/tracked-diff.stderr.log
?? audits/2026-10-11-n45-s-long-s-joint/logs/tracked-diff.stdout.log
?? audits/2026-10-11-n45-s-long-s-joint/missing-empty-ambient.json
?? audits/2026-10-11-n45-s-long-s-joint/reviews.json
?? audits/2026-10-11-n45-s-long-s-joint/run_checks.py
?? audits/2026-10-11-n45-s-long-s-joint/seal_delivery.py
?? audits/2026-10-11-n45-s-long-s-joint/setup-attempt1.json
