?? audits/2026-10-11-n45-s-long-s-direct/SOURCE-MISMATCH-additional.json
?? audits/2026-10-11-n45-s-long-s-direct/findings.json
?? audits/2026-10-11-n45-s-long-s-direct/frozen/audits/2026-10-10-n45-s-long-contract/REPORT.md
?? audits/2026-10-11-n45-s-long-s-direct/frozen/audits/2026-10-10-n45-s-long-r-map/REPORT.md
?? audits/2026-10-11-n45-s-long-s-direct/frozen/docs/HANDOFF.md
?? audits/2026-10-11-n45-s-long-s-direct/frozen/docs/STATUS.md
?? audits/2026-10-11-n45-s-long-s-direct/frozen/docs/c5_degree5_interfaces.md
?? audits/2026-10-11-n45-s-long-s-direct/frozen/docs/c5_degree5_tree_components.md
?? audits/2026-10-11-n45-s-long-s-direct/frozen/docs/c5_excess_two_nonadjacent_unit_core45.md
?? audits/2026-10-11-n45-s-long-s-direct/frozen/docs/c5_no_spoke_exterior.md
?? audits/2026-10-11-n45-s-long-s-direct/frozen/docs/c5_single_spoke_cores.md
?? audits/2026-10-11-n45-s-long-s-direct/frozen/docs/c5_single_spoke_four.md
?? audits/2026-10-11-n45-s-long-s-direct/frozen/docs/c5_single_spoke_three_one.md
?? audits/2026-10-11-n45-s-long-s-direct/frozen/docs/c5_two_spoke_three_contacts.md
?? audits/2026-10-11-n45-s-long-s-direct/frozen/external/gallai.pdf
?? audits/2026-10-11-n45-s-long-s-direct/frozen/scripts/c5_degree5_interfaces.py
?? audits/2026-10-11-n45-s-long-s-direct/frozen/scripts/c5_no_spoke_exterior.py
?? audits/2026-10-11-n45-s-long-s-direct/frozen/scripts/c5_single_spoke_cores.py
?? audits/2026-10-11-n45-s-long-s-direct/frozen/scripts/c5_single_spoke_four.py
?? audits/2026-10-11-n45-s-long-s-direct/frozen/scripts/c5_single_spoke_three_one.py
?? audits/2026-10-11-n45-s-long-s-direct/frozen/scripts/c5_two_spoke_three_contacts.py
?? audits/2026-10-11-n45-s-long-s-direct/input-records-v1.json
?? audits/2026-10-11-n45-s-long-s-direct/inputs.json
?? audits/2026-10-11-n45-s-long-s-direct/logs/bootstrap.json
?? audits/2026-10-11-n45-s-long-s-direct/logs/freeze-additional.json
?? audits/2026-10-11-n45-s-long-s-direct/logs/freeze-recovery.json
?? audits/2026-10-11-n45-s-long-s-direct/quarantine/artifacts/c5_no_spoke_exterior/observations.json
?? audits/2026-10-11-n45-s-long-s-fibre/logs/control-inventory.json
?? audits/2026-10-11-n45-s-long-s-fibre/logs/control-inventory.stderr
?? audits/2026-10-11-n45-s-long-s-fibre/logs/control-inventory.stdout
?? audits/2026-10-11-n45-s-long-s-fibre/logs/head.json
?? audits/2026-10-11-n45-s-long-s-fibre/logs/head.stderr
?? audits/2026-10-11-n45-s-long-s-fibre/logs/head.stdout
?? audits/2026-10-11-n45-s-long-s-fibre/setup.py
?? audits/2026-10-11-n45-s-long-s-joint/bad-C-r-colour.json
?? audits/2026-10-11-n45-s-long-s-joint/certificate.json
?? audits/2026-10-11-n45-s-long-s-joint/checker.py
?? audits/2026-10-11-n45-s-long-s-joint/checks.json
?? audits/2026-10-11-n45-s-long-s-joint/custody-after.json
?? audits/2026-10-11-n45-s-long-s-joint/custody-before.json
?? audits/2026-10-11-n45-s-long-s-joint/frozen/artifacts/c5_excess_two_e4c/controls/NA7-0002.json
?? audits/2026-10-11-n45-s-long-s-joint/frozen/artifacts/c5_excess_two_e4c/controls/NA8-0014.json
?? audits/2026-10-11-n45-s-long-s-joint/frozen/artifacts/c5_excess_two_e4c/controls/NA8-0015.json
?? audits/2026-10-11-n45-s-long-s-joint/frozen/artifacts/c5_excess_two_e4c/controls/NA8-0016.json
?? audits/2026-10-11-n45-s-long-s-joint/frozen/artifacts/c5_excess_two_e4c/controls/NA8-0017.json
?? audits/2026-10-11-n45-s-long-s-joint/frozen/artifacts/c5_excess_two_e4c/controls/NA8-0018.json
?? audits/2026-10-11-n45-s-long-s-joint/frozen/artifacts/c5_excess_two_e4c/controls/NA8-0020.json
?? audits/2026-10-11-n45-s-long-s-joint/frozen/artifacts/c5_excess_two_e4c/controls/NA8-0021.json
?? audits/2026-10-11-n45-s-long-s-joint/frozen/artifacts/c5_excess_two_e4c/controls/NA8-0022.json
?? audits/2026-10-11-n45-s-long-s-joint/frozen/artifacts/c5_excess_two_e4c/controls/NA9-0010.json
?? audits/2026-10-11-n45-s-long-s-joint/frozen/artifacts/c5_excess_two_e4c/controls/NA9-0011.json
?? audits/2026-10-11-n45-s-long-s-joint/frozen/artifacts/c5_excess_two_e4c/controls/NA9-0020.json
?? audits/2026-10-11-n45-s-long-s-joint/frozen/artifacts/c5_excess_two_e4c/controls/NA9-0021.json
?? audits/2026-10-11-n45-s-long-s-joint/frozen/artifacts/c5_excess_two_e4c/controls/NA9-0022.json
?? audits/2026-10-11-n45-s-long-s-joint/frozen/artifacts/c5_excess_two_e4c/controls/NA9-0023.json
?? audits/2026-10-11-n45-s-long-s-joint/frozen/artifacts/c5_excess_two_e4c/controls/NA9-0024.json
?? audits/2026-10-11-n45-s-long-s-joint/frozen/artifacts/c5_excess_two_e4c/controls/NA9-0025.json
?? audits/2026-10-11-n45-s-long-s-joint/frozen/artifacts/c5_excess_two_e4c/controls/NA9-0026.json
?? audits/2026-10-11-n45-s-long-s-joint/frozen/artifacts/c5_excess_two_e4c/controls/NA9-0027.json
?? audits/2026-10-11-n45-s-long-s-joint/frozen/artifacts/c5_excess_two_finite_search/NA_k7_validate/crit_orbits/orbit_0002.json
?? audits/2026-10-11-n45-s-long-s-joint/frozen/artifacts/c5_excess_two_finite_search/NA_k8_validate/crit_orbits/orbit_0014.json
?? audits/2026-10-11-n45-s-long-s-joint/frozen/artifacts/c5_excess_two_finite_search/NA_k8_validate/crit_orbits/orbit_0015.json
?? audits/2026-10-11-n45-s-long-s-joint/frozen/artifacts/c5_excess_two_finite_search/NA_k8_validate/crit_orbits/orbit_0016.json
?? audits/2026-10-11-n45-s-long-s-joint/frozen/artifacts/c5_excess_two_finite_search/NA_k8_validate/crit_orbits/orbit_0017.json
?? audits/2026-10-11-n45-s-long-s-joint/frozen/artifacts/c5_excess_two_finite_search/NA_k8_validate/crit_orbits/orbit_0018.json
?? audits/2026-10-11-n45-s-long-s-joint/frozen/artifacts/c5_excess_two_finite_search/NA_k8_validate/crit_orbits/orbit_0020.json
?? audits/2026-10-11-n45-s-long-s-joint/frozen/artifacts/c5_excess_two_finite_search/NA_k8_validate/crit_orbits/orbit_0021.json
?? audits/2026-10-11-n45-s-long-s-joint/frozen/artifacts/c5_excess_two_finite_search/NA_k8_validate/crit_orbits/orbit_0022.json
?? audits/2026-10-11-n45-s-long-s-joint/frozen/artifacts/c5_excess_two_finite_search/NA_k9_validate/crit_orbits/orbit_0010.json
?? audits/2026-10-11-n45-s-long-s-joint/frozen/artifacts/c5_excess_two_finite_search/NA_k9_validate/crit_orbits/orbit_0011.json
?? audits/2026-10-11-n45-s-long-s-joint/frozen/artifacts/c5_excess_two_finite_search/NA_k9_validate/crit_orbits/orbit_0020.json
?? audits/2026-10-11-n45-s-long-s-joint/frozen/artifacts/c5_excess_two_finite_search/NA_k9_validate/crit_orbits/orbit_0021.json
?? audits/2026-10-11-n45-s-long-s-joint/frozen/artifacts/c5_excess_two_finite_search/NA_k9_validate/crit_orbits/orbit_0022.json
?? audits/2026-10-11-n45-s-long-s-joint/frozen/artifacts/c5_excess_two_finite_search/NA_k9_validate/crit_orbits/orbit_0023.json
?? audits/2026-10-11-n45-s-long-s-joint/frozen/artifacts/c5_excess_two_finite_search/NA_k9_validate/crit_orbits/orbit_0024.json
?? audits/2026-10-11-n45-s-long-s-joint/frozen/artifacts/c5_excess_two_finite_search/NA_k9_validate/crit_orbits/orbit_0025.json
?? audits/2026-10-11-n45-s-long-s-joint/frozen/artifacts/c5_excess_two_finite_search/NA_k9_validate/crit_orbits/orbit_0026.json
?? audits/2026-10-11-n45-s-long-s-joint/frozen/artifacts/c5_excess_two_finite_search/NA_k9_validate/crit_orbits/orbit_0027.json
?? audits/2026-10-11-n45-s-long-s-joint/frozen/audits/.archive/blobs/41c3b82ab4afdade42f70b722a2624a9d1a726a4af22f783a09ab32a099b4ed6.gz
?? audits/2026-10-11-n45-s-long-s-joint/frozen/audits/2026-10-10-n45-s-long-contract/REPORT.md
?? audits/2026-10-11-n45-s-long-s-joint/frozen/audits/2026-10-10-n45-s-long-contract/certificate-v2.json
?? audits/2026-10-11-n45-s-long-s-joint/frozen/audits/2026-10-10-n45-s-long-contract/checker.py
?? audits/2026-10-11-n45-s-long-s-joint/frozen/audits/2026-10-10-n45-s-long-contract/delivery.json
?? audits/2026-10-11-n45-s-long-s-joint/frozen/audits/2026-10-10-n45-s-long-contract/inputs.json
?? audits/2026-10-11-n45-s-long-s-joint/frozen/audits/2026-10-10-n45-s-long-r-map/REPORT.md
?? audits/2026-10-11-n45-s-long-s-joint/frozen/audits/2026-10-10-n45-s-long-r-map/checker.py
?? audits/2026-10-11-n45-s-long-s-joint/frozen/audits/2026-10-10-n45-s-long-r-map/inputs.json
?? audits/2026-10-11-n45-s-long-s-joint/frozen/audits/ARCHIVE.json
?? audits/2026-10-11-n45-s-long-s-joint/frozen/docs/HANDOFF.md
?? audits/2026-10-11-n45-s-long-s-joint/frozen/docs/STATUS.md
?? audits/2026-10-11-n45-s-long-s-joint/frozen/docs/c5_excess_two_nonadjacent_unit_core45.md
?? audits/2026-10-11-n45-s-long-s-joint/inputs.json
?? audits/2026-10-11-n45-s-long-s-joint/logs/bad-C-r-colour.command.json
?? audits/2026-10-11-n45-s-long-s-joint/logs/bad-C-r-colour.stderr.log
?? audits/2026-10-11-n45-s-long-s-joint/logs/bad-C-r-colour.stdout.log
?? audits/2026-10-11-n45-s-long-s-joint/logs/exclusive-create-existing.command.json
?? audits/2026-10-11-n45-s-long-s-joint/logs/exclusive-create-existing.stderr.log
?? audits/2026-10-11-n45-s-long-s-joint/logs/exclusive-create-existing.stdout.log
?? audits/2026-10-11-n45-s-long-s-joint/logs/generation-attempt1.command.json
?? audits/2026-10-11-n45-s-long-s-joint/logs/generation-attempt1.stderr.log
?? audits/2026-10-11-n45-s-long-s-joint/logs/generation-attempt1.stdout.log
?? audits/2026-10-11-n45-s-long-s-joint/logs/missing-empty-ambient.command.json
?? audits/2026-10-11-n45-s-long-s-joint/logs/missing-empty-ambient.stderr.log
?? audits/2026-10-11-n45-s-long-s-joint/logs/missing-empty-ambient.stdout.log
?? audits/2026-10-11-n45-s-long-s-joint/logs/normal.command.json
?? audits/2026-10-11-n45-s-long-s-joint/logs/normal.stderr.log
?? audits/2026-10-11-n45-s-long-s-joint/logs/normal.stdout.log
?? audits/2026-10-11-n45-s-long-s-joint/logs/seed17.command.json
?? audits/2026-10-11-n45-s-long-s-joint/logs/seed17.stderr.log
?? audits/2026-10-11-n45-s-long-s-joint/logs/seed17.stdout.log
?? audits/2026-10-11-n45-s-long-s-joint/logs/setup-missing-blob.stderr.log
?? audits/2026-10-11-n45-s-long-s-joint/logs/setup-missing-blob.stdout.log
?? audits/2026-10-11-n45-s-long-s-joint/missing-empty-ambient.json
?? audits/2026-10-11-n45-s-long-s-joint/run_checks.py
?? audits/2026-10-11-n45-s-long-s-joint/setup-attempt1.json
