{
 "ax_projection_witness_replacements": 2912,
 "complete_C_legal_root_pair_extensions": 480,
 "complete_five_role_tuple_witnesses": 1600,
 "complete_joint_tuple_witnesses": 25568,
 "connected_original_exterior_checks": 24,
 "designated_row_complete_unary_singletons": 24,
 "designated_row_fixed_exterior_C_extensions": 24,
 "designated_row_full_source_U_support_compatible_graphs": 12,
 "designated_row_literal_U_singleton_color_counts": [
  {
   "color": 1,
   "graphs": 12
  },
  {
   "color": 3,
   "graphs": 12
  }
 ],
 "disk_or_source_Sigma_realizations_claimed": false,
 "distinct_x_y0_y1_graphs": 8,
 "empty_pinned_fibers": 25632,
 "exact_au_products_and_reattachments": 240,
 "exact_ax_exterior_projection_equalities": 240,
 "exact_ax_reattachments": 240,
 "exact_spoke_reattachments": 960,
 "fixed_full_degree_graphs": 24,
 "independent_pinned_a_b_fibers": 30720,
 "independent_whole_graph_joins": 1920,
 "literal_distinct_hub_checks": 480,
 "nonempty_domain_singleton_identity_checks": 240,
 "original_control_boundary_image_counts": [
  {
   "full_boundary_image": 1023,
   "graphs": 24
  }
 ],
 "original_exact_C_degree_list_checks": 2080,
 "original_four_rotation_graph_controls": 24,
 "root_swap_graph_checks": 12,
 "six_role_joint_inequality_negative_control": true,
 "source_graphs_enumerated": false,
 "ternary_marginal_false_join_negative_control": true,
 "x_equals_y0_graphs": 8,
 "x_equals_y1_graphs": 8
}
