{
  "actual_attachment_checks": 8,
  "aggregate_ownership_negative_controls": 1,
  "artifact_bytes": 49886,
  "binary_exact_complete_relations": 3,
  "complete_ordered_tuple_domain_checks": 20,
  "control_complete_component_lifts": 6,
  "control_complete_joint_lifts": 8,
  "control_deleted_bridge_endpoint_relations": 8,
  "control_deleted_bridge_lifts": 34,
  "control_k5_minors": 1,
  "control_original_bridges": 2,
  "coupled_support_relation_checks": 27,
  "coupled_survivors": 0,
  "individually_impossible_original_components": 2,
  "named_source_branches_closed": 1,
  "original_P3_tuples": 2,
  "original_support_cover_candidates": 9,
  "own_support_candidates": 4,
  "predecessor_cases": 36,
  "predecessor_deletions": 0,
  "predecessor_geometries": 140,
  "predecessor_joins": 900,
  "preserved_w_original_contacts": 3,
  "root_fibers_per_relation": 4,
  "target_queries": 0,
  "unary_exact_complete_relations": 1,
  "universal_internal_edge_bridge_color_checks": 16
}
