{
 "status": "pass",
 "checks": 13579,
 "failures": [],
 "input_sha256": {
  "artifacts/c5_mixed_p3_common_endpoint/observations.json": "0f8cd30f22eae684f8b1691596d7ee83576c1f7d13052f01d878cda97ec73d8f",
  "artifacts/c5_mixed_p3_common_endpoint/rotation_controls.json": "c02b4d6b578c6284bbb22c10ae247b111c258f19f557d231b0a79199eecb2ef4",
  "artifacts/c5_mixed_p3_one_color_ternary_unary/observations.json": "6e01211b2445219854b5fb361600e4e0a35bf0e4dd9707789d90036d1750435c",
  "scripts/c5_adjacent_degree5_interfaces.py": "8c39ed517f8afc2a6beb61dda2eadb82745ce391c868af238c5fef2ccbf7207e",
  "scripts/c5_mixed_capacity_contacts.py": "395a14f7eea6c027cca8f3569bebc9f2293bd6e2d3f63ad2b7e0367f6bf671cd",
  "scripts/c5_mixed_p3_common_endpoint.py": "183b7844bcd1fa5066a927ec8850b45d6833aa8a0884f402e2281c2ca2b6c387",
  "scripts/c5_mixed_p3_one_color_ternary_unary.py": "848147efd5c89299e09449c3e40c718b03906ac39b319d53fc3682dd369e896d",
  "scripts/c5_mixed_p3_two_frame_ternary_unary.py": "f16dfdb7e9d2ca5ec3bbc9aae7e4fbd7feb1ee9dbfd6527c75b620bcc1546588"
 },
 "audited_artifact_sha256": {
  "artifacts/c5_mixed_p3_common_endpoint/observations.json": "0f8cd30f22eae684f8b1691596d7ee83576c1f7d13052f01d878cda97ec73d8f",
  "artifacts/c5_mixed_p3_one_color_ternary_unary/observations.json": "6e01211b2445219854b5fb361600e4e0a35bf0e4dd9707789d90036d1750435c",
  "artifacts/c5_mixed_p3_two_frame_ternary_unary/observations.json": "4ad34a599bb07c501c80c23c2e0460f21ebd77808f8c498e08f4ec1c46d20784"
 },
 "independent_audit_sources_sha256": {
  "audit_c3.py": "5565f6a304ba02144f7474e2a95d41530f494caab409c0bf0892982f43da8260",
  "independent_helpers.py": "ac6071c27f61098cccfa22c4018ae91f8a7f8973f7831d0668d039e8719e1071"
 },
 "scope": {
  "closed_C2": [
   "CPP-134-1",
   30,
   20
  ],
  "closed_C3": [
   "CPP-134-1",
   34,
   20
  ],
  "next_unaccepted": [
   "CPP-134-1",
   34,
   60
  ],
  "ledger_keys": 3500,
  "unaccepted_keys": 3498,
  "predecessor_cases": 36,
  "predecessor_geometries": 140,
  "predecessor_case_joins": 900
 },
 "finite_counts": {
  "vertex_identity_types": 8,
  "list_pins": 32,
  "N_models": 4,
  "full_contact_tuples": 24,
  "N_deleted_edges": 104,
  "stored_N_local_deletion_witnesses": 416,
  "stored_N_context_partial_witnesses": 104,
  "bridge_pin_relations": 12,
  "bridge_endpoint_pin_queries": 192,
  "K4_routes": 162,
  "N_K5_minors": 4,
  "conditional_triangle_tuples": 6,
  "conditional_triangle_deleted_edges": 9,
  "conditional_triangle_local_witnesses": 36,
  "conditional_triangle_subdivisions": 2
 },
 "evidence_limit": "Paper arbitrary-size proof reviewed separately; solver covers fixed controls only. Original unknown unary relations preserved symbolically; partial contexts do not certify whole-M minimality. No Lean theorem, target extension, full Sigma, general exits, K infinity equals K <=5."
}
