check	Set up job	﻿2026-10-07T08:18:04.2830831Z Current runner version: '2.337.0'
check	Set up job	2026-10-07T08:18:04.2859967Z ##[group]Runner Image Provisioner
check	Set up job	2026-10-07T08:18:04.2861015Z Hosted Compute Agent
check	Set up job	2026-10-07T08:18:04.2861700Z Version: 20260901.588
check	Set up job	2026-10-07T08:18:04.2862385Z Commit: f88ec8081b781fac6c440065ac7ff9e710ce3d0b
check	Set up job	2026-10-07T08:18:04.2863102Z Build Date: 2026-09-01T19:56:44Z
check	Set up job	2026-10-07T08:18:04.2864070Z Worker ID: {2eef0c56-80e9-46c3-a5e4-67dd660c62a4}
check	Set up job	2026-10-07T08:18:04.2864802Z Azure Region: northcentralus
check	Set up job	2026-10-07T08:18:04.2865453Z ##[endgroup]
check	Set up job	2026-10-07T08:18:04.2867047Z ##[group]Operating System
check	Set up job	2026-10-07T08:18:04.2867709Z Ubuntu
check	Set up job	2026-10-07T08:18:04.2868364Z 24.04.5
check	Set up job	2026-10-07T08:18:04.2868890Z LTS
check	Set up job	2026-10-07T08:18:04.2869435Z ##[endgroup]
check	Set up job	2026-10-07T08:18:04.2870039Z ##[group]Runner Image
check	Set up job	2026-10-07T08:18:04.2870634Z Image: ubuntu-24.04
check	Set up job	2026-10-07T08:18:04.2871268Z Version: 20260927.320.1
check	Set up job	2026-10-07T08:18:04.2872356Z Included Software: https://github.com/actions/runner-images/blob/ubuntu24/20260927.320/images/ubuntu/Ubuntu2404-Readme.md
check	Set up job	2026-10-07T08:18:04.2874700Z Image Release: https://github.com/actions/runner-images/releases/tag/ubuntu24%2F20260927.320
check	Set up job	2026-10-07T08:18:04.2875694Z ##[endgroup]
check	Set up job	2026-10-07T08:18:04.2876910Z ##[group]GITHUB_TOKEN Permissions
check	Set up job	2026-10-07T08:18:04.2879066Z Contents: read
check	Set up job	2026-10-07T08:18:04.2879781Z Metadata: read
check	Set up job	2026-10-07T08:18:04.2880387Z ##[endgroup]
check	Set up job	2026-10-07T08:18:04.2882568Z Secret source: Actions
check	Set up job	2026-10-07T08:18:04.2883948Z Cache mode: write
check	Set up job	2026-10-07T08:18:04.2884681Z Prepare workflow directory
check	Set up job	2026-10-07T08:18:04.3232330Z Prepare all required actions
check	Set up job	2026-10-07T08:18:04.3283765Z Getting action download info
check	Set up job	2026-10-07T08:18:04.6097098Z Download action repository 'actions/checkout@v5' (SHA:fbc6f3992d24b796d5a048ff273f7fcc4a7b6c09)
check	Set up job	2026-10-07T08:18:04.8312747Z Complete job name: check
check	Run actions/checkout@v5	﻿2026-10-07T08:18:04.9187830Z ##[group]Run actions/checkout@v5
check	Run actions/checkout@v5	2026-10-07T08:18:04.9188729Z with:
check	Run actions/checkout@v5	2026-10-07T08:18:04.9189193Z   repository: raylei50653/math
check	Run actions/checkout@v5	2026-10-07T08:18:04.9192885Z   token: ***
check	Run actions/checkout@v5	2026-10-07T08:18:04.9193825Z   ssh-strict: true
check	Run actions/checkout@v5	2026-10-07T08:18:04.9194311Z   ssh-user: git
check	Run actions/checkout@v5	2026-10-07T08:18:04.9194766Z   persist-credentials: true
check	Run actions/checkout@v5	2026-10-07T08:18:04.9195271Z   clean: true
check	Run actions/checkout@v5	2026-10-07T08:18:04.9195722Z   sparse-checkout-cone-mode: true
check	Run actions/checkout@v5	2026-10-07T08:18:04.9196263Z   fetch-depth: 1
check	Run actions/checkout@v5	2026-10-07T08:18:04.9196706Z   fetch-tags: false
check	Run actions/checkout@v5	2026-10-07T08:18:04.9197162Z   show-progress: true
check	Run actions/checkout@v5	2026-10-07T08:18:04.9197617Z   lfs: false
check	Run actions/checkout@v5	2026-10-07T08:18:04.9198040Z   submodules: false
check	Run actions/checkout@v5	2026-10-07T08:18:04.9198501Z   set-safe-directory: true
check	Run actions/checkout@v5	2026-10-07T08:18:04.9199027Z   allow-unsafe-pr-checkout: false
check	Run actions/checkout@v5	2026-10-07T08:18:04.9199888Z ##[endgroup]
check	Run actions/checkout@v5	2026-10-07T08:18:05.0226933Z Syncing repository: raylei50653/math
check	Run actions/checkout@v5	2026-10-07T08:18:05.0229560Z ##[group]Getting Git version info
check	Run actions/checkout@v5	2026-10-07T08:18:05.0230661Z Working directory is '/home/runner/work/math/math'
check	Run actions/checkout@v5	2026-10-07T08:18:05.0232291Z [command]/usr/bin/git version
check	Run actions/checkout@v5	2026-10-07T08:18:05.0402982Z git version 2.55.0
check	Run actions/checkout@v5	2026-10-07T08:18:05.0435270Z ##[endgroup]
check	Run actions/checkout@v5	2026-10-07T08:18:05.0444465Z Temporarily overriding HOME='/home/runner/work/_temp/47e250d6-7746-46ab-b1e8-f0dc4db525a1' before making global git config changes
check	Run actions/checkout@v5	2026-10-07T08:18:05.0447160Z Adding repository directory to the temporary git global config as a safe directory
check	Run actions/checkout@v5	2026-10-07T08:18:05.0449240Z [command]/usr/bin/git config --global --add safe.directory /home/runner/work/math/math
check	Run actions/checkout@v5	2026-10-07T08:18:05.0505493Z Deleting the contents of '/home/runner/work/math/math'
check	Run actions/checkout@v5	2026-10-07T08:18:05.0510493Z ##[group]Initializing the repository
check	Run actions/checkout@v5	2026-10-07T08:18:05.0515483Z [command]/usr/bin/git init /home/runner/work/math/math
check	Run actions/checkout@v5	2026-10-07T08:18:05.0647306Z hint: Using 'master' as the name for the initial branch. This default branch name
check	Run actions/checkout@v5	2026-10-07T08:18:05.0648896Z hint: will change to "main" in Git 3.0. To configure the initial branch name
check	Run actions/checkout@v5	2026-10-07T08:18:05.0650129Z hint: to use in all of your new repositories, which will suppress this warning,
check	Run actions/checkout@v5	2026-10-07T08:18:05.0651338Z hint: call:
check	Run actions/checkout@v5	2026-10-07T08:18:05.0651846Z hint:
check	Run actions/checkout@v5	2026-10-07T08:18:05.0652474Z hint: 	git config --global init.defaultBranch <name>
check	Run actions/checkout@v5	2026-10-07T08:18:05.0653876Z hint:
check	Run actions/checkout@v5	2026-10-07T08:18:05.0654617Z hint: Names commonly chosen instead of 'master' are 'main', 'trunk' and
check	Run actions/checkout@v5	2026-10-07T08:18:05.0655784Z hint: 'development'. The just-created branch can be renamed via this command:
check	Run actions/checkout@v5	2026-10-07T08:18:05.0656610Z hint:
check	Run actions/checkout@v5	2026-10-07T08:18:05.0657043Z hint: 	git branch -m <name>
check	Run actions/checkout@v5	2026-10-07T08:18:05.0657536Z hint:
check	Run actions/checkout@v5	2026-10-07T08:18:05.0658182Z hint: Disable this message with "git config set advice.defaultBranchName false"
check	Run actions/checkout@v5	2026-10-07T08:18:05.0664601Z Initialized empty Git repository in /home/runner/work/math/math/.git/
check	Run actions/checkout@v5	2026-10-07T08:18:05.0684314Z [command]/usr/bin/git remote add origin https://github.com/raylei50653/math
check	Run actions/checkout@v5	2026-10-07T08:18:05.0742369Z ##[endgroup]
check	Run actions/checkout@v5	2026-10-07T08:18:05.0743512Z ##[group]Disabling automatic garbage collection
check	Run actions/checkout@v5	2026-10-07T08:18:05.0749931Z [command]/usr/bin/git config --local gc.auto 0
check	Run actions/checkout@v5	2026-10-07T08:18:05.0792258Z ##[endgroup]
check	Run actions/checkout@v5	2026-10-07T08:18:05.0793097Z ##[group]Setting up auth
check	Run actions/checkout@v5	2026-10-07T08:18:05.0802484Z [command]/usr/bin/git config --local --name-only --get-regexp core\.sshCommand
check	Run actions/checkout@v5	2026-10-07T08:18:05.0839009Z [command]/usr/bin/git submodule foreach --recursive sh -c "git config --local --name-only --get-regexp 'core\.sshCommand' && git config --local --unset-all 'core.sshCommand' || :"
check	Run actions/checkout@v5	2026-10-07T08:18:05.1239828Z [command]/usr/bin/git config --local --name-only --get-regexp http\.https\:\/\/github\.com\/\.extraheader
check	Run actions/checkout@v5	2026-10-07T08:18:05.1278940Z [command]/usr/bin/git submodule foreach --recursive sh -c "git config --local --name-only --get-regexp 'http\.https\:\/\/github\.com\/\.extraheader' && git config --local --unset-all 'http.https://github.com/.extraheader' || :"
check	Run actions/checkout@v5	2026-10-07T08:18:05.1512423Z [command]/usr/bin/git config --local --name-only --get-regexp ^includeIf\.gitdir:
check	Run actions/checkout@v5	2026-10-07T08:18:05.1553759Z [command]/usr/bin/git submodule foreach --recursive git config --local --show-origin --name-only --get-regexp remote.origin.url
check	Run actions/checkout@v5	2026-10-07T08:18:05.1788416Z [command]/usr/bin/git config --local http.https://github.com/.extraheader AUTHORIZATION: basic ***
check	Run actions/checkout@v5	2026-10-07T08:18:05.1833371Z ##[endgroup]
check	Run actions/checkout@v5	2026-10-07T08:18:05.1834845Z ##[group]Fetching the repository
check	Run actions/checkout@v5	2026-10-07T08:18:05.1846981Z [command]/usr/bin/git -c protocol.version=2 fetch --no-tags --prune --no-recurse-submodules --depth=1 origin +1f21c8f09dfcb5110ea1a3d66399e9c0a54ceeaf:refs/remotes/origin/integrate-kprime-e3
check	Run actions/checkout@v5	2026-10-07T08:18:10.2105944Z From https://github.com/raylei50653/math
check	Run actions/checkout@v5	2026-10-07T08:18:10.2135356Z  * [new ref]         1f21c8f09dfcb5110ea1a3d66399e9c0a54ceeaf -> origin/integrate-kprime-e3
check	Run actions/checkout@v5	2026-10-07T08:18:10.2195148Z ##[endgroup]
check	Run actions/checkout@v5	2026-10-07T08:18:10.2196839Z ##[group]Determining the checkout info
check	Run actions/checkout@v5	2026-10-07T08:18:10.2199011Z ##[endgroup]
check	Run actions/checkout@v5	2026-10-07T08:18:10.2200050Z [command]/usr/bin/git sparse-checkout disable
check	Run actions/checkout@v5	2026-10-07T08:18:10.2202969Z [command]/usr/bin/git config --local --unset-all extensions.worktreeConfig
check	Run actions/checkout@v5	2026-10-07T08:18:10.2232962Z ##[group]Checking out the ref
check	Run actions/checkout@v5	2026-10-07T08:18:10.2238931Z [command]/usr/bin/git checkout --progress --force -B integrate-kprime-e3 refs/remotes/origin/integrate-kprime-e3
check	Run actions/checkout@v5	2026-10-07T08:18:11.2025094Z Switched to a new branch 'integrate-kprime-e3'
check	Run actions/checkout@v5	2026-10-07T08:18:11.2027867Z branch 'integrate-kprime-e3' set up to track 'origin/integrate-kprime-e3'.
check	Run actions/checkout@v5	2026-10-07T08:18:11.2091875Z ##[endgroup]
check	Run actions/checkout@v5	2026-10-07T08:18:11.2139041Z [command]/usr/bin/git log -1 --format=%H
check	Run actions/checkout@v5	2026-10-07T08:18:11.2167550Z 1f21c8f09dfcb5110ea1a3d66399e9c0a54ceeaf
check	Check local documentation	﻿2026-10-07T08:18:11.2431063Z ##[group]Run python3 scripts/check_docs.py
check	Check local documentation	2026-10-07T08:18:11.2432668Z ^[[36;1mpython3 scripts/check_docs.py^[[0m
check	Check local documentation	2026-10-07T08:18:11.2722378Z shell: /usr/bin/bash -e {0}
check	Check local documentation	2026-10-07T08:18:11.2723977Z ##[endgroup]
check	Check local documentation	2026-10-07T08:18:12.6020027Z missing path: docs/c5_open_leaf_ledger.md:78: ../audits/2026-10-04-task-d5/c4/scope_ledger.json
check	Check local documentation	2026-10-07T08:18:12.6024275Z missing path: docs/history/2026-10-04-task-d2-integration-audit.md:39: ../../audits/2026-10-04-task-d2/integration_doc_changes.diff
check	Check local documentation	2026-10-07T08:18:12.6025803Z FAIL: 2 errors (573 Markdown files, 6714 local links)
check	Check local documentation	2026-10-07T08:18:12.6085186Z ##[error]Process completed with exit code 1.
check	Post Run actions/checkout@v5	﻿2026-10-07T08:18:12.6237105Z Post job cleanup.
check	Post Run actions/checkout@v5	2026-10-07T08:18:12.7104290Z [command]/usr/bin/git version
check	Post Run actions/checkout@v5	2026-10-07T08:18:12.7144433Z git version 2.55.0
check	Post Run actions/checkout@v5	2026-10-07T08:18:12.7210595Z Temporarily overriding HOME='/home/runner/work/_temp/5d2b8e28-72dc-480c-a58c-5b297c9e0113' before making global git config changes
check	Post Run actions/checkout@v5	2026-10-07T08:18:12.7212870Z Adding repository directory to the temporary git global config as a safe directory
check	Post Run actions/checkout@v5	2026-10-07T08:18:12.7215465Z [command]/usr/bin/git config --global --add safe.directory /home/runner/work/math/math
check	Post Run actions/checkout@v5	2026-10-07T08:18:12.7248247Z [command]/usr/bin/git config --local --name-only --get-regexp core\.sshCommand
check	Post Run actions/checkout@v5	2026-10-07T08:18:12.7287214Z [command]/usr/bin/git submodule foreach --recursive sh -c "git config --local --name-only --get-regexp 'core\.sshCommand' && git config --local --unset-all 'core.sshCommand' || :"
check	Post Run actions/checkout@v5	2026-10-07T08:18:12.7559339Z [command]/usr/bin/git config --local --name-only --get-regexp http\.https\:\/\/github\.com\/\.extraheader
check	Post Run actions/checkout@v5	2026-10-07T08:18:12.7588813Z http.https://github.com/.extraheader
check	Post Run actions/checkout@v5	2026-10-07T08:18:12.7601857Z [command]/usr/bin/git config --local --unset-all http.https://github.com/.extraheader
check	Post Run actions/checkout@v5	2026-10-07T08:18:12.7642673Z [command]/usr/bin/git submodule foreach --recursive sh -c "git config --local --name-only --get-regexp 'http\.https\:\/\/github\.com\/\.extraheader' && git config --local --unset-all 'http.https://github.com/.extraheader' || :"
check	Post Run actions/checkout@v5	2026-10-07T08:18:12.7915394Z [command]/usr/bin/git config --local --name-only --get-regexp ^includeIf\.gitdir:
check	Post Run actions/checkout@v5	2026-10-07T08:18:12.7954034Z [command]/usr/bin/git submodule foreach --recursive git config --local --show-origin --name-only --get-regexp remote.origin.url
check	Complete job	﻿2026-10-07T08:18:12.8362747Z Cleaning up orphan processes
