{
  "artifact_bytes": 760148,
  "conditional_triangle_complete_tuples": 6,
  "conditional_triangle_deleted_edges": 9,
  "conditional_triangle_k5_subdivisions": 2,
  "conditional_triangle_local_deletion_colorings": 36,
  "conditional_triangle_original_context_partial_colorings": 9,
  "degree_two_types": 2,
  "deleted_bridge_endpoint_relations": 12,
  "deleted_bridge_full_same_graph_lifts": 12,
  "k4_tether_controls": 162,
  "leaf_palette_pins": 2,
  "local_vertex_types": 8,
  "n_leaf_complete_tuple_checks": 24,
  "n_leaf_controls": 4,
  "n_leaf_deleted_edges": 104,
  "n_leaf_k5_minors": 4,
  "n_leaf_local_deletion_colorings": 416,
  "n_leaf_original_context_partial_colorings": 104,
  "named_source_branches_closed": 1,
  "original_P3_tuples": 2,
  "pin_zero_slack_excluded_vertex_types": 2,
  "pinned_list_checks": 32,
  "predecessor_cases": 36,
  "predecessor_deletions": 0,
  "predecessor_geometries": 140,
  "predecessor_joins": 900,
  "preserved_w_original_contacts": 3,
  "target_queries": 0
}
