COMMAND: ["/usr/sbin/python3", "-B", "audits/2026-10-09-n45-j-supervision/review.py"]
STDOUT:
{
  "BASE": "dc8e9aa7d6fccb51f63d30aa3f9c132296d44744",
  "base_input_files": 66,
  "certificate_sha256": "ecdef656ec2eff887c6725cda21a6d205fce41e5387ce14b2270468f20a861d4",
  "checker_sha256": "30fea32907167ef37a30b75b82e7550ee14b73ff4303710c60d519d2453f6425",
  "counterexamples": [],
  "domains": {
    "N1_separate": {
      "derivative_capacity_not triggered": 456,
      "derivative_capacity_triggered and holds": 36,
      "derivative_graphs": 24,
      "derivative_nonempty_fibres": 1228,
      "derivative_root_pair_queries": 3840,
      "local_relations": 160,
      "original_capacity_not triggered": 96,
      "original_capacity_triggered and holds": 24,
      "original_graphs": 6,
      "original_nonempty_fibres": 216,
      "original_root_pair_queries": 960
    },
    "N2": {
      "derivative_capacity_not triggered": 1080,
      "derivative_graphs": 54,
      "derivative_nonempty_fibres": 3440,
      "derivative_root_pair_queries": 8640,
      "local_relations": 570,
      "original_capacity_not triggered": 342,
      "original_capacity_triggered and holds": 74,
      "original_graphs": 19,
      "original_nonempty_fibres": 882,
      "original_root_pair_queries": 3040
    }
  },
  "manifest_files": 89,
  "method": "independent bit-domain full coloring enumeration; no N45-J import",
  "not_checked": [
    "S/U new claims",
    "arbitrary-size source proof",
    "Lean",
    "upstream enumeration completeness"
  ],
  "status": "PASS"
}

STDERR:

EXIT: 0
