{
  "allowed_added_prefixes": [
    "audits/2026-10-10-n45-u-ss/",
    "audits/2026-10-10-n45-ss-supervision/",
    "audits/2026-10-10-n45-ssa/",
    "audits/2026-10-10-n45-ssg/",
    "audits/2026-10-10-n45-ssc/"
  ],
  "base": "dc8e9aa7d6fccb51f63d30aa3f9c132296d44744",
  "base_archive_git_symlinks": 5,
  "base_archive_regular_files": 5899,
  "base_tar_git_entries": 5904,
  "declared_claim_metadata": {
    "claims": 11,
    "contract_clauses": 8,
    "length2_spoke_branches": [
      0,
      1,
      2
    ],
    "mathematical_validity_checked": false,
    "shield_branches": [
      [
        2,
        2
      ],
      [
        2,
        3
      ],
      [
        3,
        2
      ]
    ],
    "topological_order": [
      "N45-SS-COST",
      "N45-SS-UNTOP",
      "N45-SS-U3",
      "N45-SS-U2",
      "N45-SS-X-CORE",
      "N45-SS-COMPONENT",
      "N45-SS-SPOKES",
      "N45-SS-T0",
      "N45-SS-T1",
      "N45-SS-T2",
      "N45-SS-EXCLUSION"
    ]
  },
  "general_validator_soundness": "NOT_TESTED",
  "historical_failed_commands": {
    "base-blob-12": 128,
    "base-docs": 1,
    "current-whole-docgraph": 1,
    "verify-initial": 1,
    "verify-preseal-normal-failure": 1
  },
  "inputs": {
    "base": 24,
    "current": 11,
    "pins": 5
  },
  "judgment": "PASS_ARTIFACT_INTEGRITY_ONLY",
  "new_finite_source_certificate": false,
  "original_worker_verifier_rerun_in_this_audit": false,
  "outside_inventory_exact_equality_currently_applicable": false,
  "paper_adoption": "NOT_ADJUDICATED",
  "pc_lp_controls_are_ss_controls": false,
  "preexisting_shared_files_verified": 13146,
  "seal_metadata_files": 5,
  "sealed_and_supervisor_pre_audit_outputs_equal": true,
  "ss_trigger_count": null,
  "task": "N45-SSC",
  "worker_git_symlinks": 5,
  "worker_payload_files": 6096,
  "worker_regular_files": 6104
}
