{
  "all_checks_passed": true,
  "claims_not_certified_by_fixed_python": [
    "arbitrary-size paper topology",
    "disk or source realizability",
    "target Sigma or criticality",
    "all mixed22",
    "epsilon >= 3",
    "general exits",
    "K-infinity = K-at-most-5",
    "new Lean theorem"
  ],
  "counts": {
    "actual_original_paths_checked": 768,
    "all_original_frame_rotation_candidates_enumerated": 64,
    "all_ten_original_K5_interbag_edges_checked": 400,
    "bridge_neighbor_actual_attachment_candidates_checked": 13,
    "bridge_neighbor_actual_attachment_slack_exclusions": 5,
    "bridge_neighbor_actual_attachment_slack_survivors": 8,
    "complete_degree_original_graphs_checked": 40,
    "complete_rejected_row_pair_leaf_singletons_checked": 11,
    "cross_row_bridge_neighbor_exact_lists_checked": 143,
    "declared_input_hashes_checked": 6,
    "designated_shared_original_vertex_choices": 8,
    "independent_complete_R_C_relations": 400,
    "independent_complete_whole_graph_joints": 2400,
    "independent_empty_pinned_root_pair_fibres": 29768,
    "independent_global_S4_complete_C_relations": 9600,
    "independent_global_S4_complete_whole_graph_joints": 57600,
    "independent_initial_actual_attachment_subsets_enumerated": 26,
    "independent_pinned_root_pair_fibres": 38400,
    "individual_global_S4_original_joint_witnesses_checked": 609984,
    "literal_original_frame_rotations_checked": 2,
    "literal_original_long_face_extensions_checked": 2,
    "literal_original_shared_bridge_deletion_checks": 40,
    "literal_original_spoke_restorations_checked": 1600,
    "literal_root_swap_complete_relations_and_fibres_checked": 1200,
    "literal_shared_star_rotation_insertions_enumerated": 108,
    "minimal_two_shared_original_edge_controls": 8,
    "original_K5_minors_checked": 40,
    "original_contact_identities_checked": 7,
    "stored_complete_R_C_witnesses_checked": 5336,
    "stored_complete_fibre_witnesses_checked": 25416,
    "stored_complete_joint_witnesses_checked": 25416
  },
  "input_sha256": {
    "artifacts/c5_excess_two_mixed_core_four_spoke_mixed22/observations.json": "f7168b09b9a19957e0c3be50cbd9382cc4fa650619a563c5819962c4a3c254de",
    "artifacts/c5_excess_two_mixed_core_four_spoke_mixed22_long_face/observations.json": "513c582f1067306ae67d8ef1fab46ba6c6fe5889923c95923688ba4a2aaaebd7",
    "artifacts/c5_excess_two_mixed_core_four_spoke_mixed22_shared4/observations.json": "75031e3eee07a05a65aaba31c7a6d659ac4c2620340809dd8dbf2ae1227d58c0",
    "docs/c5_excess_two_mixed_core_four_spoke_mixed22_shared4.md": "df5685271979b8c4803086d0c90bfcc037b5435593f4fe2cbb09ef7fa08a3508",
    "docs/history/2026-10-04-excess-two-four-spoke-mixed22-shared4.md": "b2ae53dc6005875934d162f63bbe268267b9811e5aa617ac682817ecd7a6b0ca",
    "scripts/c5_excess_two_four_spoke_mixed22_joint_controls.py": "33e0e137ca934c294600c80858df6819b4556248a0fd5a79c274c821eeded3f6",
    "scripts/c5_excess_two_four_spoke_mixed22_shared4_controls.py": "fb070606156f7c037f725b829af37048c7f3309a50f0c80f9af7d0527dbbee01",
    "scripts/c5_excess_two_mixed_core_four_spoke_mixed22.py": "0594a7a35335ff8f6587ac6c0448183f0e9f187c1e8ba0791662e7225e71a195",
    "scripts/c5_excess_two_mixed_core_four_spoke_mixed22_shared4.py": "a1edc0d3a5a88344c374afaccb9483cdae2f0a6d24e1da1d952d5be95780c92a"
  },
  "schema": 1,
  "scope": "D5 independent B4 W933-129 shared-contact actual attachment {4} audit.\n\nReads immutable returned reports and artifact bytes. All complete relations,\npinned fibres and witnesses are checked by audit-only original-edge MRV search.\nNo production checker, solver, joint helper or witness validator is imported.\n",
  "summary": {
    "R_C_witnesses": 5336,
    "all_ten_original_K5_edges": 400,
    "complete_R_C_relations": 400,
    "complete_degree_graphs": 40,
    "complete_joint_relations": 2400,
    "designated_shared_choices": 8,
    "empty_root_pair_fibres": 29768,
    "fibre_witnesses": 25416,
    "joint_witnesses": 25416,
    "leaf_singleton_checks": 11,
    "long_face_envelope": [
      2,
      3,
      4
    ],
    "named_frame": "W933-129",
    "neighbor_candidates": 13,
    "neighbor_lists": 143,
    "neighbor_slack_exclusions": 5,
    "neighbor_slack_survivors": 8,
    "original_K5_minors": 40,
    "original_frame_rotations": 2,
    "producer_imports": false,
    "root_pair_fibres": 38400,
    "selected_long_face_extensions": 2,
    "shared_bridge_deletion_controls": 40,
    "shared_identities": 6,
    "shared_star_insertions": 108
  }
}
