{
  "changed_layer": {
    "counts": {
      "critical_orbits": 27,
      "critical_rejection_rows": 27,
      "labelled_critical": 2721600,
      "labelled_q": 304403400,
      "q_orbits": 3147,
      "rejection_rows": 3155
    },
    "critical_manifest": [
      {
        "bytes": 3711,
        "code": "NA:9:1001000000000100000000001100000011101000010010111110001001101101101100001001001000010001000",
        "path": "artifacts/c5_excess_two_independent_search/NA_k9/crit_orbits/orbit_0001.json",
        "sha256": "f7a9f3793398ec637626ff4124945f472f56eaea42c97aeccd742cfd493a18c7"
      },
      {
        "bytes": 3711,
        "code": "NA:9:1001000000000100000000001100000011111000010010111110000001101101101100001001001000010001000",
        "path": "artifacts/c5_excess_two_independent_search/NA_k9/crit_orbits/orbit_0002.json",
        "sha256": "b9eb3f5d2a95094ed08b10544801f0a6a91e6c5897f05f60f2995e81963bd57a"
      },
      {
        "bytes": 3711,
        "code": "NA:9:1001000000000100000000001100100011101000010010101110001001101101101100001001001000010001000",
        "path": "artifacts/c5_excess_two_independent_search/NA_k9/crit_orbits/orbit_0003.json",
        "sha256": "d4ca3bd8d36dae8859dc71fbe1516b9185e084a6cc4a1ea402b68e749aac9116"
      },
      {
        "bytes": 3711,
        "code": "NA:9:1001000000000100000000001100100011101000010010101110001011011000110110001001001000010001000",
        "path": "artifacts/c5_excess_two_independent_search/NA_k9/crit_orbits/orbit_0004.json",
        "sha256": "c2db2ba0946540eabe8019ea0fe15621f723ce02f0433d7a574c876e389a248f"
      },
      {
        "bytes": 3711,
        "code": "NA:9:1001000000000100000000001100100011111000010010101110000001101101101100001001001000010001000",
        "path": "artifacts/c5_excess_two_independent_search/NA_k9/crit_orbits/orbit_0005.json",
        "sha256": "05a465d8d701a0fae33ca1499a6b2826f1cd824bb1405cd6ce146c936e1ec42e"
      },
      {
        "bytes": 3711,
        "code": "NA:9:1001000000000100000000001100100011111000010010101110000011011000110110001001001000010001000",
        "path": "artifacts/c5_excess_two_independent_search/NA_k9/crit_orbits/orbit_0006.json",
        "sha256": "7a9f08e2e9299a7863d796eb49685785717280f728f3471a8fb63a3334c2df18"
      },
      {
        "bytes": 3711,
        "code": "NA:9:1001000000000100000000001101100011101000010010001110001001101101101100001001001000010001000",
        "path": "artifacts/c5_excess_two_independent_search/NA_k9/crit_orbits/orbit_0007.json",
        "sha256": "c31912bc49de5c681b4976d851c8f34a745c99c55bf818860093aad0c5a79110"
      },
      {
        "bytes": 3711,
        "code": "NA:9:1001000000000100000000001101100011111000010010001110000001101101101100001001001000010001000",
        "path": "artifacts/c5_excess_two_independent_search/NA_k9/crit_orbits/orbit_0008.json",
        "sha256": "eac9afb33d1c6f350a32f0d93a68225e065b601d2876890732a1a39d99e2be9e"
      },
      {
        "bytes": 3711,
        "code": "NA:9:1001000000000100000000011100000001011010011100100101010011000111111000010100010000100000001",
        "path": "artifacts/c5_excess_two_independent_search/NA_k9/crit_orbits/orbit_0009.json",
        "sha256": "bfab34dcefbdcf8032a6209cdb1928ab0cea7942f63ac37485bc5f1478376ddc"
      },
      {
        "bytes": 3711,
        "code": "NA:9:1001000000000100000000011100000001011010011100100101010011110001010101100010000101000000010",
        "path": "artifacts/c5_excess_two_independent_search/NA_k9/crit_orbits/orbit_0010.json",
        "sha256": "509e1ef9ce689b8ac7778dea2695e7990ad19bf9c8fe9fff204961276b7dcd20"
      },
      {
        "bytes": 3711,
        "code": "NA:9:1001000000000100000000011100000011011000010000111110010001001111101100011000001001000000001",
        "path": "artifacts/c5_excess_two_independent_search/NA_k9/crit_orbits/orbit_0011.json",
        "sha256": "d3094e6592ba14ae1300a0a70fb43ab5bbb2f468731b5982c830a283f375e9d3"
      },
      {
        "bytes": 3711,
        "code": "NA:9:1001000000000100000000011100000011011010110100100010010010010111101100110000100000000100001",
        "path": "artifacts/c5_excess_two_independent_search/NA_k9/crit_orbits/orbit_0012.json",
        "sha256": "78c358d73c01a512f85127e4de722e787a285c48cc51b7e72ca26d5d709c3aab"
      },
      {
        "bytes": 3711,
        "code": "NA:9:1001000000000100000000011100000111011000000100111100010001010111111000010100010000100000001",
        "path": "artifacts/c5_excess_two_independent_search/NA_k9/crit_orbits/orbit_0013.json",
        "sha256": "1f7bfbf9ec565d2c6ae800e0286c95e7ce5f216b82e0701b502ee64c62ce3a16"
      },
      {
        "bytes": 3711,
        "code": "NA:9:1001000000000100000000011100100001011100011100000101010011110001100011010100010000100000001",
        "path": "artifacts/c5_excess_two_independent_search/NA_k9/crit_orbits/orbit_0014.json",
        "sha256": "818488a4d84ca72a25ecc0341135207974f64d3ef0c27167662708b49b45008e"
      },
      {
        "bytes": 3711,
        "code": "NA:9:1001000000000100000000011100100011011000010000101110010001001111101100011000001001000000001",
        "path": "artifacts/c5_excess_two_independent_search/NA_k9/crit_orbits/orbit_0015.json",
        "sha256": "fe9a80d3d98cc52e9527de530d26a881d594a4069c3dbd46db4fdd0e808233e2"
      },
      {
        "bytes": 3711,
        "code": "NA:9:1001000000000100000000011100100011011000010000101110010011011000100111011000001001000000001",
        "path": "artifacts/c5_excess_two_independent_search/NA_k9/crit_orbits/orbit_0016.json",
        "sha256": "f96ee248c297a1aa364a992a1a41320c81c36954210d1f5af78109b7cce1fc48"
      },
      {
        "bytes": 3711,
        "code": "NA:9:1001000000000100000000011100100011011100110100000010010011011001001011110000100000000100001",
        "path": "artifacts/c5_excess_two_independent_search/NA_k9/crit_orbits/orbit_0017.json",
        "sha256": "d7ec30f2ba2dc9b556e59d26aa08d0a085f40a1101c632dadb482f8debf78967"
      },
      {
        "bytes": 3711,
        "code": "NA:9:1001000000000100000000011100100111011000000100101100010001010111111000010100010000100000001",
        "path": "artifacts/c5_excess_two_independent_search/NA_k9/crit_orbits/orbit_0018.json",
        "sha256": "0a7ce47dc318b9e5719207b3d1a08749ae5c527ca70f72dda32efe2ba5422ddd"
      },
      {
        "bytes": 3711,
        "code": "NA:9:1001000000000100000000011100100111011000000100101100010011110000101011010100010000100000001",
        "path": "artifacts/c5_excess_two_independent_search/NA_k9/crit_orbits/orbit_0019.json",
        "sha256": "ef10453d2808609a037c53fdf907e642b62a732fef5ef4d34fc3fdae082d4e0e"
      },
      {
        "bytes": 3711,
        "code": "NA:9:1001000000000100000000011101100011011000010000001110010001001111101100011000001001000000001",
        "path": "artifacts/c5_excess_two_independent_search/NA_k9/crit_orbits/orbit_0020.json",
        "sha256": "93afac3ccf46cc8b7400a14db7c19e9cb072d37153b0e9800866befd39571810"
      },
      {
        "bytes": 3711,
        "code": "NA:9:1001000000000100000000011101100111011000000100001100010001010111111000010100010000100000001",
        "path": "artifacts/c5_excess_two_independent_search/NA_k9/crit_orbits/orbit_0021.json",
        "sha256": "5c4e86ade276c73aeece4edf62e220bee40a48dac4c8d588fae1f60b3bebc1b6"
      },
      {
        "bytes": 3711,
        "code": "NA:9:1001000000000100000000111100000010011010011000100110010011001101001101110000100000000001100",
        "path": "artifacts/c5_excess_two_independent_search/NA_k9/crit_orbits/orbit_0022.json",
        "sha256": "aefed4ef1e796475a02c401be0ce5ed1663264e464cd4ae304b7a077220688fa"
      },
      {
        "bytes": 3711,
        "code": "NA:9:1001000000000100010000011100000001011000011100100101010011110001010101100010000101000000010",
        "path": "artifacts/c5_excess_two_independent_search/NA_k9/crit_orbits/orbit_0023.json",
        "sha256": "e23ad17d6ce22efa9c83acbc9855b9b5daa566beceb8981c7e37bf8bbfb10664"
      },
      {
        "bytes": 3711,
        "code": "NA:9:1001000000000100010000111100000010011000011000100110010011001101001101110000100000000001100",
        "path": "artifacts/c5_excess_two_independent_search/NA_k9/crit_orbits/orbit_0024.json",
        "sha256": "7099947e1e66382b0f8f73fa0a8a568a64af6f220996c080ad43597672b5d214"
      },
      {
        "bytes": 3930,
        "code": "NA:9:1001000000001100000000001100100111101100100010011101101011100101010100100000000000010101000",
        "path": "artifacts/c5_excess_two_independent_search/NA_k9/crit_orbits/orbit_0025.json",
        "sha256": "3d4b4b92c7ed6f4b171c6fb9f5c028424508711b5a5bc6ba83eef8af60955ccd"
      },
      {
        "bytes": 3930,
        "code": "NA:9:1001000000001100000000111100100110001100101000011100111011110001010010100000000001000000110",
        "path": "artifacts/c5_excess_two_independent_search/NA_k9/crit_orbits/orbit_0026.json",
        "sha256": "2098032979a3b0fb0b12772820c6d7c20925c5e5ef193bbdd6336edfa35de428"
      },
      {
        "bytes": 3930,
        "code": "NA:9:1001000000001100010000011101001111001000000100110011101011010001000011100010000101100000000",
        "path": "artifacts/c5_excess_two_independent_search/NA_k9/crit_orbits/orbit_0027.json",
        "sha256": "f6e258857e690af3dfe9d6b92ea6b7358ce5057139728b135dd0811c0196b553"
      }
    ],
    "es_source": "artifacts/c5_excess_two_finite_search/NA_k9_validate.json",
    "es_source_expected_sha256": "0b08675df72ecd21415d8fb54df567fc2daa7b802df9bc22c97f4cd6f89dc9bb",
    "es_source_hash_matches": true,
    "es_source_present": true,
    "existing_es_er_comparison_consistent": true,
    "k": 9,
    "layer_path": "artifacts/c5_excess_two_independent_search/NA_k9.json",
    "layer_sha256": "acbfeb3832065fce25e95998ccfc15a78c8fb19d34fbedea72bb63e7a4ef2a7c",
    "q_chunk_manifest": [
      {
        "bytes": 749848,
        "orbits": 239,
        "path": "artifacts/c5_excess_two_independent_search/NA_k9/q_orbits/chunk_0001.json",
        "sha256": "4e68103fda5b4c4378e977fdc2e45af0610fdef4623ff2b2ccd83819c484f2c6"
      },
      {
        "bytes": 747913,
        "orbits": 235,
        "path": "artifacts/c5_excess_two_independent_search/NA_k9/q_orbits/chunk_0002.json",
        "sha256": "b21cfc2da7a5e22e6b80e74931b1331a339719cb5638ab5e3233d146a6672a7a"
      },
      {
        "bytes": 747320,
        "orbits": 237,
        "path": "artifacts/c5_excess_two_independent_search/NA_k9/q_orbits/chunk_0003.json",
        "sha256": "8711aabeaada7b8bf16429e36b9b79bd86bfbff36ef006509fe196761085f5f3"
      },
      {
        "bytes": 749966,
        "orbits": 245,
        "path": "artifacts/c5_excess_two_independent_search/NA_k9/q_orbits/chunk_0004.json",
        "sha256": "8ac0b6124e1ca73220287b6c0316e5203a974f2f7826e996f57d7d676392cbfb"
      },
      {
        "bytes": 748451,
        "orbits": 243,
        "path": "artifacts/c5_excess_two_independent_search/NA_k9/q_orbits/chunk_0005.json",
        "sha256": "6b0b2cf640654960ac287d3e5acbb6525619d6b41542059280fc72e413d58285"
      },
      {
        "bytes": 749780,
        "orbits": 241,
        "path": "artifacts/c5_excess_two_independent_search/NA_k9/q_orbits/chunk_0006.json",
        "sha256": "21825e36d50488d4f65c4f7fb35eb2251009b3b29e205e87f9ab19b904e7d455"
      },
      {
        "bytes": 748763,
        "orbits": 235,
        "path": "artifacts/c5_excess_two_independent_search/NA_k9/q_orbits/chunk_0007.json",
        "sha256": "be58dba0912899f9eed060ccc7d50241c307516f44a17f954c2cc4941a918c3f"
      },
      {
        "bytes": 749023,
        "orbits": 237,
        "path": "artifacts/c5_excess_two_independent_search/NA_k9/q_orbits/chunk_0008.json",
        "sha256": "2e77d3617287e8915090f1fb117034cb32704bb3093c605271b8d61dcd380358"
      },
      {
        "bytes": 749062,
        "orbits": 236,
        "path": "artifacts/c5_excess_two_independent_search/NA_k9/q_orbits/chunk_0009.json",
        "sha256": "a712e85f8e5983ed7bbdf8035b8e0faa2ecb9541829407b3c83be2d3607aede0"
      },
      {
        "bytes": 747987,
        "orbits": 234,
        "path": "artifacts/c5_excess_two_independent_search/NA_k9/q_orbits/chunk_0010.json",
        "sha256": "149c5caa6660707c5b8a54c4be16c36eabd5bd2a4be9c2f3eb36a631531d44b2"
      },
      {
        "bytes": 748875,
        "orbits": 240,
        "path": "artifacts/c5_excess_two_independent_search/NA_k9/q_orbits/chunk_0011.json",
        "sha256": "14df00c29e368de762488a6576091b2332b07ee1531b2e934114fa0cd59ac554"
      },
      {
        "bytes": 748968,
        "orbits": 234,
        "path": "artifacts/c5_excess_two_independent_search/NA_k9/q_orbits/chunk_0012.json",
        "sha256": "28092645cab8b6e96bb6972a7ce03f06bb23b8549c143e1686f0f05dbf8c4b4b"
      },
      {
        "bytes": 748064,
        "orbits": 233,
        "path": "artifacts/c5_excess_two_independent_search/NA_k9/q_orbits/chunk_0013.json",
        "sha256": "f2c6bb6f9d1b04d9db7feb6615d0242e5a1d79ec7beff4e89a27475aed6aea1b"
      },
      {
        "bytes": 198506,
        "orbits": 58,
        "path": "artifacts/c5_excess_two_independent_search/NA_k9/q_orbits/chunk_0014.json",
        "sha256": "3509abcd8623f3dbda455c916a41ff485a62e1c1d90f9b011cc5d20a5a1a3a9d"
      }
    ],
    "sigma_histogram": {
      "1007": 197,
      "1013": 4,
      "1015": 518,
      "1020": 4,
      "1021": 890,
      "1022": 696,
      "959": 838
    },
    "source_checks": {
      "accepted_witnesses": 28315,
      "augmented_rotations": 3147,
      "disk_boundary_faces": 3147,
      "edge_deletion_profiles": 78624,
      "new_row_witnesses": 27641,
      "source_graphs": 3147
    },
    "target_sigma_d5_orbit_intersections": {
      "933": {
        "critical_orbits": 0,
        "q_orbits": 0
      },
      "941": {
        "critical_orbits": 0,
        "q_orbits": 0
      }
    },
    "type": "NA"
  },
  "computed_bytes": 106166,
  "computed_sha256": "68ef7bb2e52230ea7aa620650dc30fd961dde3c0fb0e859d0c3eb69a03b1d207",
  "difference_count": 2,
  "differences": [
    {
      "computed": true,
      "path": "$.layers[6].es_source_hash_matches",
      "saved": null
    },
    {
      "computed": true,
      "path": "$.layers[6].es_source_present",
      "saved": false
    }
  ],
  "saved_bytes": 106167,
  "saved_sha256": "7d4a8de877e0d3618661cbf3ffe28b4dd1b778cfcaae03d393e278a765287adb"
}
