{
  "computed_bytes": 106166,
  "computed_sha256": "68ef7bb2e52230ea7aa620650dc30fd961dde3c0fb0e859d0c3eb69a03b1d207",
  "difference_count": 3,
  "differences": [
    {
      "computed": [
        [
          0,
          1,
          2,
          3,
          4,
          5,
          6,
          7,
          8,
          9
        ],
        [
          1,
          3,
          8,
          4,
          6,
          9,
          0,
          2,
          5,
          7
        ],
        [
          3,
          4,
          5,
          6,
          0,
          7,
          1,
          8,
          9,
          2
        ],
        [
          4,
          6,
          9,
          0,
          1,
          2,
          3,
          5,
          7,
          8
        ],
        [
          6,
          0,
          7,
          1,
          3,
          8,
          4,
          9,
          2,
          5
        ],
        [
          4,
          3,
          5,
          1,
          0,
          2,
          6,
          9,
          8,
          7
        ],
        [
          3,
          1,
          8,
          0,
          6,
          7,
          4,
          5,
          2,
          9
        ],
        [
          1,
          0,
          2,
          6,
          4,
          9,
          3,
          8,
          7,
          5
        ],
        [
          0,
          6,
          7,
          4,
          3,
          5,
          1,
          2,
          9,
          8
        ],
        [
          6,
          4,
          9,
          3,
          1,
          8,
          0,
          7,
          5,
          2
        ]
      ],
      "path": "$.D5_row_actions",
      "saved": [
        [
          0,
          1,
          2,
          3,
          4,
          5,
          6,
          7,
          8,
          9
        ],
        [
          1,
          3,
          8,
          4,
          6,
          9,
          0,
          2,
          5,
          7
        ],
        [
          3,
          4,
          5,
          6,
          0,
          7,
          1,
          8,
          9,
          2
        ],
        [
          4,
          6,
          9,
          0,
          1,
          2,
          3,
          5,
          7,
          8
        ],
        [
          6,
          0,
          7,
          1,
          3,
          8,
          4,
          9,
          2,
          5
        ],
        [
          4,
          3,
          5,
          1,
          0,
          2,
          6,
          9,
          8,
          7
        ],
        [
          3,
          1,
          8,
          0,
          6,
          7,
          4,
          5,
          2,
          9
        ],
        [
          1,
          0,
          2,
          6,
          4,
          9,
          3,
          8,
          7,
          5
        ],
        [
          0,
          6,
          7,
          4,
          3,
          5,
          1,
          2,
          9,
          8
        ],
        [
          6,
          4,
          9,
          3,
          1,
          8,
          0,
          7,
          5,
          2
        ]
      ]
    },
    {
      "computed": true,
      "path": "$.layers[6].es_source_hash_matches",
      "saved": null
    },
    {
      "computed": true,
      "path": "$.layers[6].es_source_present",
      "saved": false
    }
  ],
  "saved_bytes": 106167,
  "saved_sha256": "7d4a8de877e0d3618661cbf3ffe28b4dd1b778cfcaae03d393e278a765287adb"
}
