artifacts/c5_excess_two_independent_search/vendor/plantri-guide.txt:5: trailing whitespace.
+Gunnar Brinkmann    
artifacts/c5_excess_two_independent_search/vendor/plantri-guide.txt:9: trailing whitespace.
+Brendan McKay 
artifacts/c5_excess_two_independent_search/vendor/plantri-guide.txt:20: trailing whitespace.
+ 
artifacts/c5_excess_two_independent_search/vendor/plantri-guide.txt:108: trailing whitespace.
+        in clockwise order, then (fe(e1),fe(e2),...,f(ek)) is the set of 
artifacts/c5_excess_two_independent_search/vendor/plantri-guide.txt:125: trailing whitespace.
+  same abstract graph. 
artifacts/c5_excess_two_independent_search/vendor/plantri-guide.txt:209: trailing whitespace.
+  An example of a plantri run is:  
artifacts/c5_excess_two_independent_search/vendor/plantri-guide.txt:285: trailing whitespace.
+     An example is 
artifacts/c5_excess_two_independent_search/vendor/plantri-guide.txt:308: trailing whitespace.
+   
artifacts/c5_excess_two_independent_search/vendor/plantri-guide.txt:318: trailing whitespace.
+  If you only want to count the graphs and not write them, use -u to 
artifacts/c5_excess_two_independent_search/vendor/plantri-guide.txt:371: trailing whitespace.
+ 
artifacts/c5_excess_two_independent_search/vendor/plantri-guide.txt:372: trailing whitespace.
+  Now we can explain the graph classes which can be produced by plantri.  
artifacts/c5_excess_two_independent_search/vendor/plantri-guide.txt:393: trailing whitespace.
+       may be isomorphic as abstract graphs if the connectivity is less 
artifacts/c5_excess_two_independent_search/vendor/plantri-guide.txt:401: trailing whitespace.
+ 
artifacts/c5_excess_two_independent_search/vendor/plantri-guide.txt:449: trailing whitespace.
+       
artifacts/c5_excess_two_independent_search/vendor/plantri-guide.txt:496: trailing whitespace.
+       
artifacts/c5_excess_two_independent_search/vendor/plantri-guide.txt:545: trailing whitespace.
+       
artifacts/c5_excess_two_independent_search/vendor/plantri-guide.txt:576: trailing whitespace.
+       into three by addition of a new vertex.  They all have minimum 
artifacts/c5_excess_two_independent_search/vendor/plantri-guide.txt:588: trailing whitespace.
+       -c3m3 (default)  3-connected plane triangulation.  
artifacts/c5_excess_two_independent_search/vendor/plantri-guide.txt:618: trailing whitespace.
+            The dual is a 3-connected plane cubic graph with no triangles.  
artifacts/c5_excess_two_independent_search/vendor/plantri-guide.txt:628: trailing whitespace.
+            least 4 and at least one non-facial triangle.  The dual is a 
artifacts/c5_excess_two_independent_search/vendor/plantri-guide.txt:635: trailing whitespace.
+            no loops.  The dual is a 2-connected simple plane cubic graph.  
artifacts/c5_excess_two_independent_search/vendor/plantri-guide.txt:664: trailing whitespace.
+            
artifacts/c5_excess_two_independent_search/vendor/plantri-guide.txt:672: trailing whitespace.
+       -m1c1 Planar triangulation with no special configurations. 
artifacts/c5_excess_two_independent_search/vendor/plantri-guide.txt:701: trailing whitespace.
+        % plantri_s -b 30 
artifacts/c5_excess_two_independent_search/vendor/plantri-guide.txt:731: trailing whitespace.
+  whose PLANAR CODE is the same up to rotation of the neighbour lists. 
artifacts/c5_excess_two_independent_search/vendor/plantri-guide.txt:736: trailing whitespace.
+  
artifacts/c5_excess_two_independent_search/vendor/plantri-guide.txt:791: trailing whitespace.
+  A bit vector x of length k can be represented as follows.  
artifacts/c5_excess_two_independent_search/vendor/plantri-guide.txt:803: trailing whitespace.
+  These values are then stored one per byte.  
artifacts/c5_excess_two_independent_search/vendor/plantri-guide.txt:807: trailing whitespace.
+      
artifacts/c5_excess_two_independent_search/vendor/plantri-guide.txt:809: trailing whitespace.
+ 
artifacts/c5_excess_two_independent_search/vendor/plantri-guide.txt:831: trailing whitespace.
+    
artifacts/c5_excess_two_independent_search/vendor/plantri-guide.txt:890: trailing whitespace.
+  
artifacts/c5_excess_two_independent_search/vendor/plantri-guide.txt:911: trailing whitespace.
+ 
artifacts/c5_excess_two_independent_search/vendor/plantri-guide.txt:921: trailing whitespace.
+      do 
artifacts/c5_excess_two_independent_search/vendor/plantri-guide.txt:940: trailing whitespace.
+  Another useful global array is degree[0..], which contains the 
artifacts/c5_excess_two_independent_search/vendor/plantri-guide.txt:986: trailing whitespace.
+     
artifacts/c5_excess_two_independent_search/vendor/plantri-guide.txt:1012: trailing whitespace.
+  PLUGIN_INIT  This is called at the start of execution, after the 
artifacts/c5_excess_two_independent_search/vendor/plantri-guide.txt:1065: trailing whitespace.
+    faceorbits.c (makes plantri_fo) - count plane embeddings with 
artifacts/c5_excess_two_independent_search/vendor/plantri-guide.txt:1087: trailing whitespace.
+   nv  ne  nf            all            O-P  
artifacts/c5_excess_two_independent_search/vendor/plantri-guide.txt:1088: trailing whitespace.
+             
artifacts/c5_excess_two_independent_search/vendor/plantri-guide.txt:1116: trailing whitespace.
+ 
artifacts/c5_excess_two_independent_search/vendor/plantri-guide.txt:1165: trailing whitespace.
+                   c2 
artifacts/c5_excess_two_independent_search/vendor/plantri-guide.txt:1166: trailing whitespace.
+ 
artifacts/c5_excess_two_independent_search/vendor/plantri-guide.txt:1213: trailing whitespace.
+                   m2c2 
artifacts/c5_excess_two_independent_search/vendor/plantri-guide.txt:1214: trailing whitespace.
+ 
artifacts/c5_excess_two_independent_search/vendor/plantri-guide.txt:1281: trailing whitespace.
+   
artifacts/c5_excess_two_independent_search/vendor/plantri-guide.txt:1312: trailing whitespace.
+   34  96  64 |  714404259151  1428755867040 |  79449718217 158865787212 
artifacts/c5_excess_two_independent_search/vendor/plantri-guide.txt:1351: trailing whitespace.
+                     P  
artifacts/c5_excess_two_independent_search/vendor/plantri-guide.txt:1402: trailing whitespace.
+  (plantri -pm5). 
artifacts/c5_excess_two_independent_search/vendor/plantri-guide.txt:1407: trailing whitespace.
+ 
artifacts/c5_excess_two_independent_search/vendor/plantri-guide.txt:1446: trailing whitespace.
+                     quadrangulations  
artifacts/c5_excess_two_independent_search/vendor/plantri-guide.txt:1448: trailing whitespace.
+   nv  ne  nf             all            O-P  
artifacts/c5_excess_two_independent_search/vendor/plantri-guide.txt:1473: trailing whitespace.
+   31  58  29 |    4493270976     8984888982 
artifacts/c5_excess_two_independent_search/vendor/plantri-guide.txt:1475: trailing whitespace.
+   33  62  31 |   59985464681   119963084542 
artifacts/c5_excess_two_independent_search/vendor/plantri-guide.txt:1482: trailing whitespace.
+   
artifacts/c5_excess_two_independent_search/vendor/plantri-guide.txt:1511: trailing whitespace.
+   
artifacts/c5_excess_two_independent_search/vendor/plantri-guide.txt:1594: trailing whitespace.
+   
artifacts/c5_excess_two_independent_search/vendor/plantri-guide.txt:1599: trailing whitespace.
+   nv  ne  nf            all            O-P  
artifacts/c5_excess_two_independent_search/vendor/plantri-guide.txt:1600: trailing whitespace.
+             
artifacts/c5_excess_two_independent_search/vendor/plantri.c:607: trailing whitespace.
+#endif 
artifacts/c5_excess_two_independent_search/vendor/plantri.c:18860: space before tab in indent.
+	  	if (wswitch && (deg2 <= 3 || deg1 <= 3)) { bad = TRUE; break; }
artifacts/c5_excess_two_independent_search/vendor/plantri.c:19476: trailing whitespace.
+	
artifacts/c5_excess_two_independent_search/verification/check_final_source.log:1: trailing whitespace.
+/home/ray/developer/ai/math-task-er-enumerator/scratch/er/plantri -pc1m1 -e3:5 -a 3 
artifacts/c5_excess_two_independent_search/verification/check_final_source.log:6: trailing whitespace.
+/home/ray/developer/ai/math-task-er-enumerator/scratch/er/plantri -pc1m1 -e4:7 -a 4 
artifacts/c5_excess_two_independent_search/verification/check_final_source.log:11: trailing whitespace.
+/home/ray/developer/ai/math-task-er-enumerator/scratch/er/plantri -pc1m1 -e5:9 -a 5 
artifacts/c5_excess_two_independent_search/verification/check_final_source.log:16: trailing whitespace.
+/home/ray/developer/ai/math-task-er-enumerator/scratch/er/plantri -pc1m1 -e6:11 -a 6 
artifacts/c5_excess_two_independent_search/verification/check_final_source.log:21: trailing whitespace.
+/home/ray/developer/ai/math-task-er-enumerator/scratch/er/plantri -pc1m1 -e7:13 -a 7 
artifacts/c5_excess_two_independent_search/verification/check_final_source.log:29: trailing whitespace.
+/home/ray/developer/ai/math-task-er-enumerator/scratch/er/plantri -pc1m1 -e8:15 -a 8 
artifacts/c5_excess_two_independent_search/verification/check_final_source.log:90: trailing whitespace.
+/home/ray/developer/ai/math-task-er-enumerator/scratch/er/plantri -pc1m1 -e9:17 -a 9 
artifacts/c5_excess_two_independent_search/verification/check_seed17_final_source.log:1: trailing whitespace.
+/home/ray/developer/ai/math-task-er-enumerator/scratch/er/plantri -pc1m1 -e3:5 -a 3 
artifacts/c5_excess_two_independent_search/verification/check_seed17_final_source.log:6: trailing whitespace.
+/home/ray/developer/ai/math-task-er-enumerator/scratch/er/plantri -pc1m1 -e4:7 -a 4 
artifacts/c5_excess_two_independent_search/verification/check_seed17_final_source.log:11: trailing whitespace.
+/home/ray/developer/ai/math-task-er-enumerator/scratch/er/plantri -pc1m1 -e5:9 -a 5 
artifacts/c5_excess_two_independent_search/verification/check_seed17_final_source.log:16: trailing whitespace.
+/home/ray/developer/ai/math-task-er-enumerator/scratch/er/plantri -pc1m1 -e6:11 -a 6 
artifacts/c5_excess_two_independent_search/verification/check_seed17_final_source.log:21: trailing whitespace.
+/home/ray/developer/ai/math-task-er-enumerator/scratch/er/plantri -pc1m1 -e7:13 -a 7 
artifacts/c5_excess_two_independent_search/verification/check_seed17_final_source.log:29: trailing whitespace.
+/home/ray/developer/ai/math-task-er-enumerator/scratch/er/plantri -pc1m1 -e8:15 -a 8 
artifacts/c5_excess_two_independent_search/verification/check_seed17_final_source.log:90: trailing whitespace.
+/home/ray/developer/ai/math-task-er-enumerator/scratch/er/plantri -pc1m1 -e9:17 -a 9 
artifacts/c5_excess_two_independent_search/verification/generate_final.log:1: trailing whitespace.
+/home/ray/developer/ai/math-task-er-enumerator/scratch/er/plantri -pc1m1 -e3:5 -a 3 
artifacts/c5_excess_two_independent_search/verification/generate_final.log:6: trailing whitespace.
+/home/ray/developer/ai/math-task-er-enumerator/scratch/er/plantri -pc1m1 -e4:7 -a 4 
artifacts/c5_excess_two_independent_search/verification/generate_final.log:11: trailing whitespace.
+/home/ray/developer/ai/math-task-er-enumerator/scratch/er/plantri -pc1m1 -e5:9 -a 5 
artifacts/c5_excess_two_independent_search/verification/generate_final.log:16: trailing whitespace.
+/home/ray/developer/ai/math-task-er-enumerator/scratch/er/plantri -pc1m1 -e6:11 -a 6 
artifacts/c5_excess_two_independent_search/verification/generate_final.log:21: trailing whitespace.
+/home/ray/developer/ai/math-task-er-enumerator/scratch/er/plantri -pc1m1 -e7:13 -a 7 
artifacts/c5_excess_two_independent_search/verification/generate_final.log:29: trailing whitespace.
+/home/ray/developer/ai/math-task-er-enumerator/scratch/er/plantri -pc1m1 -e8:15 -a 8 
artifacts/c5_excess_two_independent_search/verification/generate_final.log:90: trailing whitespace.
+/home/ray/developer/ai/math-task-er-enumerator/scratch/er/plantri -pc1m1 -e9:17 -a 9 
artifacts/c5_excess_two_independent_search/verification/generate_small_final.log:1: trailing whitespace.
+/home/ray/developer/ai/math-task-er-enumerator/scratch/er/plantri -pc1m1 -e3:5 -a 3 
artifacts/c5_excess_two_independent_search/verification/generate_small_final.log:6: trailing whitespace.
+/home/ray/developer/ai/math-task-er-enumerator/scratch/er/plantri -pc1m1 -e4:7 -a 4 
artifacts/c5_excess_two_independent_search/verification/generate_small_final.log:11: trailing whitespace.
+/home/ray/developer/ai/math-task-er-enumerator/scratch/er/plantri -pc1m1 -e5:9 -a 5 
