{
  "candidate_sha": "ba0b447f09617591d9f2ba81c988f537af771791",
  "reference_review_sha": "a484d4cdaeb069702de0c40acf83bc6a05dea3b3",
  "files": 665,
  "equal_to_review": 663,
  "changed": [
    {
      "path": "docs/c5_kempe_guide.md",
      "current": {
        "bytes": 38140,
        "sha256": "7cbad5d926f8d92a3fa2d4c83256833713608adba15d6013d9b413dfbe8d2778"
      },
      "review": {
        "bytes": 34637,
        "sha256": "b3f6a45327df869e4e0cf893f6a3ce2a113aec1b28c1a8bf371ebbe26003505c",
        "reference": "Git blob at review head"
      },
      "equal_to_review": false,
      "groups": [
        "E4C"
      ]
    },
    {
      "path": "docs/c5_excess_two_mixed_core_spokes.md",
      "current": {
        "bytes": 13065,
        "sha256": "2fe0780d75175f1ccee38a20939eb29f89048a67a82c07fb20afb59ac7680136"
      },
      "review": {
        "bytes": 12737,
        "sha256": "a829d98ebf84a952445e9aebb443cca1b8e0d7129ceaf1a5353b51379f059061",
        "reference": "Git blob at review head"
      },
      "equal_to_review": false,
      "groups": [
        "E5_branches"
      ]
    }
  ],
  "missing_review_reference": []
}
