{
  "dependency_files": 665,
  "dependency_equal_to_review": 663,
  "changed": [
    "docs/c5_kempe_guide.md",
    "docs/c5_excess_two_mixed_core_spokes.md"
  ],
  "comparisons": [
    {
      "name": "E4_reductions",
      "leaves": [
        {
          "path": "/sources/artifacts/c5_excess_two_e3/REPORT.md/bytes",
          "saved": 30573,
          "current": 32469
        },
        {
          "path": "/sources/artifacts/c5_excess_two_e3/REPORT.md/sha256",
          "saved": "6d385639c565e2dd08eb61d7835f5fbfec29cd7c467ce8e5abba1dfc2e39e659",
          "current": "73ed652a55b159a44eb6da4608f11537efc0d43603128094101ef044a96b2cd3"
        }
      ],
      "payload_equal": true,
      "strict_byte_status": "FAIL"
    },
    {
      "name": "E5_controls",
      "leaves": [
        {
          "path": "/source_sha256/artifacts/c5_excess_two_e3/REPORT.md",
          "saved": "6d385639c565e2dd08eb61d7835f5fbfec29cd7c467ce8e5abba1dfc2e39e659",
          "current": "73ed652a55b159a44eb6da4608f11537efc0d43603128094101ef044a96b2cd3"
        }
      ],
      "payload_equal": true,
      "strict_byte_status": "FAIL"
    },
    {
      "name": "E4C",
      "leaves": [
        {
          "path": "/source_hashes/docs/c5_kempe_guide.md",
          "saved": "bd0502e091973b50a9ec02b8f0d39716cdc3bf5cb7144d4da62df741f57d34b4",
          "current": "7cbad5d926f8d92a3fa2d4c83256833713608adba15d6013d9b413dfbe8d2778"
        }
      ],
      "payload_equal": true,
      "strict_byte_status": "FAIL"
    },
    {
      "name": "E5_branches",
      "leaves": [
        {
          "path": "/sources_sha256/docs/c5_excess_two_mixed_core_spokes.md",
          "saved": "a829d98ebf84a952445e9aebb443cca1b8e0d7129ceaf1a5353b51379f059061",
          "current": "2fe0780d75175f1ccee38a20939eb29f89048a67a82c07fb20afb59ac7680136"
        }
      ],
      "payload_equal": true,
      "strict_byte_status": "FAIL"
    }
  ],
  "e4c_controls_byte_equal": 54,
  "whitespace_diagnostics": 86,
  "whitespace_raw_equal": true
}
