{
  "candidate_sha": "ba0b447f09617591d9f2ba81c988f537af771791",
  "reference_review_sha": "a484d4cdaeb069702de0c40acf83bc6a05dea3b3",
  "files": 4149,
  "equal_to_review": 4142,
  "changed": [
    {
      "path": "docs/c5_kempe_guide.md",
      "current": {
        "bytes": 38140,
        "sha256": "7cbad5d926f8d92a3fa2d4c83256833713608adba15d6013d9b413dfbe8d2778"
      },
      "review": {
        "bytes": 34637,
        "sha256": "b3f6a45327df869e4e0cf893f6a3ce2a113aec1b28c1a8bf371ebbe26003505c",
        "reference": "Git blob at review head"
      },
      "equal_to_review": false,
      "groups": [
        "E4C",
        "D8"
      ]
    },
    {
      "path": "docs/c5_excess_two_mixed_core_spokes.md",
      "current": {
        "bytes": 13065,
        "sha256": "2fe0780d75175f1ccee38a20939eb29f89048a67a82c07fb20afb59ac7680136"
      },
      "review": {
        "bytes": 12737,
        "sha256": "a829d98ebf84a952445e9aebb443cca1b8e0d7129ceaf1a5353b51379f059061",
        "reference": "Git blob at review head"
      },
      "equal_to_review": false,
      "groups": [
        "E5_branches",
        "D8"
      ]
    },
    {
      "path": "audits/ARCHIVE.json",
      "current": {
        "bytes": 1012696,
        "sha256": "ae8e5d4c86a8dd1406442d5eaf6e7f3de4dc0ee43aab8548c41e70c4e0fcc245"
      },
      "review": {
        "bytes": 1010516,
        "sha256": "748038ec46cace59ee6c7f2cb8e454a14e217bb0ebed989d07f1d9b017582745",
        "reference": "Git blob at review head"
      },
      "equal_to_review": false,
      "groups": [
        "D8"
      ]
    },
    {
      "path": "docs/STATUS.md",
      "current": {
        "bytes": 131682,
        "sha256": "2f1fa35c5df2d62695b307dc2e4494b92f6508b4465b783a7910753f3ddadb6f"
      },
      "review": {
        "bytes": 128794,
        "sha256": "59c315a00b98d3cec33556d794c54390c600d2fd2a6c1ea1675734590b707b46",
        "reference": "Git blob at review head"
      },
      "equal_to_review": false,
      "groups": [
        "D8"
      ]
    },
    {
      "path": "docs/c5_excess_two_mixed_core_spoke_unary.md",
      "current": {
        "bytes": 11957,
        "sha256": "2ec389e9f58669d84dbd7308018c3770956af588a42954b3b1844f804da4ed7a"
      },
      "review": {
        "bytes": 11620,
        "sha256": "8f7f19e976d872dfed265696fe1844d3fc683bd4cf27ac6a1f560bc5ce9c66d4",
        "reference": "Git blob at review head"
      },
      "equal_to_review": false,
      "groups": [
        "D8"
      ]
    },
    {
      "path": "docs/c5_excess_two_mixed_core_two_unary.md",
      "current": {
        "bytes": 13056,
        "sha256": "f7378979203061ac5743af1d962d12fbe61a8ffbcd37aaa1a3b206ee6bc95c3c"
      },
      "review": {
        "bytes": 12692,
        "sha256": "85aeaf42e4c4731176182e87d7edcb5dd99242de5138e361f693ccf79c9820d7",
        "reference": "Git blob at review head"
      },
      "equal_to_review": false,
      "groups": [
        "D8"
      ]
    },
    {
      "path": "docs/c5_excess_two_mixed_omission.md",
      "current": {
        "bytes": 13620,
        "sha256": "27a974285e24ef8fe300b42a76cd35c6b835bb97a46a6cc5218a4d01008598d3"
      },
      "review": {
        "bytes": 13274,
        "sha256": "8ac99e4a5899b94c4bdcf271f20e2028d3af7d433cd81d48fd06e4995d7f7590",
        "reference": "Git blob at review head"
      },
      "equal_to_review": false,
      "groups": [
        "D8"
      ]
    }
  ],
  "missing_review_reference": []
}
