{
  "actual_directories": 18,
  "actual_regular_files": 110,
  "authority_counts": {
    "BASE Git blob": 50,
    "BASE archive payload": 1
  },
  "base": "f2692089ad4259808e27d9b7e882ac09505b180a",
  "certificate_sha256": "e6c48df13be670932f07c4cc9c4a79bb9e5cf58c1121e70cf57c64240d28f9de",
  "delivery_sha256": "5d73f75f6154863aaf43cf9746757135d3e538c0ec2950e12b3d0de2e213b9ed",
  "exact_metadata_exclusions": [
    "delivery-verification.json",
    "delivery.json",
    "logs/delivery-create.command.json",
    "logs/delivery-create.stderr.log",
    "logs/delivery-create.stdout.log",
    "logs/delivery-verify.command.json",
    "logs/delivery-verify.stderr.log",
    "logs/delivery-verify.stdout.log"
  ],
  "extra_files": 0,
  "frozen_inputs": 51,
  "live_inputs_match": 51,
  "missing_files": 0,
  "payload_bytes": 63167560,
  "payload_files": 102,
  "prior_certificate_sha256": "41c3b82ab4afdade42f70b722a2624a9d1a726a4af22f783a09ab32a099b4ed6",
  "special_files": 0,
  "status": "passes",
  "symlinks": 0,
  "target_tree_changed": false
}
