 M artifacts/c5_excess_two_e4/REPORT.md
 M docs/STATUS.md
 M docs/c5_kempe_guide.md
 M docs/c5_phase_b_common_lemmas.md
?? audits/2026-10-09-n45-a/
?? audits/2026-10-09-n45-batch-supervision/
?? audits/2026-10-09-n45-j-supervision/
?? audits/2026-10-09-n45-j/
?? audits/2026-10-09-n45-pc/
?? audits/2026-10-09-n45-pg/
?? audits/2026-10-09-n45-pr/
?? audits/2026-10-09-n45-s-supervision/
?? audits/2026-10-09-n45-s/
?? audits/2026-10-09-n45-su-a/
?? audits/2026-10-09-n45-su-j/
?? audits/2026-10-09-n45-su-supervision/
?? audits/2026-10-09-n45-u/
?? audits/2026-10-10-n45-p-supervision/
?? audits/2026-10-10-n45-pa/
?? audits/2026-10-10-n45-pca/
?? audits/2026-10-10-n45-pga/
?? docs/c5_excess_two_nonadjacent_unit_core45.md
?? docs/history/2026-10-09-n2-45-54-parallel-tasks.md
?? docs/history/2026-10-09-n45-u-long-short-pair-tasks.md
