{
  "claims": 11,
  "contract_clauses": 8,
  "length2_spoke_branches": [
    0,
    1,
    2
  ],
  "mathematical_validity_checked": false,
  "shield_branches": [
    [
      2,
      2
    ],
    [
      2,
      3
    ],
    [
      3,
      2
    ]
  ],
  "topological_order": [
    "N45-SS-COST",
    "N45-SS-UNTOP",
    "N45-SS-U3",
    "N45-SS-U2",
    "N45-SS-X-CORE",
    "N45-SS-COMPONENT",
    "N45-SS-SPOKES",
    "N45-SS-T0",
    "N45-SS-T1",
    "N45-SS-T2",
    "N45-SS-EXCLUSION"
  ]
}
