{
 "audited_artifact_sha256": {
  "artifacts/c5_mixed_p3_common_endpoint/observations.json": "0f8cd30f22eae684f8b1691596d7ee83576c1f7d13052f01d878cda97ec73d8f",
  "artifacts/c5_mixed_p3_one_color_ternary_unary/observations.json": "6e01211b2445219854b5fb361600e4e0a35bf0e4dd9707789d90036d1750435c",
  "artifacts/c5_mixed_p3_two_frame_ternary_unary/observations.json": "4ad34a599bb07c501c80c23c2e0460f21ebd77808f8c498e08f4ec1c46d20784",
  "artifacts/c5_mixed_p3_two_frame_two_unary/observations.json": "0b3faa7f7427c2f2aacee8e128ccbb3e7cdd7d6c511746ba1b4bf1471a548a80"
 },
 "checks": 2477,
 "evidence_boundaries": {
  "arbitrary_size": "Paper pointwise lift involution reviewed separately in notes.md; every original internal edge/bridge and own attachment preserved.",
  "external_theorems": "None needed by the C4 componentwise obstruction. K5 control is a finite negative control, not a required external theorem.",
  "lean": "No new Lean theorem; lake build does not formalize this pointwise lift proof.",
  "other": "No source realization, whole-M edge-minimality, target extension, complete Sigma, general exit, or K infinity equals K <=5.",
  "python": "Fixed complete candidate relations, named front ledger, actual-edge models, all lifts/empty fibres and witness validation only."
 },
 "failures": [],
 "finite_counts": {
  "complete_deleted_bridge_lifts": 34,
  "complete_relation_combinations": 27,
  "context_all_root_fibres": 32,
  "control_full_component_lifts": 6,
  "control_full_joint_lifts": 8,
  "deleted_bridge_root_relations": 8,
  "negative_mutations_rejected": 7,
  "ordered_contact_domain_tests": 20,
  "ordered_endpoint_pin_queries": 128,
  "ordered_support_configurations": 9,
  "original_binary_complete_relation_candidates": 3,
  "original_control_bridges": 2,
  "original_own_support_candidates": 4,
  "original_unary_complete_relation_candidates": 1,
  "own_attachment_tests": 8,
  "universal_internal_edge_bridge_tests": 16
 },
 "independent_audit_sources_sha256": {
  "audit_c4.py": "497bc594144b97b62d072147006d812cfa5d1dc57e289e64f0b5b0720b67e2eb",
  "independent_helpers.py": "bc5fd0226341e54fb899f2dc675cbbad15cb06e768f0ed982322c0a8c93ed7d5",
  "independent_reuse_provenance.json": "db20cf7a7246d784da82a5ee9c3272d72d514b2c93f7e878f5b1bb9b8807559e",
  "predecessor_front.py": "5565f6a304ba02144f7474e2a95d41530f494caab409c0bf0892982f43da8260"
 },
 "input_sha256": {
  "artifacts/c5_mixed_p3_common_endpoint/observations.json": "0f8cd30f22eae684f8b1691596d7ee83576c1f7d13052f01d878cda97ec73d8f",
  "artifacts/c5_mixed_p3_common_endpoint/rotation_controls.json": "c02b4d6b578c6284bbb22c10ae247b111c258f19f557d231b0a79199eecb2ef4",
  "artifacts/c5_mixed_p3_one_color_ternary_unary/observations.json": "6e01211b2445219854b5fb361600e4e0a35bf0e4dd9707789d90036d1750435c",
  "artifacts/c5_mixed_p3_two_frame_ternary_unary/observations.json": "4ad34a599bb07c501c80c23c2e0460f21ebd77808f8c498e08f4ec1c46d20784",
  "scripts/c5_adjacent_degree5_interfaces.py": "8c39ed517f8afc2a6beb61dda2eadb82745ce391c868af238c5fef2ccbf7207e",
  "scripts/c5_mixed_capacity_contacts.py": "395a14f7eea6c027cca8f3569bebc9f2293bd6e2d3f63ad2b7e0367f6bf671cd",
  "scripts/c5_mixed_p3_common_endpoint.py": "183b7844bcd1fa5066a927ec8850b45d6833aa8a0884f402e2281c2ca2b6c387",
  "scripts/c5_mixed_p3_one_color_ternary_unary.py": "848147efd5c89299e09449c3e40c718b03906ac39b319d53fc3682dd369e896d",
  "scripts/c5_mixed_p3_two_frame_ternary_unary.py": "f16dfdb7e9d2ca5ec3bbc9aae7e4fbd7feb1ee9dbfd6527c75b620bcc1546588",
  "scripts/c5_mixed_p3_two_frame_two_unary.py": "cfc78939e0522761e2db134c893261b92e55b14c4e607d9eb0f502a43e4004ac"
 },
 "scope": {
  "closed_named_keys": [
   [
    "CPP-134-1",
    30,
    20
   ],
   [
    "CPP-134-1",
    34,
    20
   ],
   [
    "CPP-134-1",
    34,
    60
   ]
  ],
  "inherited_closed_named_keys": [
   [
    "CPP-134-1",
    30,
    20
   ],
   [
    "CPP-134-1",
    34,
    20
   ]
  ],
  "ledger_keys": 3500,
  "newly_closed_named_keys": [
   [
    "CPP-134-1",
    34,
    60
   ]
  ],
  "not_audited_keys": 3497,
  "predecessor_case_joins": 900,
  "predecessor_cases": 36,
  "predecessor_deletions": 0,
  "predecessor_geometries": 140,
  "proposed_next_unreviewed_entry": {
   "case": {
    "branch": 1,
    "id": 86,
    "local_id": 134,
    "name": "CPP-134-1",
    "side_join_ids": [
     20,
     21,
     22,
     23,
     24,
     60,
     61,
     62,
     63,
     64,
     70,
     71,
     72,
     73,
     74,
     95,
     96,
     97,
     98,
     99,
     120,
     121,
     122,
     123,
     124
    ],
    "w_residual": [
     1,
     3
    ],
    "z_residual": [
     1
    ]
   },
   "evidence_limit": "Named existing catalogue entry only. No new analysis, exclusion, realization, or root-swapped closure.",
   "geometry": {
    "I": [
     1,
     4
    ],
    "J": [
     1,
     4
    ],
    "S1_lifts": [
     1,
     4
    ],
    "S2_lift": 4,
    "actual_side_supports": [
     [
      1,
      2
     ],
     [
      2,
      3,
      4
     ]
    ],
    "anchor": 1,
    "block_lifts": [
     [
      1,
      2
     ],
     [
      2,
      3,
      4
     ],
     [
      4
     ]
    ],
    "case_id": 86,
    "case_name": "CPP-134-1",
    "child": 1,
    "id": 35,
    "local_id": 134,
    "named_order": [
     "A_z",
     "A_w",
     "S2"
    ]
   },
   "key": [
    "CPP-134-1",
    35,
    20
   ],
   "original_P3_actual_supports": [
    [
     0,
     1,
     4
    ],
    [
     1,
     4
    ],
    [
     4
    ]
   ],
   "original_P3_complete_tuples": [
    [
     3,
     0,
     1
    ],
    [
     3,
     0,
     3
    ]
   ],
   "original_unary_components": [
    {
     "actual_own_support": [
      1,
      2
     ],
     "actual_own_support_scope": "exact own support",
     "complete_relation": "R_D_z_0(q) subset U^3; original same-source relation unknown",
     "component": "D_z_0",
     "forbidden_colors": [
      0,
      2,
      3
     ],
     "full_symbolic_root_fibres": [
      {
       "nonempty": false,
       "relation": "{t in R_D_z_0(q): all(t[j] != 0)}",
       "root_color": 0
      },
      {
       "nonempty": true,
       "relation": "{t in R_D_z_0(q): all(t[j] != 1)}",
       "root_color": 1
      },
      {
       "nonempty": false,
       "relation": "{t in R_D_z_0(q): all(t[j] != 2)}",
       "root_color": 2
      },
      {
       "nonempty": false,
       "relation": "{t in R_D_z_0(q): all(t[j] != 3)}",
       "root_color": 3
      }
     ],
     "ordered_contact_scope": "ordered source-class contact symbols; original graph and relation remain unknown",
     "ordered_original_contacts": [
      "z_u0_0",
      "z_u0_1",
      "z_u0_2"
     ],
     "root": "z"
    },
    {
     "actual_own_support": [
      2,
      3,
      4
     ],
     "actual_own_support_scope": "exact own support",
     "complete_relation": "R_D_w_0(q) subset U^3; original same-source relation unknown",
     "component": "D_w_0",
     "forbidden_colors": [
      0,
      2
     ],
     "full_symbolic_root_fibres": [
      {
       "nonempty": false,
       "relation": "{t in R_D_w_0(q): all(t[j] != 0)}",
       "root_color": 0
      },
      {
       "nonempty": true,
       "relation": "{t in R_D_w_0(q): all(t[j] != 1)}",
       "root_color": 1
      },
      {
       "nonempty": false,
       "relation": "{t in R_D_w_0(q): all(t[j] != 2)}",
       "root_color": 2
      },
      {
       "nonempty": true,
       "relation": "{t in R_D_w_0(q): all(t[j] != 3)}",
       "root_color": 3
      }
     ],
     "ordered_contact_scope": "ordered source-class contact symbols; original graph and relation remain unknown",
     "ordered_original_contacts": [
      "w_u0_0",
      "w_u0_1",
      "w_u0_2"
     ],
     "root": "w"
    }
   ],
   "side_ids": [
    8,
    1
   ],
   "status": "proposed_next_unreviewed",
   "w_role": {
    "residual": [
     1,
     3
    ],
    "spoke_colors": [],
    "unary_contacts": [
     3
    ],
    "unary_forbidden": [
     [
      0,
      2
     ]
    ]
   },
   "z_role": {
    "residual": [
     1
    ],
    "spoke_colors": [],
    "unary_contacts": [
     3
    ],
    "unary_forbidden": [
     [
      0,
      2,
      3
     ]
    ]
   }
  },
  "target_queries": 0
 },
 "status": "pass",
 "verbatim_D4_helpers_sha256": {
  "independent_helpers.py": "bc5fd0226341e54fb899f2dc675cbbad15cb06e768f0ed982322c0a8c93ed7d5",
  "predecessor_front.py": "5565f6a304ba02144f7474e2a95d41530f494caab409c0bf0892982f43da8260"
 }
}
