ERROR [duplicate-id] id 'c5.adjacent-degree5-interfaces' is declared by docs/c5_adjacent_degree5_interfaces.md, scratch/task-c44-delivery/repository/docs/c5_adjacent_degree5_interfaces.md
ERROR [duplicate-id] id 'c5.adjacent-degree5-mixed-edge' is declared by docs/c5_adjacent_degree5_mixed_edge.md, scratch/task-c44-delivery/repository/docs/c5_adjacent_degree5_mixed_edge.md
ERROR [duplicate-id] id 'c5.adjacent-degree5-mixed-edge-k4' is declared by docs/c5_adjacent_degree5_mixed_edge_k4.md, scratch/task-c44-delivery/repository/docs/c5_adjacent_degree5_mixed_edge_k4.md
ERROR [duplicate-id] id 'c5.adjacent-degree5-mixed-edge-order' is declared by docs/c5_adjacent_degree5_mixed_edge_order.md, scratch/task-c44-delivery/repository/docs/c5_adjacent_degree5_mixed_edge_order.md
ERROR [duplicate-id] id 'c5.adjacent-degree5-mixed-edge-same-endpoint' is declared by docs/c5_adjacent_degree5_mixed_edge_same_endpoint.md, scratch/task-c44-delivery/repository/docs/c5_adjacent_degree5_mixed_edge_same_endpoint.md
ERROR [duplicate-id] id 'c5.adjacent-degree5-mixed-edge-shared' is declared by docs/c5_adjacent_degree5_mixed_edge_shared.md, scratch/task-c44-delivery/repository/docs/c5_adjacent_degree5_mixed_edge_shared.md
ERROR [duplicate-id] id 'c5.adjacent-degree5-mixed-edge-shared-t0-pair-single' is declared by docs/c5_adjacent_degree5_mixed_edge_shared_t0_pair_single.md, scratch/task-c44-delivery/repository/docs/c5_adjacent_degree5_mixed_edge_shared_t0_pair_single.md
ERROR [duplicate-id] id 'c5.adjacent-degree5-mixed-edge-shared-t0-singles' is declared by docs/c5_adjacent_degree5_mixed_edge_shared_t0_singles.md, scratch/task-c44-delivery/repository/docs/c5_adjacent_degree5_mixed_edge_shared_t0_singles.md
ERROR [duplicate-id] id 'c5.adjacent-degree5-mixed-edge-shared-t1-pair' is declared by docs/c5_adjacent_degree5_mixed_edge_shared_t1_pair.md, scratch/task-c44-delivery/repository/docs/c5_adjacent_degree5_mixed_edge_shared_t1_pair.md
ERROR [duplicate-id] id 'c5.adjacent-degree5-mixed-edge-shared-t1-singles' is declared by docs/c5_adjacent_degree5_mixed_edge_shared_t1_singles.md, scratch/task-c44-delivery/repository/docs/c5_adjacent_degree5_mixed_edge_shared_t1_singles.md
ERROR [duplicate-id] id 'c5.adjacent-degree5-mixed-edge-shared-t2' is declared by docs/c5_adjacent_degree5_mixed_edge_shared_t2.md, scratch/task-c44-delivery/repository/docs/c5_adjacent_degree5_mixed_edge_shared_t2.md
ERROR [duplicate-id] id 'c5.adjacent-degree5-no-mixed' is declared by docs/c5_adjacent_degree5_no_mixed.md, scratch/task-c44-delivery/repository/docs/c5_adjacent_degree5_no_mixed.md
ERROR [duplicate-id] id 'c5.adjacent-degree5-no-mixed-t2' is declared by docs/c5_adjacent_degree5_no_mixed_t2.md, scratch/task-c44-delivery/repository/docs/c5_adjacent_degree5_no_mixed_t2.md
ERROR [duplicate-id] id 'c5.adjacent-degree5-no-mixed-t2-bridge' is declared by docs/c5_adjacent_degree5_no_mixed_t2_bridge.md, scratch/task-c44-delivery/repository/docs/c5_adjacent_degree5_no_mixed_t2_bridge.md
ERROR [duplicate-id] id 'c5.adjacent-degree5-no-mixed-t2-endpoints' is declared by docs/c5_adjacent_degree5_no_mixed_t2_endpoints.md, scratch/task-c44-delivery/repository/docs/c5_adjacent_degree5_no_mixed_t2_endpoints.md
ERROR [duplicate-id] id 'c5.adjacent-degree5-no-mixed-t2-path-palettes' is declared by docs/c5_adjacent_degree5_no_mixed_t2_path_palettes.md, scratch/task-c44-delivery/repository/docs/c5_adjacent_degree5_no_mixed_t2_path_palettes.md
ERROR [duplicate-id] id 'c5.adjacent-degree5-no-mixed-t2-t0-overlap' is declared by docs/c5_adjacent_degree5_no_mixed_t2_t0_overlap.md, scratch/task-c44-delivery/repository/docs/c5_adjacent_degree5_no_mixed_t2_t0_overlap.md
ERROR [duplicate-id] id 'c5.adjacent-degree5-no-mixed-t2-t0-pairs' is declared by docs/c5_adjacent_degree5_no_mixed_t2_t0_pairs.md, scratch/task-c44-delivery/repository/docs/c5_adjacent_degree5_no_mixed_t2_t0_pairs.md
ERROR [duplicate-id] id 'c5.adjacent-degree5-no-mixed-t2-t0-singles' is declared by docs/c5_adjacent_degree5_no_mixed_t2_t0_singles.md, scratch/task-c44-delivery/repository/docs/c5_adjacent_degree5_no_mixed_t2_t0_singles.md
ERROR [duplicate-id] id 'c5.adjacent-degree5-no-mixed-t2-t1' is declared by docs/c5_adjacent_degree5_no_mixed_t2_t1.md, scratch/task-c44-delivery/repository/docs/c5_adjacent_degree5_no_mixed_t2_t1.md
ERROR [duplicate-id] id 'c5.adjacent-degree5-no-mixed-t2-t1-bridge' is declared by docs/c5_adjacent_degree5_no_mixed_t2_t1_bridge.md, scratch/task-c44-delivery/repository/docs/c5_adjacent_degree5_no_mixed_t2_t1_bridge.md
ERROR [duplicate-id] id 'c5.adjacent-degree5-no-mixed-t2-t1-endpoints' is declared by docs/c5_adjacent_degree5_no_mixed_t2_t1_endpoints.md, scratch/task-c44-delivery/repository/docs/c5_adjacent_degree5_no_mixed_t2_t1_endpoints.md
ERROR [duplicate-id] id 'c5.adjacent-degree5-shared-singleton' is declared by docs/c5_adjacent_degree5_shared_singleton.md, scratch/task-c44-delivery/repository/docs/c5_adjacent_degree5_shared_singleton.md
ERROR [duplicate-id] id 'c5.adjacent-degree5-singleton-end-arc' is declared by docs/c5_adjacent_degree5_singleton_end_arc.md, scratch/task-c44-delivery/repository/docs/c5_adjacent_degree5_singleton_end_arc.md
ERROR [duplicate-id] id 'c5.adjacent-degree5-singleton-long-arc' is declared by docs/c5_adjacent_degree5_singleton_long_arc.md, scratch/task-c44-delivery/repository/docs/c5_adjacent_degree5_singleton_long_arc.md
ERROR [duplicate-id] id 'c5.adjacent-degree5-singleton-middle-arc' is declared by docs/c5_adjacent_degree5_singleton_middle_arc.md, scratch/task-c44-delivery/repository/docs/c5_adjacent_degree5_singleton_middle_arc.md
ERROR [duplicate-id] id 'c5.adjacent-degree5-singleton-sectors' is declared by docs/c5_adjacent_degree5_singleton_sectors.md, scratch/task-c44-delivery/repository/docs/c5_adjacent_degree5_singleton_sectors.md
ERROR [duplicate-id] id 'c5.degree5-interfaces' is declared by docs/c5_degree5_interfaces.md, scratch/task-c44-delivery/repository/docs/c5_degree5_interfaces.md
ERROR [duplicate-id] id 'c5.degree5-two-spoke-sectors' is declared by docs/c5_degree5_two_spoke_sectors.md, scratch/task-c44-delivery/repository/docs/c5_degree5_two_spoke_sectors.md
ERROR [duplicate-id] id 'c5.dual-path-surgery' is declared by docs/c5_dual_path_surgery.md, scratch/task-c44-delivery/repository/docs/c5_dual_path_surgery.md
ERROR [duplicate-id] id 'c5.exchange-geometry-scope' is declared by docs/c5_exchange_geometry_scope.md, scratch/task-c44-delivery/repository/docs/c5_exchange_geometry_scope.md
ERROR [duplicate-id] id 'c5.no-spoke-exterior' is declared by docs/c5_no_spoke_exterior.md, scratch/task-c44-delivery/repository/docs/c5_no_spoke_exterior.md
ERROR [duplicate-id] id 'c5.no-spoke-first-bridge' is declared by docs/c5_no_spoke_first_bridge.md, scratch/task-c44-delivery/repository/docs/c5_no_spoke_first_bridge.md
ERROR [duplicate-id] id 'c5.no-spoke-path-minor' is declared by docs/c5_no_spoke_path_minor.md, scratch/task-c44-delivery/repository/docs/c5_no_spoke_path_minor.md
ERROR [duplicate-id] id 'c5.no-spoke-supports' is declared by docs/c5_no_spoke_supports.md, scratch/task-c44-delivery/repository/docs/c5_no_spoke_supports.md
ERROR [duplicate-id] id 'c5.root-degree-excess' is declared by docs/c5_root_degree_excess.md, scratch/task-c44-delivery/repository/docs/c5_root_degree_excess.md
ERROR [duplicate-id] id 'c5.single-sided-exit' is declared by docs/c5_single_sided_exit.md, scratch/task-c44-delivery/repository/docs/c5_single_sided_exit.md
ERROR [duplicate-id] id 'c5.single-spoke-branch-minor' is declared by docs/c5_single_spoke_branch_minor.md, scratch/task-c44-delivery/repository/docs/c5_single_spoke_branch_minor.md
ERROR [duplicate-id] id 'c5.single-spoke-branch-palettes' is declared by docs/c5_single_spoke_branch_palettes.md, scratch/task-c44-delivery/repository/docs/c5_single_spoke_branch_palettes.md
ERROR [duplicate-id] id 'c5.single-spoke-bridge-path' is declared by docs/c5_single_spoke_bridge_path.md, scratch/task-c44-delivery/repository/docs/c5_single_spoke_bridge_path.md
ERROR [duplicate-id] id 'c5.single-spoke-completion' is declared by docs/c5_single_spoke_completion.md, scratch/task-c44-delivery/repository/docs/c5_single_spoke_completion.md
ERROR [duplicate-id] id 'c5.single-spoke-cores' is declared by docs/c5_single_spoke_cores.md, scratch/task-c44-delivery/repository/docs/c5_single_spoke_cores.md
ERROR [duplicate-id] id 'c5.single-spoke-cross-row' is declared by docs/c5_single_spoke_cross_row.md, scratch/task-c44-delivery/repository/docs/c5_single_spoke_cross_row.md
ERROR [duplicate-id] id 'c5.single-spoke-first-bridge' is declared by docs/c5_single_spoke_first_bridge.md, scratch/task-c44-delivery/repository/docs/c5_single_spoke_first_bridge.md
ERROR [duplicate-id] id 'c5.single-spoke-four' is declared by docs/c5_single_spoke_four.md, scratch/task-c44-delivery/repository/docs/c5_single_spoke_four.md
ERROR [duplicate-id] id 'c5.single-spoke-frame-arc' is declared by docs/c5_single_spoke_frame_arc.md, scratch/task-c44-delivery/repository/docs/c5_single_spoke_frame_arc.md
ERROR [duplicate-id] id 'c5.single-spoke-residual-locality' is declared by docs/c5_single_spoke_residual_locality.md, scratch/task-c44-delivery/repository/docs/c5_single_spoke_residual_locality.md
ERROR [duplicate-id] id 'c5.single-spoke-root-conservation' is declared by docs/c5_single_spoke_root_conservation.md, scratch/task-c44-delivery/repository/docs/c5_single_spoke_root_conservation.md
ERROR [duplicate-id] id 'c5.single-spoke-root-sweep' is declared by docs/c5_single_spoke_root_sweep.md, scratch/task-c44-delivery/repository/docs/c5_single_spoke_root_sweep.md
ERROR [duplicate-id] id 'c5.single-spoke-single-contact-bounds' is declared by docs/c5_single_spoke_single_contact_bounds.md, scratch/task-c44-delivery/repository/docs/c5_single_spoke_single_contact_bounds.md
ERROR [duplicate-id] id 'c5.single-spoke-three-one' is declared by docs/c5_single_spoke_three_one.md, scratch/task-c44-delivery/repository/docs/c5_single_spoke_three_one.md
ERROR [duplicate-id] id 'c5.single-spoke-two-arc' is declared by docs/c5_single_spoke_two_arc.md, scratch/task-c44-delivery/repository/docs/c5_single_spoke_two_arc.md
ERROR [duplicate-id] id 'c5.single-spoke-two-contact-bounds' is declared by docs/c5_single_spoke_two_contact_bounds.md, scratch/task-c44-delivery/repository/docs/c5_single_spoke_two_contact_bounds.md
ERROR [duplicate-id] id 'c5.single-spoke-two-two' is declared by docs/c5_single_spoke_two_two.md, scratch/task-c44-delivery/repository/docs/c5_single_spoke_two_two.md
ERROR [duplicate-id] id 'c5.single-spoke-two-two-external' is declared by docs/c5_single_spoke_two_two_external.md, scratch/task-c44-delivery/repository/docs/c5_single_spoke_two_two_external.md
ERROR [duplicate-id] id 'c5.single-spoke-two-two-minor' is declared by docs/c5_single_spoke_two_two_minor.md, scratch/task-c44-delivery/repository/docs/c5_single_spoke_two_two_minor.md
ERROR [duplicate-id] id 'c5.two-spoke-adjacent-21' is declared by docs/c5_two_spoke_adjacent_21.md, scratch/task-c44-delivery/repository/docs/c5_two_spoke_adjacent_21.md
ERROR [duplicate-id] id 'c5.two-spoke-middle-21' is declared by docs/c5_two_spoke_middle_21.md, scratch/task-c44-delivery/repository/docs/c5_two_spoke_middle_21.md
ERROR [duplicate-id] id 'c5.two-spoke-nonadjacent' is declared by docs/c5_two_spoke_nonadjacent.md, scratch/task-c44-delivery/repository/docs/c5_two_spoke_nonadjacent.md
ERROR [duplicate-id] id 'c5.two-spoke-reflection' is declared by docs/c5_two_spoke_reflection.md, scratch/task-c44-delivery/repository/docs/c5_two_spoke_reflection.md
ERROR [duplicate-id] id 'c5.two-spoke-split-support' is declared by docs/c5_two_spoke_split_support.md, scratch/task-c44-delivery/repository/docs/c5_two_spoke_split_support.md
ERROR [duplicate-id] id 'c5.two-spoke-three-contacts' is declared by docs/c5_two_spoke_three_contacts.md, scratch/task-c44-delivery/repository/docs/c5_two_spoke_three_contacts.md
