{
  "T4_indices": [
    2,
    5,
    7,
    8,
    9
  ],
  "all_literal_rows": 240,
  "canonical_pattern_order": [
    [
      0,
      1,
      0,
      1,
      2
    ],
    [
      0,
      1,
      0,
      2,
      1
    ],
    [
      0,
      1,
      0,
      2,
      3
    ],
    [
      0,
      1,
      2,
      0,
      1
    ],
    [
      0,
      1,
      2,
      0,
      2
    ],
    [
      0,
      1,
      2,
      0,
      3
    ],
    [
      0,
      1,
      2,
      1,
      2
    ],
    [
      0,
      1,
      2,
      1,
      3
    ],
    [
      0,
      1,
      2,
      3,
      1
    ],
    [
      0,
      1,
      2,
      3,
      2
    ]
  ],
  "literal_four_rows": 120,
  "literal_three_rows": 120,
  "one_unattached_point_covered_masks": {
    "0": [
      0,
      1,
      2,
      3,
      4,
      5,
      7,
      8,
      9
    ],
    "1": [
      0,
      1,
      2,
      3,
      5,
      6,
      7,
      8,
      9
    ],
    "2": [
      0,
      1,
      2,
      4,
      5,
      6,
      7,
      8,
      9
    ],
    "3": [
      0,
      2,
      3,
      4,
      5,
      6,
      7,
      8,
      9
    ],
    "4": [
      1,
      2,
      3,
      4,
      5,
      6,
      7,
      8,
      9
    ]
  },
  "ordered_arc_count": 20,
  "ordered_arc_identity_counts": {
    "2,2": 10,
    "2,3": 5,
    "3,2": 5
  },
  "ordered_arc_witnesses": [
    {
      "L_edges": [
        2,
        3
      ],
      "L_length": 2,
      "L_start": 2,
      "U_edges": [
        0,
        1
      ],
      "U_interior": [
        1
      ],
      "U_length": 2,
      "U_start": 0
    },
    {
      "L_edges": [
        3,
        4
      ],
      "L_length": 2,
      "L_start": 3,
      "U_edges": [
        0,
        1
      ],
      "U_interior": [
        1
      ],
      "U_length": 2,
      "U_start": 0
    },
    {
      "L_edges": [
        3,
        4
      ],
      "L_length": 2,
      "L_start": 3,
      "U_edges": [
        1,
        2
      ],
      "U_interior": [
        2
      ],
      "U_length": 2,
      "U_start": 1
    },
    {
      "L_edges": [
        0,
        4
      ],
      "L_length": 2,
      "L_start": 4,
      "U_edges": [
        1,
        2
      ],
      "U_interior": [
        2
      ],
      "U_length": 2,
      "U_start": 1
    },
    {
      "L_edges": [
        0,
        1
      ],
      "L_length": 2,
      "L_start": 0,
      "U_edges": [
        2,
        3
      ],
      "U_interior": [
        3
      ],
      "U_length": 2,
      "U_start": 2
    },
    {
      "L_edges": [
        0,
        4
      ],
      "L_length": 2,
      "L_start": 4,
      "U_edges": [
        2,
        3
      ],
      "U_interior": [
        3
      ],
      "U_length": 2,
      "U_start": 2
    },
    {
      "L_edges": [
        0,
        1
      ],
      "L_length": 2,
      "L_start": 0,
      "U_edges": [
        3,
        4
      ],
      "U_interior": [
        4
      ],
      "U_length": 2,
      "U_start": 3
    },
    {
      "L_edges": [
        1,
        2
      ],
      "L_length": 2,
      "L_start": 1,
      "U_edges": [
        3,
        4
      ],
      "U_interior": [
        4
      ],
      "U_length": 2,
      "U_start": 3
    },
    {
      "L_edges": [
        1,
        2
      ],
      "L_length": 2,
      "L_start": 1,
      "U_edges": [
        0,
        4
      ],
      "U_interior": [
        0
      ],
      "U_length": 2,
      "U_start": 4
    },
    {
      "L_edges": [
        2,
        3
      ],
      "L_length": 2,
      "L_start": 2,
      "U_edges": [
        0,
        4
      ],
      "U_interior": [
        0
      ],
      "U_length": 2,
      "U_start": 4
    },
    {
      "L_edges": [
        2,
        3,
        4
      ],
      "L_length": 3,
      "L_start": 2,
      "U_edges": [
        0,
        1
      ],
      "U_interior": [
        1
      ],
      "U_length": 2,
      "U_start": 0
    },
    {
      "L_edges": [
        0,
        3,
        4
      ],
      "L_length": 3,
      "L_start": 3,
      "U_edges": [
        1,
        2
      ],
      "U_interior": [
        2
      ],
      "U_length": 2,
      "U_start": 1
    },
    {
      "L_edges": [
        0,
        1,
        4
      ],
      "L_length": 3,
      "L_start": 4,
      "U_edges": [
        2,
        3
      ],
      "U_interior": [
        3
      ],
      "U_length": 2,
      "U_start": 2
    },
    {
      "L_edges": [
        0,
        1,
        2
      ],
      "L_length": 3,
      "L_start": 0,
      "U_edges": [
        3,
        4
      ],
      "U_interior": [
        4
      ],
      "U_length": 2,
      "U_start": 3
    },
    {
      "L_edges": [
        1,
        2,
        3
      ],
      "L_length": 3,
      "L_start": 1,
      "U_edges": [
        0,
        4
      ],
      "U_interior": [
        0
      ],
      "U_length": 2,
      "U_start": 4
    },
    {
      "L_edges": [
        3,
        4
      ],
      "L_length": 2,
      "L_start": 3,
      "U_edges": [
        0,
        1,
        2
      ],
      "U_interior": [
        1,
        2
      ],
      "U_length": 3,
      "U_start": 0
    },
    {
      "L_edges": [
        0,
        4
      ],
      "L_length": 2,
      "L_start": 4,
      "U_edges": [
        1,
        2,
        3
      ],
      "U_interior": [
        2,
        3
      ],
      "U_length": 3,
      "U_start": 1
    },
    {
      "L_edges": [
        0,
        1
      ],
      "L_length": 2,
      "L_start": 0,
      "U_edges": [
        2,
        3,
        4
      ],
      "U_interior": [
        3,
        4
      ],
      "U_length": 3,
      "U_start": 2
    },
    {
      "L_edges": [
        1,
        2
      ],
      "L_length": 2,
      "L_start": 1,
      "U_edges": [
        0,
        3,
        4
      ],
      "U_interior": [
        4,
        0
      ],
      "U_length": 3,
      "U_start": 3
    },
    {
      "L_edges": [
        2,
        3
      ],
      "L_length": 2,
      "L_start": 2,
      "U_edges": [
        0,
        1,
        4
      ],
      "U_interior": [
        0,
        1
      ],
      "U_length": 3,
      "U_start": 4
    }
  ],
  "original_faces_proved_by_controls": false,
  "q2_common_D5_S4_actions": 240,
  "q2_single_vertex_recolors_after_common_actions": 960,
  "result": "all fixed arithmetic assertions hold; arbitrary-size paper reasoning remains separate",
  "scope": "C5 rows, single-vertex recolor, whole-frame D5/S4, and disjoint ordered arc arithmetic only",
  "single_vertex_recolors": 480,
  "singleton_to_q_index": {
    "0": 6,
    "1": 4,
    "2": 3,
    "3": 1,
    "4": 0
  },
  "source_graphs_created": 0,
  "source_trigger_count": null,
  "source_trigger_status": "not computed; controls do not encode original SS sources",
  "task": "N45-SSG-independent-fixed-arithmetic",
  "two_unattached_point_row_checks": 1200
}
