{
  "authored_text_checked": [
    "REPORT.md",
    "artifact-review.json",
    "checks.json",
    "independent-judgment.json",
    "inputs.json",
    "judgment-seal.json",
    "review.py",
    "seal.py"
  ],
  "base": "dc8e9aa7d6fccb51f63d30aa3f9c132296d44744",
  "base_git_objects": 24,
  "candidate_payload_exact_inventory": 6096,
  "candidate_postseal_exact_inventory": 5,
  "claims_metadata_matched": 11,
  "current_work_inputs": 23,
  "historical_missing_base_probe": 1,
  "report_local_links": 24,
  "scope": "artifact bytes, Git objects, claim inventory, own text; no mathematical proof",
  "task": "N45-SSA",
  "tracked_diff_and_index_unchanged": true
}
