{
  "authored_top_level_text_checked": [
    "REPORT.md",
    "base-archive.json",
    "bootstrap-checks.json",
    "checks.json",
    "claims.json",
    "delivery.json",
    "documentation-checks.json",
    "external-source-check.json",
    "gallai-extract-check.json",
    "gallai-primary.txt",
    "inputs-additional.json",
    "inputs.json",
    "run_checks.py",
    "seal-initial.py",
    "seal.py",
    "shared-before.json",
    "supplement-checks.json",
    "verify-initial-check.json",
    "verify-initial.py",
    "verify-preseal-failure.json",
    "verify-preseal-v2.py",
    "verify.py"
  ],
  "base_blobs_verified": 24,
  "claims_with_required_metadata": 11,
  "current_snapshots_verified": 11,
  "head": "dc8e9aa7d6fccb51f63d30aa3f9c132296d44744",
  "own_report_local_links": 32,
  "pending_seal_links": [],
  "preseal_mode": false,
  "probe_missing_not_dependencies": [
    "docs/c5_weak_deletion_minimal_obstruction.md"
  ],
  "scope": "Input/Git/artifact checks only; no mathematical theorem or finite source solver",
  "sealed_manifest_checked": true,
  "sealed_payload_file_count": 6096,
  "shared_existing_files_unchanged": 13146,
  "shared_file_inventory_unchanged": true,
  "task": "N45-U-SS"
}
