Refreshing run status every 30 seconds. Press Ctrl+C to quit.

* integrate-kprime-e3 Lean CI raylei50653/math#3 · 37592797376
Triggered via pull_request about 15 minutes ago

JOBS
* build (ID 112698077387)
Refreshing run status every 30 seconds. Press Ctrl+C to quit.

* integrate-kprime-e3 Lean CI raylei50653/math#3 · 37592797376
Triggered via pull_request about 16 minutes ago

JOBS
* build (ID 112698077387)
Refreshing run status every 30 seconds. Press Ctrl+C to quit.

* integrate-kprime-e3 Lean CI raylei50653/math#3 · 37592797376
Triggered via pull_request about 16 minutes ago

JOBS
* build (ID 112698077387)
Refreshing run status every 30 seconds. Press Ctrl+C to quit.

* integrate-kprime-e3 Lean CI raylei50653/math#3 · 37592797376
Triggered via pull_request about 17 minutes ago

JOBS
* build (ID 112698077387)
Refreshing run status every 30 seconds. Press Ctrl+C to quit.

* integrate-kprime-e3 Lean CI raylei50653/math#3 · 37592797376
Triggered via pull_request about 17 minutes ago

JOBS
* build (ID 112698077387)
Refreshing run status every 30 seconds. Press Ctrl+C to quit.

* integrate-kprime-e3 Lean CI raylei50653/math#3 · 37592797376
Triggered via pull_request about 18 minutes ago

JOBS
* build (ID 112698077387)
Refreshing run status every 30 seconds. Press Ctrl+C to quit.

* integrate-kprime-e3 Lean CI raylei50653/math#3 · 37592797376
Triggered via pull_request about 18 minutes ago

JOBS
* build (ID 112698077387)
Refreshing run status every 30 seconds. Press Ctrl+C to quit.

* integrate-kprime-e3 Lean CI raylei50653/math#3 · 37592797376
Triggered via pull_request about 19 minutes ago

JOBS
* build (ID 112698077387)
  ✓ Set up job
  * Run actions/checkout@v5
  * Use elan toolchain
  * Fetch Mathlib cache
  * Build
  * Post Run actions/checkout@v5
Refreshing run status every 30 seconds. Press Ctrl+C to quit.

* integrate-kprime-e3 Lean CI raylei50653/math#3 · 37592797376
Triggered via pull_request about 20 minutes ago

JOBS
* build (ID 112698077387)
  ✓ Set up job
  ✓ Run actions/checkout@v5
  ✓ Use elan toolchain
  * Fetch Mathlib cache
  * Build
  * Post Run actions/checkout@v5
Refreshing run status every 30 seconds. Press Ctrl+C to quit.

* integrate-kprime-e3 Lean CI raylei50653/math#3 · 37592797376
Triggered via pull_request about 20 minutes ago

JOBS
* build (ID 112698077387)
  ✓ Set up job
  ✓ Run actions/checkout@v5
  ✓ Use elan toolchain
  * Fetch Mathlib cache
  * Build
  * Post Run actions/checkout@v5
Refreshing run status every 30 seconds. Press Ctrl+C to quit.

* integrate-kprime-e3 Lean CI raylei50653/math#3 · 37592797376
Triggered via pull_request about 21 minutes ago

JOBS
* build (ID 112698077387)
  ✓ Set up job
  ✓ Run actions/checkout@v5
  ✓ Use elan toolchain
  * Fetch Mathlib cache
  * Build
  * Post Run actions/checkout@v5
Refreshing run status every 30 seconds. Press Ctrl+C to quit.

* integrate-kprime-e3 Lean CI raylei50653/math#3 · 37592797376
Triggered via pull_request about 21 minutes ago

JOBS
* build (ID 112698077387)
  ✓ Set up job
  ✓ Run actions/checkout@v5
  ✓ Use elan toolchain
  * Fetch Mathlib cache
  * Build
  * Post Run actions/checkout@v5
Refreshing run status every 30 seconds. Press Ctrl+C to quit.

* integrate-kprime-e3 Lean CI raylei50653/math#3 · 37592797376
Triggered via pull_request about 22 minutes ago

JOBS
* build (ID 112698077387)
  ✓ Set up job
  ✓ Run actions/checkout@v5
  ✓ Use elan toolchain
  * Fetch Mathlib cache
  * Build
  * Post Run actions/checkout@v5
Refreshing run status every 30 seconds. Press Ctrl+C to quit.

* integrate-kprime-e3 Lean CI raylei50653/math#3 · 37592797376
Triggered via pull_request about 22 minutes ago

JOBS
* build (ID 112698077387)
  ✓ Set up job
  ✓ Run actions/checkout@v5
  ✓ Use elan toolchain
  * Fetch Mathlib cache
  * Build
  * Post Run actions/checkout@v5
Refreshing run status every 30 seconds. Press Ctrl+C to quit.

* integrate-kprime-e3 Lean CI raylei50653/math#3 · 37592797376
Triggered via pull_request about 23 minutes ago

JOBS
* build (ID 112698077387)
  ✓ Set up job
  ✓ Run actions/checkout@v5
  ✓ Use elan toolchain
  * Fetch Mathlib cache
  * Build
  * Post Run actions/checkout@v5
Refreshing run status every 30 seconds. Press Ctrl+C to quit.

* integrate-kprime-e3 Lean CI raylei50653/math#3 · 37592797376
Triggered via pull_request about 23 minutes ago

JOBS
* build (ID 112698077387)
  ✓ Set up job
  ✓ Run actions/checkout@v5
  ✓ Use elan toolchain
  ✓ Fetch Mathlib cache
  * Build
  * Post Run actions/checkout@v5
Refreshing run status every 30 seconds. Press Ctrl+C to quit.

* integrate-kprime-e3 Lean CI raylei50653/math#3 · 37592797376
Triggered via pull_request about 24 minutes ago

JOBS
* build (ID 112698077387)
  ✓ Set up job
  ✓ Run actions/checkout@v5
  ✓ Use elan toolchain
  ✓ Fetch Mathlib cache
  * Build
  * Post Run actions/checkout@v5
Refreshing run status every 30 seconds. Press Ctrl+C to quit.

* integrate-kprime-e3 Lean CI raylei50653/math#3 · 37592797376
Triggered via pull_request about 24 minutes ago

JOBS
* build (ID 112698077387)
  ✓ Set up job
  ✓ Run actions/checkout@v5
  ✓ Use elan toolchain
  ✓ Fetch Mathlib cache
  * Build
  * Post Run actions/checkout@v5
Refreshing run status every 30 seconds. Press Ctrl+C to quit.

* integrate-kprime-e3 Lean CI raylei50653/math#3 · 37592797376
Triggered via pull_request about 25 minutes ago

JOBS
* build (ID 112698077387)
  ✓ Set up job
  ✓ Run actions/checkout@v5
  ✓ Use elan toolchain
  ✓ Fetch Mathlib cache
  * Build
  * Post Run actions/checkout@v5
Refreshing run status every 30 seconds. Press Ctrl+C to quit.

* integrate-kprime-e3 Lean CI raylei50653/math#3 · 37592797376
Triggered via pull_request about 26 minutes ago

JOBS
* build (ID 112698077387)
  ✓ Set up job
  ✓ Run actions/checkout@v5
  ✓ Use elan toolchain
  ✓ Fetch Mathlib cache
  * Build
  * Post Run actions/checkout@v5
Refreshing run status every 30 seconds. Press Ctrl+C to quit.

* integrate-kprime-e3 Lean CI raylei50653/math#3 · 37592797376
Triggered via pull_request about 26 minutes ago

JOBS
* build (ID 112698077387)
  ✓ Set up job
  ✓ Run actions/checkout@v5
  ✓ Use elan toolchain
  ✓ Fetch Mathlib cache
  * Build
  * Post Run actions/checkout@v5
Refreshing run status every 30 seconds. Press Ctrl+C to quit.

* integrate-kprime-e3 Lean CI raylei50653/math#3 · 37592797376
Triggered via pull_request about 27 minutes ago

JOBS
* build (ID 112698077387)
  ✓ Set up job
  ✓ Run actions/checkout@v5
  ✓ Use elan toolchain
  ✓ Fetch Mathlib cache
  * Build
  * Post Run actions/checkout@v5
Refreshing run status every 30 seconds. Press Ctrl+C to quit.

* integrate-kprime-e3 Lean CI raylei50653/math#3 · 37592797376
Triggered via pull_request about 27 minutes ago

JOBS
* build (ID 112698077387)
  ✓ Set up job
  ✓ Run actions/checkout@v5
  ✓ Use elan toolchain
  ✓ Fetch Mathlib cache
  * Build
  * Post Run actions/checkout@v5
Refreshing run status every 30 seconds. Press Ctrl+C to quit.

* integrate-kprime-e3 Lean CI raylei50653/math#3 · 37592797376
Triggered via pull_request about 28 minutes ago

JOBS
* build (ID 112698077387)
  ✓ Set up job
  ✓ Run actions/checkout@v5
  ✓ Use elan toolchain
  ✓ Fetch Mathlib cache
  * Build
  * Post Run actions/checkout@v5
Refreshing run status every 30 seconds. Press Ctrl+C to quit.

* integrate-kprime-e3 Lean CI raylei50653/math#3 · 37592797376
Triggered via pull_request about 28 minutes ago

JOBS
* build (ID 112698077387)
  ✓ Set up job
  ✓ Run actions/checkout@v5
  ✓ Use elan toolchain
  ✓ Fetch Mathlib cache
  * Build
  * Post Run actions/checkout@v5
Refreshing run status every 30 seconds. Press Ctrl+C to quit.

* integrate-kprime-e3 Lean CI raylei50653/math#3 · 37592797376
Triggered via pull_request about 29 minutes ago

JOBS
* build (ID 112698077387)
  ✓ Set up job
  ✓ Run actions/checkout@v5
  ✓ Use elan toolchain
  ✓ Fetch Mathlib cache
  * Build
  * Post Run actions/checkout@v5
Refreshing run status every 30 seconds. Press Ctrl+C to quit.

* integrate-kprime-e3 Lean CI raylei50653/math#3 · 37592797376
Triggered via pull_request about 29 minutes ago

JOBS
* build (ID 112698077387)
  ✓ Set up job
  ✓ Run actions/checkout@v5
  ✓ Use elan toolchain
  ✓ Fetch Mathlib cache
  * Build
  * Post Run actions/checkout@v5
Refreshing run status every 30 seconds. Press Ctrl+C to quit.

* integrate-kprime-e3 Lean CI raylei50653/math#3 · 37592797376
Triggered via pull_request about 30 minutes ago

JOBS
* build (ID 112698077387)
  ✓ Set up job
  ✓ Run actions/checkout@v5
  ✓ Use elan toolchain
  ✓ Fetch Mathlib cache
  * Build
  * Post Run actions/checkout@v5
Refreshing run status every 30 seconds. Press Ctrl+C to quit.

* integrate-kprime-e3 Lean CI raylei50653/math#3 · 37592797376
Triggered via pull_request about 30 minutes ago

JOBS
* build (ID 112698077387)
  ✓ Set up job
  ✓ Run actions/checkout@v5
  ✓ Use elan toolchain
  ✓ Fetch Mathlib cache
  * Build
  * Post Run actions/checkout@v5
Refreshing run status every 30 seconds. Press Ctrl+C to quit.

* integrate-kprime-e3 Lean CI raylei50653/math#3 · 37592797376
Triggered via pull_request about 31 minutes ago

JOBS
* build (ID 112698077387)
  ✓ Set up job
  ✓ Run actions/checkout@v5
  ✓ Use elan toolchain
  ✓ Fetch Mathlib cache
  * Build
  * Post Run actions/checkout@v5
Refreshing run status every 30 seconds. Press Ctrl+C to quit.

* integrate-kprime-e3 Lean CI raylei50653/math#3 · 37592797376
Triggered via pull_request about 31 minutes ago

JOBS
* build (ID 112698077387)
  ✓ Set up job
  ✓ Run actions/checkout@v5
  ✓ Use elan toolchain
  ✓ Fetch Mathlib cache
  * Build
  * Post Run actions/checkout@v5
Refreshing run status every 30 seconds. Press Ctrl+C to quit.

* integrate-kprime-e3 Lean CI raylei50653/math#3 · 37592797376
Triggered via pull_request about 32 minutes ago

JOBS
* build (ID 112698077387)
  ✓ Set up job
  ✓ Run actions/checkout@v5
  ✓ Use elan toolchain
  ✓ Fetch Mathlib cache
  * Build
  * Post Run actions/checkout@v5
Refreshing run status every 30 seconds. Press Ctrl+C to quit.

* integrate-kprime-e3 Lean CI raylei50653/math#3 · 37592797376
Triggered via pull_request about 32 minutes ago

JOBS
* build (ID 112698077387)
  ✓ Set up job
  ✓ Run actions/checkout@v5
  ✓ Use elan toolchain
  ✓ Fetch Mathlib cache
  * Build
  * Post Run actions/checkout@v5
Refreshing run status every 30 seconds. Press Ctrl+C to quit.

* integrate-kprime-e3 Lean CI raylei50653/math#3 · 37592797376
Triggered via pull_request about 33 minutes ago

JOBS
* build (ID 112698077387)
  ✓ Set up job
  ✓ Run actions/checkout@v5
  ✓ Use elan toolchain
  ✓ Fetch Mathlib cache
  * Build
  * Post Run actions/checkout@v5
Refreshing run status every 30 seconds. Press Ctrl+C to quit.

* integrate-kprime-e3 Lean CI raylei50653/math#3 · 37592797376
Triggered via pull_request about 33 minutes ago

JOBS
* build (ID 112698077387)
  ✓ Set up job
  ✓ Run actions/checkout@v5
  ✓ Use elan toolchain
  ✓ Fetch Mathlib cache
  * Build
  * Post Run actions/checkout@v5
Refreshing run status every 30 seconds. Press Ctrl+C to quit.

* integrate-kprime-e3 Lean CI raylei50653/math#3 · 37592797376
Triggered via pull_request about 34 minutes ago

JOBS
* build (ID 112698077387)
  ✓ Set up job
  ✓ Run actions/checkout@v5
  ✓ Use elan toolchain
  ✓ Fetch Mathlib cache
  * Build
  * Post Run actions/checkout@v5
Refreshing run status every 30 seconds. Press Ctrl+C to quit.

* integrate-kprime-e3 Lean CI raylei50653/math#3 · 37592797376
Triggered via pull_request about 34 minutes ago

JOBS
* build (ID 112698077387)
  ✓ Set up job
  ✓ Run actions/checkout@v5
  ✓ Use elan toolchain
  ✓ Fetch Mathlib cache
  * Build
  * Post Run actions/checkout@v5
Refreshing run status every 30 seconds. Press Ctrl+C to quit.

* integrate-kprime-e3 Lean CI raylei50653/math#3 · 37592797376
Triggered via pull_request about 35 minutes ago

JOBS
* build (ID 112698077387)
  ✓ Set up job
  ✓ Run actions/checkout@v5
  ✓ Use elan toolchain
  ✓ Fetch Mathlib cache
  * Build
  * Post Run actions/checkout@v5
Refreshing run status every 30 seconds. Press Ctrl+C to quit.

* integrate-kprime-e3 Lean CI raylei50653/math#3 · 37592797376
Triggered via pull_request about 35 minutes ago

JOBS
* build (ID 112698077387)
  ✓ Set up job
  ✓ Run actions/checkout@v5
  ✓ Use elan toolchain
  ✓ Fetch Mathlib cache
  * Build
  * Post Run actions/checkout@v5
Refreshing run status every 30 seconds. Press Ctrl+C to quit.

* integrate-kprime-e3 Lean CI raylei50653/math#3 · 37592797376
Triggered via pull_request about 36 minutes ago

JOBS
* build (ID 112698077387)
  ✓ Set up job
  ✓ Run actions/checkout@v5
  ✓ Use elan toolchain
  ✓ Fetch Mathlib cache
  * Build
  * Post Run actions/checkout@v5
Refreshing run status every 30 seconds. Press Ctrl+C to quit.

* integrate-kprime-e3 Lean CI raylei50653/math#3 · 37592797376
Triggered via pull_request about 36 minutes ago

JOBS
* build (ID 112698077387)
  ✓ Set up job
  ✓ Run actions/checkout@v5
  ✓ Use elan toolchain
  ✓ Fetch Mathlib cache
  * Build
  * Post Run actions/checkout@v5
Refreshing run status every 30 seconds. Press Ctrl+C to quit.

* integrate-kprime-e3 Lean CI raylei50653/math#3 · 37592797376
Triggered via pull_request about 37 minutes ago

JOBS
* build (ID 112698077387)
  ✓ Set up job
  ✓ Run actions/checkout@v5
  ✓ Use elan toolchain
  ✓ Fetch Mathlib cache
  * Build
  * Post Run actions/checkout@v5
Refreshing run status every 30 seconds. Press Ctrl+C to quit.

* integrate-kprime-e3 Lean CI raylei50653/math#3 · 37592797376
Triggered via pull_request about 38 minutes ago

JOBS
* build (ID 112698077387)
  ✓ Set up job
  ✓ Run actions/checkout@v5
  ✓ Use elan toolchain
  ✓ Fetch Mathlib cache
  * Build
  * Post Run actions/checkout@v5
Refreshing run status every 30 seconds. Press Ctrl+C to quit.

* integrate-kprime-e3 Lean CI raylei50653/math#3 · 37592797376
Triggered via pull_request about 38 minutes ago

JOBS
* build (ID 112698077387)
  ✓ Set up job
  ✓ Run actions/checkout@v5
  ✓ Use elan toolchain
  ✓ Fetch Mathlib cache
  * Build
  * Post Run actions/checkout@v5
Refreshing run status every 30 seconds. Press Ctrl+C to quit.

* integrate-kprime-e3 Lean CI raylei50653/math#3 · 37592797376
Triggered via pull_request about 39 minutes ago

JOBS
* build (ID 112698077387)
  ✓ Set up job
  ✓ Run actions/checkout@v5
  ✓ Use elan toolchain
  ✓ Fetch Mathlib cache
  * Build
  * Post Run actions/checkout@v5
Refreshing run status every 30 seconds. Press Ctrl+C to quit.

* integrate-kprime-e3 Lean CI raylei50653/math#3 · 37592797376
Triggered via pull_request about 39 minutes ago

JOBS
* build (ID 112698077387)
  ✓ Set up job
  ✓ Run actions/checkout@v5
  ✓ Use elan toolchain
  ✓ Fetch Mathlib cache
  * Build
  * Post Run actions/checkout@v5
Refreshing run status every 30 seconds. Press Ctrl+C to quit.

* integrate-kprime-e3 Lean CI raylei50653/math#3 · 37592797376
Triggered via pull_request about 40 minutes ago

JOBS
* build (ID 112698077387)
  ✓ Set up job
  ✓ Run actions/checkout@v5
  ✓ Use elan toolchain
  ✓ Fetch Mathlib cache
  * Build
  * Post Run actions/checkout@v5
Refreshing run status every 30 seconds. Press Ctrl+C to quit.

* integrate-kprime-e3 Lean CI raylei50653/math#3 · 37592797376
Triggered via pull_request about 40 minutes ago

JOBS
* build (ID 112698077387)
  ✓ Set up job
  ✓ Run actions/checkout@v5
  ✓ Use elan toolchain
  ✓ Fetch Mathlib cache
  ✓ Build
  * Post Run actions/checkout@v5
✓ integrate-kprime-e3 Lean CI raylei50653/math#3 · 37592797376
Triggered via pull_request about 41 minutes ago

JOBS
✓ build in 21m51s (ID 112698077387)
  ✓ Set up job
  ✓ Run actions/checkout@v5
  ✓ Use elan toolchain
  ✓ Fetch Mathlib cache
  ✓ Build
  ✓ Post Run actions/checkout@v5
  ✓ Complete job
