{
  "certificate_sha256": "6d2286f6f83c753163aba22add705e09c1cb1e3a9b3b72551d4b6f48209e5c69",
  "control_count": 758,
  "counts": {
    "D-left": 27,
    "D-middle": 729,
    "D-spindle": 1,
    "complete-K4": 1
  },
  "minor_claim": "triggered and holds",
  "mode": "read-only-check",
  "original_disk_domain": "not triggered",
  "python_version": "3.14.7 (main, Aug 10 2026, 07:46:56) [GCC 16.1.1 20260728]",
  "script_sha256": "e9b80e6333bf8fca99712320b4a21da3d6fa52b1e1e5c47637f164301aaad300",
  "tamper_negative_controls": [
    {
      "claim": "corrupted certificate rejected",
      "name": "non-original-cross-edge",
      "rejection": "cross witness is not an original edge",
      "status": "triggered and holds"
    },
    {
      "claim": "corrupted certificate rejected",
      "name": "overlapping-branch-sets",
      "rejection": "branch sets overlap",
      "status": "triggered and holds"
    },
    {
      "claim": "corrupted certificate rejected",
      "name": "wrong-complete-degree",
      "rejection": "",
      "status": "triggered and holds"
    }
  ],
  "validation_seed": 0
}
