{
  "status": "PASS",
  "base": "4dd11f422c6fa49265a412085116b088786d0344",
  "original_payload_files": 630,
  "A": {
    "payload_files": 57,
    "frozen_base_documents": 11
  },
  "claim": "immutable delivery and frozen BASE bytes; no current-live equality claim",
  "B": {
    "exit": 0,
    "expected_exit": 0
  },
  "frozen_base_overlay": {
    "premise": {
      "exit": 0,
      "expected_exit": 0
    },
    "minor": {
      "exit": 0,
      "expected_exit": 0
    },
    "corrupted_premise": {
      "exit": 1,
      "expected_exit": 1
    }
  },
  "corrupted_B": {
    "exit": 1,
    "expected_exit": 1
  }
}
