{
  "K4_minor_adjacency_witnesses": 320,
  "K4_tether_controls": 32,
  "K5_minor_adjacency_witnesses": 20,
  "K5_path_pair_edge_disjointness_checks": 90,
  "K5_subdivisions": 2,
  "K5_ten_pair_paths": 20,
  "checks": 2513,
  "context_edges": 16,
  "critical_equal_deleted_ends": 27,
  "deleted_unary_edges": 9,
  "empty_P3_root_pair_fibres": 2,
  "empty_intact_unary_root_pair_fibres": 12,
  "failures": 0,
  "forced_original_unary_edges": 9,
  "full_P3_triples": 2,
  "full_unary_triples": 6,
  "negative_controls_caught": 4,
  "original_projection_edges": 25,
  "pinned_list_checks": 16,
  "stored_local_deletion_witnesses": 36,
  "stored_partial_projection_witnesses": 9
}
