{
  "audit_script_sha256": "e24e816ff0022fcd486ccaf5ad19dbd557ff4f3a8dfc52744938d5400eeed9db",
  "boundaries": [
    "No production imports, enumerator, join helper, or witness validator.",
    "The complete triples use one fixed q and original named graph edges.",
    "C arbitrary unary relations are not serialized; role joints do not establish their realization.",
    "Paper topology, arbitrary-size Gallai arguments, full source minimality, targets, and Lean are outside this finite audit."
  ],
  "complete_P3_relations": 500,
  "complete_named_cases": 560,
  "complete_side_roles": 101,
  "counts": {
    "base_empty_fibres": 224,
    "base_literal_fibres": 8000,
    "base_zw_empty_fibres": 2224,
    "base_zw_literal_fibres": 8000,
    "nonempty_forbidden_local": 112,
    "role_empty_fibres": 207200,
    "role_joints": 14000,
    "role_literal_fibres": 224000
  },
  "geometry_counts": {
    "empty_cases": 524,
    "retained_cases": 36,
    "support_candidates": 114048
  },
  "input_root": "/home/ray/developer/ai/math/audits/2026-10-04-task-d3/snapshot",
  "input_sha256": {
    "artifacts/c5_mixed_p3_common_endpoint/observations.json": "0f8cd30f22eae684f8b1691596d7ee83576c1f7d13052f01d878cda97ec73d8f",
    "artifacts/c5_mixed_p3_common_endpoint/rotation_controls.json": "c02b4d6b578c6284bbb22c10ae247b111c258f19f557d231b0a79199eecb2ef4",
    "artifacts/c5_mixed_p3_one_color_ternary_unary/observations.json": "6e01211b2445219854b5fb361600e4e0a35bf0e4dd9707789d90036d1750435c"
  },
  "narrow_scope": {
    "case_id": 86,
    "case_name": "CPP-134-1",
    "geometry_id": 30,
    "side_ids": [
      8,
      1
    ],
    "side_join_id": 20
  },
  "negative_controls": 3,
  "retained_actual_geometries": 140,
  "status": "PASS",
  "symmetry_counts": {
    "empty_fibres": 672,
    "literal_fibres": 5376
  }
}
