Refreshing run status every 30 seconds. Press Ctrl+C to quit.

* integrate-kprime-e3 Lean CI raylei50653/math#3 · 37592725527
Triggered via push about 7 minutes ago

JOBS
* build (ID 112697835513)
  ✓ Set up job
  ✓ Run actions/checkout@v5
  ✓ Use elan toolchain
  ✓ Fetch Mathlib cache
  * Build
  * Post Run actions/checkout@v5
Refreshing run status every 30 seconds. Press Ctrl+C to quit.

* integrate-kprime-e3 Lean CI raylei50653/math#3 · 37592725527
Triggered via push about 8 minutes ago

JOBS
* build (ID 112697835513)
  ✓ Set up job
  ✓ Run actions/checkout@v5
  ✓ Use elan toolchain
  ✓ Fetch Mathlib cache
  * Build
  * Post Run actions/checkout@v5
Refreshing run status every 30 seconds. Press Ctrl+C to quit.

* integrate-kprime-e3 Lean CI raylei50653/math#3 · 37592725527
Triggered via push about 8 minutes ago

JOBS
* build (ID 112697835513)
  ✓ Set up job
  ✓ Run actions/checkout@v5
  ✓ Use elan toolchain
  ✓ Fetch Mathlib cache
  * Build
  * Post Run actions/checkout@v5
Refreshing run status every 30 seconds. Press Ctrl+C to quit.

* integrate-kprime-e3 Lean CI raylei50653/math#3 · 37592725527
Triggered via push about 9 minutes ago

JOBS
* build (ID 112697835513)
  ✓ Set up job
  ✓ Run actions/checkout@v5
  ✓ Use elan toolchain
  ✓ Fetch Mathlib cache
  * Build
  * Post Run actions/checkout@v5
Refreshing run status every 30 seconds. Press Ctrl+C to quit.

* integrate-kprime-e3 Lean CI raylei50653/math#3 · 37592725527
Triggered via push about 9 minutes ago

JOBS
* build (ID 112697835513)
  ✓ Set up job
  ✓ Run actions/checkout@v5
  ✓ Use elan toolchain
  ✓ Fetch Mathlib cache
  * Build
  * Post Run actions/checkout@v5
Refreshing run status every 30 seconds. Press Ctrl+C to quit.

* integrate-kprime-e3 Lean CI raylei50653/math#3 · 37592725527
Triggered via push about 10 minutes ago

JOBS
* build (ID 112697835513)
  ✓ Set up job
  ✓ Run actions/checkout@v5
  ✓ Use elan toolchain
  ✓ Fetch Mathlib cache
  * Build
  * Post Run actions/checkout@v5
Refreshing run status every 30 seconds. Press Ctrl+C to quit.

* integrate-kprime-e3 Lean CI raylei50653/math#3 · 37592725527
Triggered via push about 10 minutes ago

JOBS
* build (ID 112697835513)
  ✓ Set up job
  ✓ Run actions/checkout@v5
  ✓ Use elan toolchain
  ✓ Fetch Mathlib cache
  * Build
  * Post Run actions/checkout@v5
Refreshing run status every 30 seconds. Press Ctrl+C to quit.

* integrate-kprime-e3 Lean CI raylei50653/math#3 · 37592725527
Triggered via push about 11 minutes ago

JOBS
* build (ID 112697835513)
  ✓ Set up job
  ✓ Run actions/checkout@v5
  ✓ Use elan toolchain
  ✓ Fetch Mathlib cache
  * Build
  * Post Run actions/checkout@v5
Refreshing run status every 30 seconds. Press Ctrl+C to quit.

* integrate-kprime-e3 Lean CI raylei50653/math#3 · 37592725527
Triggered via push about 11 minutes ago

JOBS
* build (ID 112697835513)
  ✓ Set up job
  ✓ Run actions/checkout@v5
  ✓ Use elan toolchain
  ✓ Fetch Mathlib cache
  * Build
  * Post Run actions/checkout@v5
Refreshing run status every 30 seconds. Press Ctrl+C to quit.

* integrate-kprime-e3 Lean CI raylei50653/math#3 · 37592725527
Triggered via push about 12 minutes ago

JOBS
* build (ID 112697835513)
  ✓ Set up job
  ✓ Run actions/checkout@v5
  ✓ Use elan toolchain
  ✓ Fetch Mathlib cache
  * Build
  * Post Run actions/checkout@v5
Refreshing run status every 30 seconds. Press Ctrl+C to quit.

* integrate-kprime-e3 Lean CI raylei50653/math#3 · 37592725527
Triggered via push about 12 minutes ago

JOBS
* build (ID 112697835513)
  ✓ Set up job
  ✓ Run actions/checkout@v5
  ✓ Use elan toolchain
  ✓ Fetch Mathlib cache
  * Build
  * Post Run actions/checkout@v5
Refreshing run status every 30 seconds. Press Ctrl+C to quit.

* integrate-kprime-e3 Lean CI raylei50653/math#3 · 37592725527
Triggered via push about 13 minutes ago

JOBS
* build (ID 112697835513)
  ✓ Set up job
  ✓ Run actions/checkout@v5
  ✓ Use elan toolchain
  ✓ Fetch Mathlib cache
  * Build
  * Post Run actions/checkout@v5
Refreshing run status every 30 seconds. Press Ctrl+C to quit.

* integrate-kprime-e3 Lean CI raylei50653/math#3 · 37592725527
Triggered via push about 13 minutes ago

JOBS
* build (ID 112697835513)
  ✓ Set up job
  ✓ Run actions/checkout@v5
  ✓ Use elan toolchain
  ✓ Fetch Mathlib cache
  * Build
  * Post Run actions/checkout@v5
Refreshing run status every 30 seconds. Press Ctrl+C to quit.

* integrate-kprime-e3 Lean CI raylei50653/math#3 · 37592725527
Triggered via push about 14 minutes ago

JOBS
* build (ID 112697835513)
  ✓ Set up job
  ✓ Run actions/checkout@v5
  ✓ Use elan toolchain
  ✓ Fetch Mathlib cache
  * Build
  * Post Run actions/checkout@v5
Refreshing run status every 30 seconds. Press Ctrl+C to quit.

* integrate-kprime-e3 Lean CI raylei50653/math#3 · 37592725527
Triggered via push about 14 minutes ago

JOBS
* build (ID 112697835513)
  ✓ Set up job
  ✓ Run actions/checkout@v5
  ✓ Use elan toolchain
  ✓ Fetch Mathlib cache
  * Build
  * Post Run actions/checkout@v5
Refreshing run status every 30 seconds. Press Ctrl+C to quit.

* integrate-kprime-e3 Lean CI raylei50653/math#3 · 37592725527
Triggered via push about 15 minutes ago

JOBS
* build (ID 112697835513)
  ✓ Set up job
  ✓ Run actions/checkout@v5
  ✓ Use elan toolchain
  ✓ Fetch Mathlib cache
  * Build
  * Post Run actions/checkout@v5
Refreshing run status every 30 seconds. Press Ctrl+C to quit.

* integrate-kprime-e3 Lean CI raylei50653/math#3 · 37592725527
Triggered via push about 16 minutes ago

JOBS
* build (ID 112697835513)
  ✓ Set up job
  ✓ Run actions/checkout@v5
  ✓ Use elan toolchain
  ✓ Fetch Mathlib cache
  * Build
  * Post Run actions/checkout@v5
Refreshing run status every 30 seconds. Press Ctrl+C to quit.

* integrate-kprime-e3 Lean CI raylei50653/math#3 · 37592725527
Triggered via push about 16 minutes ago

JOBS
* build (ID 112697835513)
  ✓ Set up job
  ✓ Run actions/checkout@v5
  ✓ Use elan toolchain
  ✓ Fetch Mathlib cache
  * Build
  * Post Run actions/checkout@v5
Refreshing run status every 30 seconds. Press Ctrl+C to quit.

* integrate-kprime-e3 Lean CI raylei50653/math#3 · 37592725527
Triggered via push about 17 minutes ago

JOBS
* build (ID 112697835513)
  ✓ Set up job
  ✓ Run actions/checkout@v5
  ✓ Use elan toolchain
  ✓ Fetch Mathlib cache
  * Build
  * Post Run actions/checkout@v5
Refreshing run status every 30 seconds. Press Ctrl+C to quit.

* integrate-kprime-e3 Lean CI raylei50653/math#3 · 37592725527
Triggered via push about 17 minutes ago

JOBS
* build (ID 112697835513)
  ✓ Set up job
  ✓ Run actions/checkout@v5
  ✓ Use elan toolchain
  ✓ Fetch Mathlib cache
  * Build
  * Post Run actions/checkout@v5
Refreshing run status every 30 seconds. Press Ctrl+C to quit.

* integrate-kprime-e3 Lean CI raylei50653/math#3 · 37592725527
Triggered via push about 18 minutes ago

JOBS
* build (ID 112697835513)
  ✓ Set up job
  ✓ Run actions/checkout@v5
  ✓ Use elan toolchain
  ✓ Fetch Mathlib cache
  * Build
  * Post Run actions/checkout@v5
Refreshing run status every 30 seconds. Press Ctrl+C to quit.

* integrate-kprime-e3 Lean CI raylei50653/math#3 · 37592725527
Triggered via push about 18 minutes ago

JOBS
* build (ID 112697835513)
  ✓ Set up job
  ✓ Run actions/checkout@v5
  ✓ Use elan toolchain
  ✓ Fetch Mathlib cache
  * Build
  * Post Run actions/checkout@v5
Refreshing run status every 30 seconds. Press Ctrl+C to quit.

* integrate-kprime-e3 Lean CI raylei50653/math#3 · 37592725527
Triggered via push about 19 minutes ago

JOBS
* build (ID 112697835513)
  ✓ Set up job
  ✓ Run actions/checkout@v5
  ✓ Use elan toolchain
  ✓ Fetch Mathlib cache
  * Build
  * Post Run actions/checkout@v5
Refreshing run status every 30 seconds. Press Ctrl+C to quit.

* integrate-kprime-e3 Lean CI raylei50653/math#3 · 37592725527
Triggered via push about 19 minutes ago

JOBS
* build (ID 112697835513)
  ✓ Set up job
  ✓ Run actions/checkout@v5
  ✓ Use elan toolchain
  ✓ Fetch Mathlib cache
  ✓ Build
  * Post Run actions/checkout@v5
✓ integrate-kprime-e3 Lean CI raylei50653/math#3 · 37592725527
Triggered via push about 20 minutes ago

JOBS
✓ build in 19m52s (ID 112697835513)
  ✓ Set up job
  ✓ Run actions/checkout@v5
  ✓ Use elan toolchain
  ✓ Fetch Mathlib cache
  ✓ Build
  ✓ Post Run actions/checkout@v5
  ✓ Complete job
