missing path: README.md:113: LICENSE
missing path: README.md:115: CITATION.cff
missing path: docs/HANDOFF_2026-09-22.md:222: ../Math/ForcingLists.lean
missing path: docs/HANDOFF_2026-09-22.md:225: ../Math/ForcingListsAudit.lean
missing path: docs/HANDOFF_2026-09-22.md:226: ../Math/RootInterfaces.lean
missing path: docs/HANDOFF_2026-09-22.md:231: ../Math/TwoRejectionTools.lean
missing path: docs/HANDOFF_HISTORY.md:113: ../Math/ForcingLists.lean
missing path: docs/HANDOFF_HISTORY.md:665: ../Math/WeakBisimulation.lean
missing path: docs/HANDOFF_HISTORY.md:1152: ../Math/KempeSurgery.lean
missing path: docs/HANDOFF_HISTORY.md:1544: ../Math/C5Counts.lean
missing path: docs/HANDOFF_HISTORY.md:1553: ../Math/C5ParityWord.lean
missing path: docs/HANDOFF_HISTORY.md:1562: ../Math/NearTriangulation.lean
missing path: docs/HANDOFF_HISTORY.md:1670: ../Math/IntegerViable.lean
missing path: docs/HANDOFF_HISTORY.md:1692: ../Math/EdgeMask.lean
missing path: docs/HANDOFF_HISTORY.md:1715: ../Math/ReducedDFS.lean
missing path: docs/HANDOFF_HISTORY.md:1749: ../Math/ReducedGraphBridge.lean
missing path: docs/HANDOFF_HISTORY.md:1786: ../Math/ReducedViable.lean
missing path: docs/HANDOFF_HISTORY.md:1829: ../Math/PrefixPartition.lean
missing path: docs/HANDOFF_HISTORY.md:1882: ../Math/SymNormalForm.lean
missing path: docs/STATUS.md:354: ../Math/ForcingLists.lean
missing path: docs/STATUS_HISTORY.md:133: ../Math/ForcingLists.lean
missing path: docs/STATUS_HISTORY.md:187: ../Math/ForcingLists.lean
missing path: docs/STATUS_HISTORY.md:1922: ../Math/TwoRejectionTools.lean
missing path: docs/STATUS_HISTORY.md:1930: ../Math/TwoRejectionToolsAudit.lean
missing path: docs/c5_adjacent_singleton_counts.md:78: ../Math/C5Counts.lean
missing path: docs/c5_boundary_relations.md:309: ../Math/C5Counts.lean
missing path: docs/c5_cell_enumerator.md:411: ../Math/SymNormalForm.lean
missing path: docs/c5_cell_enumerator.md:653: ../Math/PrefixPartition.lean
missing path: docs/c5_cell_enumerator.md:752: ../Math/ReducedViable.lean
missing path: docs/c5_cell_enumerator.md:831: ../Math/ReducedGraphBridge.lean
missing path: docs/c5_cell_enumerator.md:900: ../Math/ReducedDFS.lean
missing path: docs/c5_cell_enumerator.md:979: ../Math/EdgeMask.lean
missing path: docs/c5_cell_enumerator.md:1054: ../Math/IntegerViable.lean
missing path: docs/c5_cell_enumerator.md:1083: ../Math/IntegerViableAudit.lean
missing path: docs/c5_circulation.md:30: ../Math/C5Counts.lean
missing path: docs/c5_completion_weak_bisimulation.md:20: ../Math/Boundary.lean
missing path: docs/c5_completion_weak_bisimulation.md:182: ../Math/WeakBisimulation.lean
missing path: docs/c5_completion_weak_bisimulation.md:240: ../Math/WeakBisimulationAudit.lean
missing path: docs/c5_cut_interfaces.md:56: ../Math/KempeSurgery.lean
missing path: docs/c5_degree4_guide.md:102: ../Math/ForcingLists.lean
missing path: docs/c5_degree4_guide.md:106: ../Math/ForcingListsAudit.lean
missing path: docs/c5_edge_pair_coordinates.md:177: ../Math/C5Counts.lean
missing path: docs/c5_edge_states.md:14: ../Math/C5ParityWord.lean
missing path: docs/c5_kempe_class_counts.md:103: ../Math/C5Counts.lean
missing path: docs/c5_kempe_connectivity.md:39: ../Math/KempeSurgery.lean
missing path: docs/c5_sector_3903_guide.md:133: ../Math/TwoRejectionTools.lean
missing path: docs/c5_sector_3903_guide.md:133: ../Math/TwoRejectionToolsAudit.lean
missing path: docs/c5_sector_mixed_transition.md:59: ../Math/KempeSurgery.lean
missing path: docs/c5_single_spoke_cores.md:157: ../Math/TwoSpokeReflection.lean
missing path: docs/c5_two_spoke_nonadjacent.md:218: ../Math/TwoSpokeReflection.lean
missing path: docs/c5_two_spoke_nonadjacent.md:269: ../Math/TwoSpokeNonadjacent.lean
missing path: docs/c5_two_spoke_nonadjacent.md:270: ../Math/TwoSpokeNonadjacentAudit.lean
missing path: docs/c5_two_spoke_reflection.md:91: ../Math/TwoSpokeReflection.lean
missing path: docs/c5_two_spoke_reflection.md:98: ../Math/TwoSpokeReflectionAudit.lean
missing path: docs/c5_two_spoke_split_support.md:276: ../Math/TwoSpokeSplitSupport.lean
missing path: docs/c5_two_spoke_split_support.md:285: ../Math/TwoSpokeReflection.lean
missing path: docs/extension_effects.md:56: ../Math/LocalClosure.lean
missing path: docs/history/2026-09-24-two-spoke-reflection.md:24: ../../Math/TwoSpokeReflection.lean
missing path: docs/history/2026-09-24-two-spoke-reflection.md:25: ../../Math/TwoSpokeReflectionAudit.lean
missing path: docs/history/2026-10-02-lean-common-repair.md:10: ../../Math/CommonRepair.lean
missing path: docs/history/2026-10-02-lean-common-repair.md:11: ../../Math/CommonRepairAudit.lean
missing path: docs/history/2026-10-02-lean-common-repair.md:12: ../../Math.lean
missing path: docs/history/2026-10-02-lean-sealed-four-port.md:14: ../../Math/SealedFourPort.lean
missing path: docs/history/2026-10-02-lean-sealed-four-port.md:15: ../../Math/SealedFourPortAudit.lean
missing path: docs/history/2026-10-02-lean-sealed-four-port.md:16: ../../Math.lean
missing path: docs/lean_boundary_degree.md:5: ../Math/BoundaryDegree.lean
missing path: docs/lean_boundary_degree.md:6: ../Math.lean
missing path: docs/lean_boundary_degree.md:81: ../Math/BoundaryDegreeAudit.lean
missing path: docs/lean_common_repair.md:15: ../Math/CommonRepair.lean
missing path: docs/lean_common_repair.md:15: ../Math.lean
missing path: docs/lean_common_repair.md:56: ../Math/CommonRepairAudit.lean
missing path: docs/lean_named_repair.md:9: ../Math/NamedRepairCore.lean
missing path: docs/lean_named_repair.md:10: ../Math/NamedRepair.lean
missing path: docs/lean_named_repair.md:12: ../Math/NamedRepairAudit.lean
missing path: docs/lean_named_repair.md:12: ../Math.lean
missing path: docs/lean_root_interfaces.md:12: ../Math/RootInterfaces.lean
missing path: docs/lean_sealed_four_port.md:11: ../Math/SealedFourPort.lean
missing path: docs/lean_sealed_four_port.md:13: ../Math/SealedFourPortAudit.lean
missing path: docs/lean_sealed_four_port.md:13: ../Math.lean
missing path: docs/lean_two_rejection_tools.md:8: ../Math/TwoRejectionTools.lean
missing path: docs/lean_two_rejection_tools.md:63: ../Math/TwoRejectionToolsAudit.lean
FAIL: 81 errors (509 Markdown files, 5242 local links)
