{
  "BASE": "f2692089ad4259808e27d9b7e882ac09505b180a",
  "QG_orbits": {
    "933": [
      [
        0,
        1,
        2,
        3
      ],
      [
        0,
        1,
        2,
        4
      ],
      [
        0,
        1,
        3,
        4
      ],
      [
        0,
        2,
        3,
        4
      ],
      [
        1,
        2,
        3,
        4
      ]
    ],
    "941": [
      [
        0,
        1,
        3
      ],
      [
        0,
        2,
        3
      ],
      [
        0,
        2,
        4
      ],
      [
        1,
        2,
        4
      ],
      [
        1,
        3,
        4
      ]
    ]
  },
  "compared_files_sha256": {
    "certificate.json": "e06951edd8150a4f70de270fada08239799dd9ac61fb4fb3552755e667dddd93",
    "frozen/artifacts/c5_single_spoke_residual_locality/support_table.md": "875a6cf606e2127e2e24ed5431b87c2edf657e0ee10aa813558d5739fa0ef5bc",
    "frozen/artifacts/c5_single_spoke_two_two/observations.json": "c0100886fcb2879bda1640a21bca1d0e8a1f9aa4759598ab5d83825ecb71a4d0"
  },
  "finite_source_status": "not triggered",
  "finite_source_validator_executed": false,
  "frozen_input_count": 58,
  "frozen_input_drift": 0,
  "queries": [
    {
      "BASE_record_ids": [
        998
      ],
      "F_C_beta": [
        1
      ],
      "F_U_beta": [
        2,
        3
      ],
      "T4_retained": [
        998
      ],
      "beta_literal": "01212",
      "beta_q": 0,
      "classification": "subsequent source excluded",
      "final_retained": [],
      "ordered_actual_supports_after_transport": [
        [
          1,
          2,
          3,
          4
        ],
        [
          0,
          1,
          4
        ]
      ],
      "orientation": 1,
      "original_s_spoke": 0,
      "shift": 4,
      "whole_boundary_map": [
        4,
        0,
        1,
        2,
        3
      ],
      "whole_color_map": [
        2,
        0,
        1,
        3
      ]
    },
    {
      "BASE_record_ids": [
        1345
      ],
      "F_C_beta": [
        2
      ],
      "F_U_beta": [
        1,
        3
      ],
      "T4_retained": [],
      "beta_literal": "01212",
      "beta_q": 0,
      "classification": "T4 excluded",
      "final_retained": [],
      "ordered_actual_supports_after_transport": [
        [
          1,
          2,
          3,
          4
        ],
        [
          0,
          1,
          4
        ]
      ],
      "orientation": 1,
      "original_s_spoke": 0,
      "shift": 4,
      "whole_boundary_map": [
        4,
        0,
        1,
        2,
        3
      ],
      "whole_color_map": [
        2,
        0,
        1,
        3
      ]
    },
    {
      "BASE_record_ids": [
        1529
      ],
      "F_C_beta": [
        3
      ],
      "F_U_beta": [
        1,
        2
      ],
      "T4_retained": [
        1529
      ],
      "beta_literal": "01212",
      "beta_q": 0,
      "classification": "subsequent source excluded",
      "final_retained": [],
      "ordered_actual_supports_after_transport": [
        [
          1,
          2,
          3,
          4
        ],
        [
          0,
          1,
          4
        ]
      ],
      "orientation": 1,
      "original_s_spoke": 0,
      "shift": 4,
      "whole_boundary_map": [
        4,
        0,
        1,
        2,
        3
      ],
      "whole_color_map": [
        2,
        0,
        1,
        3
      ]
    },
    {
      "BASE_record_ids": [
        723
      ],
      "F_C_beta": [
        0
      ],
      "F_U_beta": [
        1,
        3
      ],
      "T4_retained": [],
      "beta_literal": "01212",
      "beta_q": 0,
      "classification": "T4 excluded",
      "final_retained": [],
      "ordered_actual_supports_after_transport": [
        [
          1,
          2,
          3,
          4
        ],
        [
          0,
          1,
          4
        ]
      ],
      "orientation": 1,
      "original_s_spoke": 2,
      "shift": 4,
      "whole_boundary_map": [
        4,
        0,
        1,
        2,
        3
      ],
      "whole_color_map": [
        2,
        0,
        1,
        3
      ]
    },
    {
      "BASE_record_ids": [
        519
      ],
      "F_C_beta": [
        1
      ],
      "F_U_beta": [
        0,
        3
      ],
      "T4_retained": [
        519
      ],
      "beta_literal": "01212",
      "beta_q": 0,
      "classification": "subsequent source excluded",
      "final_retained": [],
      "ordered_actual_supports_after_transport": [
        [
          1,
          2,
          3,
          4
        ],
        [
          0,
          1,
          4
        ]
      ],
      "orientation": 1,
      "original_s_spoke": 2,
      "shift": 4,
      "whole_boundary_map": [
        4,
        0,
        1,
        2,
        3
      ],
      "whole_color_map": [
        2,
        0,
        1,
        3
      ]
    },
    {
      "BASE_record_ids": [
        929
      ],
      "F_C_beta": [
        3
      ],
      "F_U_beta": [
        0,
        1
      ],
      "T4_retained": [
        929
      ],
      "beta_literal": "01212",
      "beta_q": 0,
      "classification": "subsequent source excluded",
      "final_retained": [],
      "ordered_actual_supports_after_transport": [
        [
          1,
          2,
          3,
          4
        ],
        [
          0,
          1,
          4
        ]
      ],
      "orientation": 1,
      "original_s_spoke": 2,
      "shift": 4,
      "whole_boundary_map": [
        4,
        0,
        1,
        2,
        3
      ],
      "whole_color_map": [
        2,
        0,
        1,
        3
      ]
    },
    {
      "BASE_record_ids": [],
      "F_C_beta": [
        1
      ],
      "F_U_beta": [
        2,
        3
      ],
      "T4_retained": [],
      "beta_literal": "01202",
      "beta_q": 1,
      "classification": "no initial necessary-table match",
      "final_retained": [],
      "ordered_actual_supports_after_transport": [
        [
          0,
          1,
          2,
          3
        ],
        [
          0,
          3,
          4
        ]
      ],
      "orientation": -1,
      "original_s_spoke": 0,
      "shift": 0,
      "whole_boundary_map": [
        0,
        4,
        3,
        2,
        1
      ],
      "whole_color_map": [
        0,
        2,
        1,
        3
      ]
    },
    {
      "BASE_record_ids": [
        60
      ],
      "F_C_beta": [
        2
      ],
      "F_U_beta": [
        1,
        3
      ],
      "T4_retained": [
        60
      ],
      "beta_literal": "01202",
      "beta_q": 1,
      "classification": "subsequent source excluded",
      "final_retained": [],
      "ordered_actual_supports_after_transport": [
        [
          0,
          1,
          2,
          3
        ],
        [
          0,
          3,
          4
        ]
      ],
      "orientation": -1,
      "original_s_spoke": 0,
      "shift": 0,
      "whole_boundary_map": [
        0,
        4,
        3,
        2,
        1
      ],
      "whole_color_map": [
        0,
        2,
        1,
        3
      ]
    },
    {
      "BASE_record_ids": [],
      "F_C_beta": [
        3
      ],
      "F_U_beta": [
        1,
        2
      ],
      "T4_retained": [],
      "beta_literal": "01202",
      "beta_q": 1,
      "classification": "no initial necessary-table match",
      "final_retained": [],
      "ordered_actual_supports_after_transport": [
        [
          0,
          1,
          2,
          3
        ],
        [
          0,
          3,
          4
        ]
      ],
      "orientation": -1,
      "original_s_spoke": 0,
      "shift": 0,
      "whole_boundary_map": [
        0,
        4,
        3,
        2,
        1
      ],
      "whole_color_map": [
        0,
        2,
        1,
        3
      ]
    },
    {
      "BASE_record_ids": [
        60
      ],
      "F_C_beta": [
        0
      ],
      "F_U_beta": [
        1,
        3
      ],
      "T4_retained": [
        60
      ],
      "beta_literal": "01202",
      "beta_q": 1,
      "classification": "subsequent source excluded",
      "final_retained": [],
      "ordered_actual_supports_after_transport": [
        [
          0,
          1,
          2,
          3
        ],
        [
          0,
          3,
          4
        ]
      ],
      "orientation": 1,
      "original_s_spoke": 2,
      "shift": 3,
      "whole_boundary_map": [
        3,
        4,
        0,
        1,
        2
      ],
      "whole_color_map": [
        1,
        2,
        0,
        3
      ]
    },
    {
      "BASE_record_ids": [],
      "F_C_beta": [
        1
      ],
      "F_U_beta": [
        0,
        3
      ],
      "T4_retained": [],
      "beta_literal": "01202",
      "beta_q": 1,
      "classification": "no initial necessary-table match",
      "final_retained": [],
      "ordered_actual_supports_after_transport": [
        [
          0,
          1,
          2,
          3
        ],
        [
          0,
          3,
          4
        ]
      ],
      "orientation": 1,
      "original_s_spoke": 2,
      "shift": 3,
      "whole_boundary_map": [
        3,
        4,
        0,
        1,
        2
      ],
      "whole_color_map": [
        1,
        2,
        0,
        3
      ]
    },
    {
      "BASE_record_ids": [],
      "F_C_beta": [
        3
      ],
      "F_U_beta": [
        0,
        1
      ],
      "T4_retained": [],
      "beta_literal": "01202",
      "beta_q": 1,
      "classification": "no initial necessary-table match",
      "final_retained": [],
      "ordered_actual_supports_after_transport": [
        [
          0,
          1,
          2,
          3
        ],
        [
          0,
          3,
          4
        ]
      ],
      "orientation": 1,
      "original_s_spoke": 2,
      "shift": 3,
      "whole_boundary_map": [
        3,
        4,
        0,
        1,
        2
      ],
      "whole_color_map": [
        1,
        2,
        0,
        3
      ]
    },
    {
      "BASE_record_ids": [
        519
      ],
      "F_C_beta": [
        1
      ],
      "F_U_beta": [
        2,
        3
      ],
      "T4_retained": [
        519
      ],
      "beta_literal": "01201",
      "beta_q": 2,
      "classification": "subsequent source excluded",
      "final_retained": [],
      "ordered_actual_supports_after_transport": [
        [
          1,
          2,
          3,
          4
        ],
        [
          0,
          1,
          4
        ]
      ],
      "orientation": -1,
      "original_s_spoke": 0,
      "shift": 1,
      "whole_boundary_map": [
        1,
        0,
        4,
        3,
        2
      ],
      "whole_color_map": [
        1,
        0,
        2,
        3
      ]
    },
    {
      "BASE_record_ids": [
        723
      ],
      "F_C_beta": [
        2
      ],
      "F_U_beta": [
        1,
        3
      ],
      "T4_retained": [],
      "beta_literal": "01201",
      "beta_q": 2,
      "classification": "T4 excluded",
      "final_retained": [],
      "ordered_actual_supports_after_transport": [
        [
          1,
          2,
          3,
          4
        ],
        [
          0,
          1,
          4
        ]
      ],
      "orientation": -1,
      "original_s_spoke": 0,
      "shift": 1,
      "whole_boundary_map": [
        1,
        0,
        4,
        3,
        2
      ],
      "whole_color_map": [
        1,
        0,
        2,
        3
      ]
    },
    {
      "BASE_record_ids": [
        929
      ],
      "F_C_beta": [
        3
      ],
      "F_U_beta": [
        1,
        2
      ],
      "T4_retained": [
        929
      ],
      "beta_literal": "01201",
      "beta_q": 2,
      "classification": "subsequent source excluded",
      "final_retained": [],
      "ordered_actual_supports_after_transport": [
        [
          1,
          2,
          3,
          4
        ],
        [
          0,
          1,
          4
        ]
      ],
      "orientation": -1,
      "original_s_spoke": 0,
      "shift": 1,
      "whole_boundary_map": [
        1,
        0,
        4,
        3,
        2
      ],
      "whole_color_map": [
        1,
        0,
        2,
        3
      ]
    },
    {
      "BASE_record_ids": [
        987
      ],
      "F_C_beta": [
        0
      ],
      "F_U_beta": [
        1,
        3
      ],
      "T4_retained": [],
      "beta_literal": "01201",
      "beta_q": 2,
      "classification": "T4 excluded",
      "final_retained": [],
      "ordered_actual_supports_after_transport": [
        [
          0,
          1,
          2,
          4
        ],
        [
          2,
          3,
          4
        ]
      ],
      "orientation": 1,
      "original_s_spoke": 2,
      "shift": 2,
      "whole_boundary_map": [
        2,
        3,
        4,
        0,
        1
      ],
      "whole_color_map": [
        0,
        1,
        2,
        3
      ]
    },
    {
      "BASE_record_ids": [
        1320
      ],
      "F_C_beta": [
        1
      ],
      "F_U_beta": [
        0,
        3
      ],
      "T4_retained": [
        1320
      ],
      "beta_literal": "01201",
      "beta_q": 2,
      "classification": "subsequent source excluded",
      "final_retained": [],
      "ordered_actual_supports_after_transport": [
        [
          0,
          1,
          2,
          4
        ],
        [
          2,
          3,
          4
        ]
      ],
      "orientation": 1,
      "original_s_spoke": 2,
      "shift": 2,
      "whole_boundary_map": [
        2,
        3,
        4,
        0,
        1
      ],
      "whole_color_map": [
        0,
        1,
        2,
        3
      ]
    },
    {
      "BASE_record_ids": [
        1521
      ],
      "F_C_beta": [
        3
      ],
      "F_U_beta": [
        0,
        1
      ],
      "T4_retained": [
        1521
      ],
      "beta_literal": "01201",
      "beta_q": 2,
      "classification": "subsequent source excluded",
      "final_retained": [],
      "ordered_actual_supports_after_transport": [
        [
          0,
          1,
          2,
          4
        ],
        [
          2,
          3,
          4
        ]
      ],
      "orientation": 1,
      "original_s_spoke": 2,
      "shift": 2,
      "whole_boundary_map": [
        2,
        3,
        4,
        0,
        1
      ],
      "whole_color_map": [
        0,
        1,
        2,
        3
      ]
    },
    {
      "BASE_record_ids": [
        511
      ],
      "F_C_beta": [
        1
      ],
      "F_U_beta": [
        2,
        3
      ],
      "T4_retained": [
        511
      ],
      "beta_literal": "01021",
      "beta_q": 3,
      "classification": "final retained necessary query",
      "final_retained": [
        511
      ],
      "ordered_actual_supports_after_transport": [
        [
          0,
          1,
          3,
          4
        ],
        [
          1,
          2,
          3
        ]
      ],
      "orientation": 1,
      "original_s_spoke": 0,
      "shift": 1,
      "whole_boundary_map": [
        1,
        2,
        3,
        4,
        0
      ],
      "whole_color_map": [
        1,
        0,
        2,
        3
      ]
    },
    {
      "BASE_record_ids": [],
      "F_C_beta": [
        2
      ],
      "F_U_beta": [
        1,
        3
      ],
      "T4_retained": [],
      "beta_literal": "01021",
      "beta_q": 3,
      "classification": "no initial necessary-table match",
      "final_retained": [],
      "ordered_actual_supports_after_transport": [
        [
          0,
          1,
          3,
          4
        ],
        [
          1,
          2,
          3
        ]
      ],
      "orientation": 1,
      "original_s_spoke": 0,
      "shift": 1,
      "whole_boundary_map": [
        1,
        2,
        3,
        4,
        0
      ],
      "whole_color_map": [
        1,
        0,
        2,
        3
      ]
    },
    {
      "BASE_record_ids": [],
      "F_C_beta": [
        3
      ],
      "F_U_beta": [
        1,
        2
      ],
      "T4_retained": [],
      "beta_literal": "01021",
      "beta_q": 3,
      "classification": "no initial necessary-table match",
      "final_retained": [],
      "ordered_actual_supports_after_transport": [
        [
          0,
          1,
          3,
          4
        ],
        [
          1,
          2,
          3
        ]
      ],
      "orientation": 1,
      "original_s_spoke": 0,
      "shift": 1,
      "whole_boundary_map": [
        1,
        2,
        3,
        4,
        0
      ],
      "whole_color_map": [
        1,
        0,
        2,
        3
      ]
    },
    {
      "BASE_record_ids": [
        90
      ],
      "F_C_beta": [
        1
      ],
      "F_U_beta": [
        2,
        3
      ],
      "T4_retained": [
        90
      ],
      "beta_literal": "01021",
      "beta_q": 3,
      "classification": "final retained necessary query",
      "final_retained": [
        90
      ],
      "ordered_actual_supports_after_transport": [
        [
          0,
          2,
          3,
          4
        ],
        [
          0,
          1,
          2
        ]
      ],
      "orientation": -1,
      "original_s_spoke": 2,
      "shift": 2,
      "whole_boundary_map": [
        2,
        1,
        0,
        4,
        3
      ],
      "whole_color_map": [
        0,
        1,
        2,
        3
      ]
    },
    {
      "BASE_record_ids": [],
      "F_C_beta": [
        2
      ],
      "F_U_beta": [
        1,
        3
      ],
      "T4_retained": [],
      "beta_literal": "01021",
      "beta_q": 3,
      "classification": "no initial necessary-table match",
      "final_retained": [],
      "ordered_actual_supports_after_transport": [
        [
          0,
          2,
          3,
          4
        ],
        [
          0,
          1,
          2
        ]
      ],
      "orientation": -1,
      "original_s_spoke": 2,
      "shift": 2,
      "whole_boundary_map": [
        2,
        1,
        0,
        4,
        3
      ],
      "whole_color_map": [
        0,
        1,
        2,
        3
      ]
    },
    {
      "BASE_record_ids": [],
      "F_C_beta": [
        3
      ],
      "F_U_beta": [
        1,
        2
      ],
      "T4_retained": [],
      "beta_literal": "01021",
      "beta_q": 3,
      "classification": "no initial necessary-table match",
      "final_retained": [],
      "ordered_actual_supports_after_transport": [
        [
          0,
          2,
          3,
          4
        ],
        [
          0,
          1,
          2
        ]
      ],
      "orientation": -1,
      "original_s_spoke": 2,
      "shift": 2,
      "whole_boundary_map": [
        2,
        1,
        0,
        4,
        3
      ],
      "whole_color_map": [
        0,
        1,
        2,
        3
      ]
    },
    {
      "BASE_record_ids": [
        90
      ],
      "F_C_beta": [
        1
      ],
      "F_U_beta": [
        2,
        3
      ],
      "T4_retained": [
        90
      ],
      "beta_literal": "01012",
      "beta_q": 4,
      "classification": "final retained necessary query",
      "final_retained": [
        90
      ],
      "ordered_actual_supports_after_transport": [
        [
          0,
          2,
          3,
          4
        ],
        [
          0,
          1,
          2
        ]
      ],
      "orientation": 1,
      "original_s_spoke": 0,
      "shift": 0,
      "whole_boundary_map": [
        0,
        1,
        2,
        3,
        4
      ],
      "whole_color_map": [
        0,
        1,
        2,
        3
      ]
    },
    {
      "BASE_record_ids": [],
      "F_C_beta": [
        2
      ],
      "F_U_beta": [
        1,
        3
      ],
      "T4_retained": [],
      "beta_literal": "01012",
      "beta_q": 4,
      "classification": "no initial necessary-table match",
      "final_retained": [],
      "ordered_actual_supports_after_transport": [
        [
          0,
          2,
          3,
          4
        ],
        [
          0,
          1,
          2
        ]
      ],
      "orientation": 1,
      "original_s_spoke": 0,
      "shift": 0,
      "whole_boundary_map": [
        0,
        1,
        2,
        3,
        4
      ],
      "whole_color_map": [
        0,
        1,
        2,
        3
      ]
    },
    {
      "BASE_record_ids": [],
      "F_C_beta": [
        3
      ],
      "F_U_beta": [
        1,
        2
      ],
      "T4_retained": [],
      "beta_literal": "01012",
      "beta_q": 4,
      "classification": "no initial necessary-table match",
      "final_retained": [],
      "ordered_actual_supports_after_transport": [
        [
          0,
          2,
          3,
          4
        ],
        [
          0,
          1,
          2
        ]
      ],
      "orientation": 1,
      "original_s_spoke": 0,
      "shift": 0,
      "whole_boundary_map": [
        0,
        1,
        2,
        3,
        4
      ],
      "whole_color_map": [
        0,
        1,
        2,
        3
      ]
    },
    {
      "BASE_record_ids": [
        511
      ],
      "F_C_beta": [
        1
      ],
      "F_U_beta": [
        2,
        3
      ],
      "T4_retained": [
        511
      ],
      "beta_literal": "01012",
      "beta_q": 4,
      "classification": "final retained necessary query",
      "final_retained": [
        511
      ],
      "ordered_actual_supports_after_transport": [
        [
          0,
          1,
          3,
          4
        ],
        [
          1,
          2,
          3
        ]
      ],
      "orientation": -1,
      "original_s_spoke": 2,
      "shift": 3,
      "whole_boundary_map": [
        3,
        2,
        1,
        0,
        4
      ],
      "whole_color_map": [
        1,
        0,
        2,
        3
      ]
    },
    {
      "BASE_record_ids": [],
      "F_C_beta": [
        2
      ],
      "F_U_beta": [
        1,
        3
      ],
      "T4_retained": [],
      "beta_literal": "01012",
      "beta_q": 4,
      "classification": "no initial necessary-table match",
      "final_retained": [],
      "ordered_actual_supports_after_transport": [
        [
          0,
          1,
          3,
          4
        ],
        [
          1,
          2,
          3
        ]
      ],
      "orientation": -1,
      "original_s_spoke": 2,
      "shift": 3,
      "whole_boundary_map": [
        3,
        2,
        1,
        0,
        4
      ],
      "whole_color_map": [
        1,
        0,
        2,
        3
      ]
    },
    {
      "BASE_record_ids": [],
      "F_C_beta": [
        3
      ],
      "F_U_beta": [
        1,
        2
      ],
      "T4_retained": [],
      "beta_literal": "01012",
      "beta_q": 4,
      "classification": "no initial necessary-table match",
      "final_retained": [],
      "ordered_actual_supports_after_transport": [
        [
          0,
          1,
          3,
          4
        ],
        [
          1,
          2,
          3
        ]
      ],
      "orientation": -1,
      "original_s_spoke": 2,
      "shift": 3,
      "whole_boundary_map": [
        3,
        2,
        1,
        0,
        4
      ],
      "whole_color_map": [
        1,
        0,
        2,
        3
      ]
    }
  ],
  "query_counts": {
    "T4 excluded": 4,
    "final retained necessary query": 4,
    "no initial necessary-table match": 12,
    "subsequent source excluded": 10
  },
  "schedule_counts": {
    "raw": 28,
    "remaining": 24,
    "restoration_excluded": 4
  },
  "schedules": [
    {
      "Delta": [
        0,
        1
      ],
      "F_C_beta": [
        1
      ],
      "F_U_beta": [
        2,
        3
      ],
      "QG": [
        0,
        1,
        3
      ],
      "QX": [
        3
      ],
      "SigmaG_orbit": 941,
      "all_Delta_X_lifts_required_r": {
        "0": 2,
        "1": 2
      },
      "beta_literal": "01021",
      "beta_q": 3,
      "original_e": "rb4",
      "original_r_split": [
        2,
        2
      ],
      "reason": "same-source r-fibre obligation remains",
      "restoration_excluded": false,
      "s_spoke_domain": [
        [
          0
        ],
        [
          2
        ]
      ],
      "t_s": 1
    },
    {
      "Delta": [
        0,
        2
      ],
      "F_C_beta": [
        1
      ],
      "F_U_beta": [
        2,
        3
      ],
      "QG": [
        0,
        2,
        3
      ],
      "QX": [
        3
      ],
      "SigmaG_orbit": 941,
      "all_Delta_X_lifts_required_r": {
        "0": 2,
        "2": 1
      },
      "beta_literal": "01021",
      "beta_q": 3,
      "original_e": "rb4",
      "original_r_split": [
        2,
        2
      ],
      "reason": "same-source r-fibre obligation remains",
      "restoration_excluded": false,
      "s_spoke_domain": [
        [
          0
        ],
        [
          2
        ]
      ],
      "t_s": 1
    },
    {
      "Delta": [
        0,
        2
      ],
      "F_C_beta": [
        1
      ],
      "F_U_beta": [
        2,
        3
      ],
      "QG": [
        0,
        2,
        4
      ],
      "QX": [
        4
      ],
      "SigmaG_orbit": 941,
      "all_Delta_X_lifts_required_r": {
        "0": 2,
        "2": 1
      },
      "beta_literal": "01012",
      "beta_q": 4,
      "original_e": "rb4",
      "original_r_split": [
        2,
        2
      ],
      "reason": "same-source r-fibre obligation remains",
      "restoration_excluded": false,
      "s_spoke_domain": [
        [
          0
        ],
        [
          2
        ]
      ],
      "t_s": 1
    },
    {
      "Delta": [
        1,
        2
      ],
      "F_C_beta": [
        1
      ],
      "F_U_beta": [
        2,
        3
      ],
      "QG": [
        1,
        2,
        4
      ],
      "QX": [
        4
      ],
      "SigmaG_orbit": 941,
      "all_Delta_X_lifts_required_r": {
        "1": 2,
        "2": 1
      },
      "beta_literal": "01012",
      "beta_q": 4,
      "original_e": "rb4",
      "original_r_split": [
        2,
        2
      ],
      "reason": "same-source r-fibre obligation remains",
      "restoration_excluded": false,
      "s_spoke_domain": [
        [
          0
        ],
        [
          2
        ]
      ],
      "t_s": 1
    },
    {
      "Delta": [
        1,
        4
      ],
      "F_C_beta": [
        1
      ],
      "F_U_beta": [
        2,
        3
      ],
      "QG": [
        1,
        3,
        4
      ],
      "QX": [
        3
      ],
      "SigmaG_orbit": 941,
      "all_Delta_X_lifts_required_r": {
        "1": 2,
        "4": 2
      },
      "beta_literal": "01021",
      "beta_q": 3,
      "original_e": "rb4",
      "original_r_split": [
        2,
        2
      ],
      "reason": "same-source r-fibre obligation remains",
      "restoration_excluded": false,
      "s_spoke_domain": [
        [
          0
        ],
        [
          2
        ]
      ],
      "t_s": 1
    },
    {
      "Delta": [
        1,
        3
      ],
      "F_C_beta": [
        1
      ],
      "F_U_beta": [
        2,
        3
      ],
      "QG": [
        1,
        3,
        4
      ],
      "QX": [
        4
      ],
      "SigmaG_orbit": 941,
      "all_Delta_X_lifts_required_r": {
        "1": 2,
        "3": 1
      },
      "beta_literal": "01012",
      "beta_q": 4,
      "original_e": "rb4",
      "original_r_split": [
        2,
        2
      ],
      "reason": "same-source r-fibre obligation remains",
      "restoration_excluded": false,
      "s_spoke_domain": [
        [
          0
        ],
        [
          2
        ]
      ],
      "t_s": 1
    },
    {
      "Delta": [
        0,
        1,
        2
      ],
      "F_C_beta": [
        1
      ],
      "F_U_beta": [
        2,
        3
      ],
      "QG": [
        0,
        1,
        2,
        3
      ],
      "QX": [
        3
      ],
      "SigmaG_orbit": 933,
      "all_Delta_X_lifts_required_r": {
        "0": 2,
        "1": 2,
        "2": 1
      },
      "beta_literal": "01021",
      "beta_q": 3,
      "original_e": "rb4",
      "original_r_split": [
        2,
        2
      ],
      "reason": "same-source r-fibre obligation remains",
      "restoration_excluded": false,
      "s_spoke_domain": [
        [
          0
        ],
        [
          2
        ]
      ],
      "t_s": 1
    },
    {
      "Delta": [
        0,
        1,
        2
      ],
      "F_C_beta": [
        1
      ],
      "F_U_beta": [
        2,
        3
      ],
      "QG": [
        0,
        1,
        2,
        4
      ],
      "QX": [
        4
      ],
      "SigmaG_orbit": 933,
      "all_Delta_X_lifts_required_r": {
        "0": 2,
        "1": 2,
        "2": 1
      },
      "beta_literal": "01012",
      "beta_q": 4,
      "original_e": "rb4",
      "original_r_split": [
        2,
        2
      ],
      "reason": "same-source r-fibre obligation remains",
      "restoration_excluded": false,
      "s_spoke_domain": [
        [
          0
        ],
        [
          2
        ]
      ],
      "t_s": 1
    },
    {
      "Delta": [
        0,
        1,
        4
      ],
      "F_C_beta": [
        1
      ],
      "F_U_beta": [
        2,
        3
      ],
      "QG": [
        0,
        1,
        3,
        4
      ],
      "QX": [
        3
      ],
      "SigmaG_orbit": 933,
      "all_Delta_X_lifts_required_r": {
        "0": 2,
        "1": 2,
        "4": 2
      },
      "beta_literal": "01021",
      "beta_q": 3,
      "original_e": "rb4",
      "original_r_split": [
        2,
        2
      ],
      "reason": "same-source r-fibre obligation remains",
      "restoration_excluded": false,
      "s_spoke_domain": [
        [
          0
        ],
        [
          2
        ]
      ],
      "t_s": 1
    },
    {
      "Delta": [
        0,
        1,
        3
      ],
      "F_C_beta": [
        1
      ],
      "F_U_beta": [
        2,
        3
      ],
      "QG": [
        0,
        1,
        3,
        4
      ],
      "QX": [
        4
      ],
      "SigmaG_orbit": 933,
      "all_Delta_X_lifts_required_r": {
        "0": 2,
        "1": 2,
        "3": 1
      },
      "beta_literal": "01012",
      "beta_q": 4,
      "original_e": "rb4",
      "original_r_split": [
        2,
        2
      ],
      "reason": "same-source r-fibre obligation remains",
      "restoration_excluded": false,
      "s_spoke_domain": [
        [
          0
        ],
        [
          2
        ]
      ],
      "t_s": 1
    },
    {
      "Delta": [
        0,
        2,
        4
      ],
      "F_C_beta": [
        1
      ],
      "F_U_beta": [
        2,
        3
      ],
      "QG": [
        0,
        2,
        3,
        4
      ],
      "QX": [
        3
      ],
      "SigmaG_orbit": 933,
      "all_Delta_X_lifts_required_r": {
        "0": 2,
        "2": 1,
        "4": 2
      },
      "beta_literal": "01021",
      "beta_q": 3,
      "original_e": "rb4",
      "original_r_split": [
        2,
        2
      ],
      "reason": "same-source r-fibre obligation remains",
      "restoration_excluded": false,
      "s_spoke_domain": [
        [
          0
        ],
        [
          2
        ]
      ],
      "t_s": 1
    },
    {
      "Delta": [
        0,
        2,
        3
      ],
      "F_C_beta": [
        1
      ],
      "F_U_beta": [
        2,
        3
      ],
      "QG": [
        0,
        2,
        3,
        4
      ],
      "QX": [
        4
      ],
      "SigmaG_orbit": 933,
      "all_Delta_X_lifts_required_r": {
        "0": 2,
        "2": 1,
        "3": 1
      },
      "beta_literal": "01012",
      "beta_q": 4,
      "original_e": "rb4",
      "original_r_split": [
        2,
        2
      ],
      "reason": "same-source r-fibre obligation remains",
      "restoration_excluded": false,
      "s_spoke_domain": [
        [
          0
        ],
        [
          2
        ]
      ],
      "t_s": 1
    },
    {
      "Delta": [
        1,
        2,
        4
      ],
      "F_C_beta": [
        1
      ],
      "F_U_beta": [
        2,
        3
      ],
      "QG": [
        1,
        2,
        3,
        4
      ],
      "QX": [
        3
      ],
      "SigmaG_orbit": 933,
      "all_Delta_X_lifts_required_r": {
        "1": 2,
        "2": 1,
        "4": 2
      },
      "beta_literal": "01021",
      "beta_q": 3,
      "original_e": "rb4",
      "original_r_split": [
        2,
        2
      ],
      "reason": "same-source r-fibre obligation remains",
      "restoration_excluded": false,
      "s_spoke_domain": [
        [
          0
        ],
        [
          2
        ]
      ],
      "t_s": 1
    },
    {
      "Delta": [
        1,
        2,
        3
      ],
      "F_C_beta": [
        1
      ],
      "F_U_beta": [
        2,
        3
      ],
      "QG": [
        1,
        2,
        3,
        4
      ],
      "QX": [
        4
      ],
      "SigmaG_orbit": 933,
      "all_Delta_X_lifts_required_r": {
        "1": 2,
        "2": 1,
        "3": 1
      },
      "beta_literal": "01012",
      "beta_q": 4,
      "original_e": "rb4",
      "original_r_split": [
        2,
        2
      ],
      "reason": "same-source r-fibre obligation remains",
      "restoration_excluded": false,
      "s_spoke_domain": [
        [
          0
        ],
        [
          2
        ]
      ],
      "t_s": 1
    },
    {
      "Delta": [
        1,
        3
      ],
      "F_C_beta": [
        3
      ],
      "F_U_beta": [
        1
      ],
      "QG": [
        0,
        1,
        3
      ],
      "QX": [
        0
      ],
      "SigmaG_orbit": 941,
      "all_Delta_X_lifts_required_r": {
        "1": 2,
        "3": 1
      },
      "beta_literal": "01212",
      "beta_q": 0,
      "original_e": "rb4",
      "original_r_split": [
        2,
        2
      ],
      "reason": "q0->q1 restores rb4 and q1 is originally rejected",
      "restoration_excluded": true,
      "s_spoke_domain": [
        [
          0,
          2
        ]
      ],
      "t_s": 2
    },
    {
      "Delta": [
        2,
        3
      ],
      "F_C_beta": [
        3
      ],
      "F_U_beta": [
        1
      ],
      "QG": [
        0,
        2,
        3
      ],
      "QX": [
        0
      ],
      "SigmaG_orbit": 941,
      "all_Delta_X_lifts_required_r": {
        "2": 1,
        "3": 1
      },
      "beta_literal": "01212",
      "beta_q": 0,
      "original_e": "rb4",
      "original_r_split": [
        2,
        2
      ],
      "reason": "same-source r-fibre obligation remains",
      "restoration_excluded": false,
      "s_spoke_domain": [
        [
          0,
          2
        ]
      ],
      "t_s": 2
    },
    {
      "Delta": [
        0,
        3
      ],
      "F_C_beta": [
        3
      ],
      "F_U_beta": [
        1
      ],
      "QG": [
        0,
        2,
        3
      ],
      "QX": [
        2
      ],
      "SigmaG_orbit": 941,
      "all_Delta_X_lifts_required_r": {
        "0": 2,
        "3": 1
      },
      "beta_literal": "01201",
      "beta_q": 2,
      "original_e": "rb4",
      "original_r_split": [
        2,
        2
      ],
      "reason": "same-source r-fibre obligation remains",
      "restoration_excluded": false,
      "s_spoke_domain": [
        [
          0,
          2
        ]
      ],
      "t_s": 2
    },
    {
      "Delta": [
        2,
        4
      ],
      "F_C_beta": [
        3
      ],
      "F_U_beta": [
        1
      ],
      "QG": [
        0,
        2,
        4
      ],
      "QX": [
        0
      ],
      "SigmaG_orbit": 941,
      "all_Delta_X_lifts_required_r": {
        "2": 1,
        "4": 2
      },
      "beta_literal": "01212",
      "beta_q": 0,
      "original_e": "rb4",
      "original_r_split": [
        2,
        2
      ],
      "reason": "same-source r-fibre obligation remains",
      "restoration_excluded": false,
      "s_spoke_domain": [
        [
          0,
          2
        ]
      ],
      "t_s": 2
    },
    {
      "Delta": [
        0,
        4
      ],
      "F_C_beta": [
        3
      ],
      "F_U_beta": [
        1
      ],
      "QG": [
        0,
        2,
        4
      ],
      "QX": [
        2
      ],
      "SigmaG_orbit": 941,
      "all_Delta_X_lifts_required_r": {
        "0": 2,
        "4": 2
      },
      "beta_literal": "01201",
      "beta_q": 2,
      "original_e": "rb4",
      "original_r_split": [
        2,
        2
      ],
      "reason": "same-source r-fibre obligation remains",
      "restoration_excluded": false,
      "s_spoke_domain": [
        [
          0,
          2
        ]
      ],
      "t_s": 2
    },
    {
      "Delta": [
        1,
        4
      ],
      "F_C_beta": [
        3
      ],
      "F_U_beta": [
        1
      ],
      "QG": [
        1,
        2,
        4
      ],
      "QX": [
        2
      ],
      "SigmaG_orbit": 941,
      "all_Delta_X_lifts_required_r": {
        "1": 2,
        "4": 2
      },
      "beta_literal": "01201",
      "beta_q": 2,
      "original_e": "rb4",
      "original_r_split": [
        2,
        2
      ],
      "reason": "same-source r-fibre obligation remains",
      "restoration_excluded": false,
      "s_spoke_domain": [
        [
          0,
          2
        ]
      ],
      "t_s": 2
    },
    {
      "Delta": [
        1,
        2,
        3
      ],
      "F_C_beta": [
        3
      ],
      "F_U_beta": [
        1
      ],
      "QG": [
        0,
        1,
        2,
        3
      ],
      "QX": [
        0
      ],
      "SigmaG_orbit": 933,
      "all_Delta_X_lifts_required_r": {
        "1": 2,
        "2": 1,
        "3": 1
      },
      "beta_literal": "01212",
      "beta_q": 0,
      "original_e": "rb4",
      "original_r_split": [
        2,
        2
      ],
      "reason": "q0->q1 restores rb4 and q1 is originally rejected",
      "restoration_excluded": true,
      "s_spoke_domain": [
        [
          0,
          2
        ]
      ],
      "t_s": 2
    },
    {
      "Delta": [
        0,
        1,
        3
      ],
      "F_C_beta": [
        3
      ],
      "F_U_beta": [
        1
      ],
      "QG": [
        0,
        1,
        2,
        3
      ],
      "QX": [
        2
      ],
      "SigmaG_orbit": 933,
      "all_Delta_X_lifts_required_r": {
        "0": 2,
        "1": 2,
        "3": 1
      },
      "beta_literal": "01201",
      "beta_q": 2,
      "original_e": "rb4",
      "original_r_split": [
        2,
        2
      ],
      "reason": "same-source r-fibre obligation remains",
      "restoration_excluded": false,
      "s_spoke_domain": [
        [
          0,
          2
        ]
      ],
      "t_s": 2
    },
    {
      "Delta": [
        1,
        2,
        4
      ],
      "F_C_beta": [
        3
      ],
      "F_U_beta": [
        1
      ],
      "QG": [
        0,
        1,
        2,
        4
      ],
      "QX": [
        0
      ],
      "SigmaG_orbit": 933,
      "all_Delta_X_lifts_required_r": {
        "1": 2,
        "2": 1,
        "4": 2
      },
      "beta_literal": "01212",
      "beta_q": 0,
      "original_e": "rb4",
      "original_r_split": [
        2,
        2
      ],
      "reason": "q0->q1 restores rb4 and q1 is originally rejected",
      "restoration_excluded": true,
      "s_spoke_domain": [
        [
          0,
          2
        ]
      ],
      "t_s": 2
    },
    {
      "Delta": [
        0,
        1,
        4
      ],
      "F_C_beta": [
        3
      ],
      "F_U_beta": [
        1
      ],
      "QG": [
        0,
        1,
        2,
        4
      ],
      "QX": [
        2
      ],
      "SigmaG_orbit": 933,
      "all_Delta_X_lifts_required_r": {
        "0": 2,
        "1": 2,
        "4": 2
      },
      "beta_literal": "01201",
      "beta_q": 2,
      "original_e": "rb4",
      "original_r_split": [
        2,
        2
      ],
      "reason": "same-source r-fibre obligation remains",
      "restoration_excluded": false,
      "s_spoke_domain": [
        [
          0,
          2
        ]
      ],
      "t_s": 2
    },
    {
      "Delta": [
        1,
        3,
        4
      ],
      "F_C_beta": [
        3
      ],
      "F_U_beta": [
        1
      ],
      "QG": [
        0,
        1,
        3,
        4
      ],
      "QX": [
        0
      ],
      "SigmaG_orbit": 933,
      "all_Delta_X_lifts_required_r": {
        "1": 2,
        "3": 1,
        "4": 2
      },
      "beta_literal": "01212",
      "beta_q": 0,
      "original_e": "rb4",
      "original_r_split": [
        2,
        2
      ],
      "reason": "q0->q1 restores rb4 and q1 is originally rejected",
      "restoration_excluded": true,
      "s_spoke_domain": [
        [
          0,
          2
        ]
      ],
      "t_s": 2
    },
    {
      "Delta": [
        2,
        3,
        4
      ],
      "F_C_beta": [
        3
      ],
      "F_U_beta": [
        1
      ],
      "QG": [
        0,
        2,
        3,
        4
      ],
      "QX": [
        0
      ],
      "SigmaG_orbit": 933,
      "all_Delta_X_lifts_required_r": {
        "2": 1,
        "3": 1,
        "4": 2
      },
      "beta_literal": "01212",
      "beta_q": 0,
      "original_e": "rb4",
      "original_r_split": [
        2,
        2
      ],
      "reason": "same-source r-fibre obligation remains",
      "restoration_excluded": false,
      "s_spoke_domain": [
        [
          0,
          2
        ]
      ],
      "t_s": 2
    },
    {
      "Delta": [
        0,
        3,
        4
      ],
      "F_C_beta": [
        3
      ],
      "F_U_beta": [
        1
      ],
      "QG": [
        0,
        2,
        3,
        4
      ],
      "QX": [
        2
      ],
      "SigmaG_orbit": 933,
      "all_Delta_X_lifts_required_r": {
        "0": 2,
        "3": 1,
        "4": 2
      },
      "beta_literal": "01201",
      "beta_q": 2,
      "original_e": "rb4",
      "original_r_split": [
        2,
        2
      ],
      "reason": "same-source r-fibre obligation remains",
      "restoration_excluded": false,
      "s_spoke_domain": [
        [
          0,
          2
        ]
      ],
      "t_s": 2
    },
    {
      "Delta": [
        1,
        3,
        4
      ],
      "F_C_beta": [
        3
      ],
      "F_U_beta": [
        1
      ],
      "QG": [
        1,
        2,
        3,
        4
      ],
      "QX": [
        2
      ],
      "SigmaG_orbit": 933,
      "all_Delta_X_lifts_required_r": {
        "1": 2,
        "3": 1,
        "4": 2
      },
      "beta_literal": "01201",
      "beta_q": 2,
      "original_e": "rb4",
      "original_r_split": [
        2,
        2
      ],
      "reason": "same-source r-fibre obligation remains",
      "restoration_excluded": false,
      "s_spoke_domain": [
        [
          0,
          2
        ]
      ],
      "t_s": 2
    }
  ],
  "scope": "necessary-domain arithmetic only",
  "status": "triggered and holds"
}
