{
  "base": "f2692089ad4259808e27d9b7e882ac09505b180a",
  "results": [
    {
      "BASE_live_frozen_inputs": 18,
      "certificate_sha256": null,
      "delivery_sha256": "13532f13ff6ca1ef1954d840365aef1de69dbef250707bb1c4efa6fd0c16a15f",
      "directories": 13,
      "external_pins": [
        {
          "bytes": 164927,
          "declared_url": "https://iuuk.mff.cuni.cz/~rakdver/barevnost/gallai.pdf",
          "origin_refetched": false,
          "path": "frozen/external/gallai.pdf",
          "sha256": "50e998fcb016418698ef31b932c6c2e728007f5e3b3348b93744781196ac1aea"
        }
      ],
      "extra_files": 0,
      "historical_drafts_in_payload": [],
      "missing_artifact": {
        "BASE_missing_blob_exit": 128,
        "BASE_missing_blob_stderr": "fatal: path 'artifacts/c5_no_spoke_exterior/observations.json' exists on disk, but not in 'f2692089ad4259808e27d9b7e882ac09505b180a'\n",
        "authority_admitted": false,
        "id": "SOURCE-ARTIFACT-NOT-IN-BASE",
        "path": "artifacts/c5_no_spoke_exterior/observations.json",
        "quarantine_matches_current_live": true
      },
      "missing_files": 0,
      "payload_bytes": 3000959,
      "payload_files": 51,
      "precise_metadata_exclusions": [
        "delivery.json",
        "seal-receipt.json"
      ],
      "regular_files": 53,
      "report_sha256": "052dec22898f9ab51169b40a2901affc68ff3028bd12854cc09a8614431f8d7c",
      "special_files": 0,
      "status": "passes",
      "symlinks": 0,
      "target_tree_changed": false,
      "task": "direct"
    },
    {
      "BASE_live_frozen_inputs": 58,
      "certificate_sha256": "e06951edd8150a4f70de270fada08239799dd9ac61fb4fb3552755e667dddd93",
      "delivery_sha256": "5ef4df9be39637f68bde661d2b724eb9ab7671754dea588938093e76abced0ab",
      "directories": 18,
      "external_pins": [
        {
          "bytes": 164927,
          "declared_url": "https://iuuk.mff.cuni.cz/~rakdver/barevnost/gallai.pdf",
          "origin_refetched": false,
          "path": "external/gallai.pdf",
          "sha256": "50e998fcb016418698ef31b932c6c2e728007f5e3b3348b93744781196ac1aea"
        }
      ],
      "extra_files": 0,
      "historical_drafts_in_payload": [
        "inputs-initial.json",
        "metadata-initial/claims.json",
        "metadata-initial/obligations.json",
        "metadata-initial/reviews.json"
      ],
      "missing_artifact": {
        "BASE_missing_blob_exit": 128,
        "BASE_missing_blob_stderr": "fatal: path 'artifacts/c5_single_spoke_residual_locality/observations.json' exists on disk, but not in 'f2692089ad4259808e27d9b7e882ac09505b180a'\n",
        "authority_admitted": false,
        "historical_physical_hash_matches_current_live": true,
        "id": "BASE-FINAL-JSON-MISSING",
        "path": "artifacts/c5_single_spoke_residual_locality/observations.json"
      },
      "missing_files": 0,
      "payload_bytes": 55949264,
      "payload_files": 846,
      "precise_metadata_exclusions": [
        "delivery.json"
      ],
      "regular_files": 847,
      "report_sha256": "68f26177e3ecf1b144eb21b3c8fc25fd89fe66b40832a6b5df89a168c630da90",
      "special_files": 0,
      "status": "passes",
      "symlinks": 0,
      "target_tree_changed": false,
      "task": "fibre"
    }
  ],
  "scope": "byte custody/provenance only; no mathematical proof"
}
